Archive member included to satisfy reference by file (symbol)

/opt/gcc-arm-none-eabi-6-2017-q2-update/bin/../lib/gcc/arm-none-eabi/6.3.1/../../../../arm-none-eabi/lib/thumb/v7e-m/fpv4-sp/hard/libc_nano.a(lib_a-atoi.o)
                              build/finsh_token.o (atoi)
/opt/gcc-arm-none-eabi-6-2017-q2-update/bin/../lib/gcc/arm-none-eabi/6.3.1/../../../../arm-none-eabi/lib/thumb/v7e-m/fpv4-sp/hard/libc_nano.a(lib_a-exit.o)
                              /opt/gcc-arm-none-eabi-6-2017-q2-update/bin/../lib/gcc/arm-none-eabi/6.3.1/../../../../arm-none-eabi/lib/thumb/v7e-m/fpv4-sp/hard/crt0.o (exit)
/opt/gcc-arm-none-eabi-6-2017-q2-update/bin/../lib/gcc/arm-none-eabi/6.3.1/../../../../arm-none-eabi/lib/thumb/v7e-m/fpv4-sp/hard/libc_nano.a(lib_a-impure.o)
                              /opt/gcc-arm-none-eabi-6-2017-q2-update/bin/../lib/gcc/arm-none-eabi/6.3.1/../../../../arm-none-eabi/lib/thumb/v7e-m/fpv4-sp/hard/libc_nano.a(lib_a-exit.o) (_global_impure_ptr)
/opt/gcc-arm-none-eabi-6-2017-q2-update/bin/../lib/gcc/arm-none-eabi/6.3.1/../../../../arm-none-eabi/lib/thumb/v7e-m/fpv4-sp/hard/libc_nano.a(lib_a-init.o)
                              /opt/gcc-arm-none-eabi-6-2017-q2-update/bin/../lib/gcc/arm-none-eabi/6.3.1/../../../../arm-none-eabi/lib/thumb/v7e-m/fpv4-sp/hard/crt0.o (__libc_init_array)
/opt/gcc-arm-none-eabi-6-2017-q2-update/bin/../lib/gcc/arm-none-eabi/6.3.1/../../../../arm-none-eabi/lib/thumb/v7e-m/fpv4-sp/hard/libc_nano.a(lib_a-memcmp.o)
                              build/shell.o (memcmp)
/opt/gcc-arm-none-eabi-6-2017-q2-update/bin/../lib/gcc/arm-none-eabi/6.3.1/../../../../arm-none-eabi/lib/thumb/v7e-m/fpv4-sp/hard/libc_nano.a(lib_a-memcpy-stub.o)
                              build/ringbuffer.o (memcpy)
/opt/gcc-arm-none-eabi-6-2017-q2-update/bin/../lib/gcc/arm-none-eabi/6.3.1/../../../../arm-none-eabi/lib/thumb/v7e-m/fpv4-sp/hard/libc_nano.a(lib_a-memset.o)
                              /opt/gcc-arm-none-eabi-6-2017-q2-update/bin/../lib/gcc/arm-none-eabi/6.3.1/../../../../arm-none-eabi/lib/thumb/v7e-m/fpv4-sp/hard/crt0.o (memset)
/opt/gcc-arm-none-eabi-6-2017-q2-update/bin/../lib/gcc/arm-none-eabi/6.3.1/../../../../arm-none-eabi/lib/thumb/v7e-m/fpv4-sp/hard/libc_nano.a(lib_a-strcmp.o)
                              build/finsh_token.o (strcmp)
/opt/gcc-arm-none-eabi-6-2017-q2-update/bin/../lib/gcc/arm-none-eabi/6.3.1/../../../../arm-none-eabi/lib/thumb/v7e-m/fpv4-sp/hard/libc_nano.a(lib_a-strcpy.o)
                              build/shell.o (strcpy)
/opt/gcc-arm-none-eabi-6-2017-q2-update/bin/../lib/gcc/arm-none-eabi/6.3.1/../../../../arm-none-eabi/lib/thumb/v7e-m/fpv4-sp/hard/libc_nano.a(lib_a-strlen.o)
                              build/finsh_node.o (strlen)
/opt/gcc-arm-none-eabi-6-2017-q2-update/bin/../lib/gcc/arm-none-eabi/6.3.1/../../../../arm-none-eabi/lib/thumb/v7e-m/fpv4-sp/hard/libc_nano.a(lib_a-strncmp.o)
                              build/cmd.o (strncmp)
/opt/gcc-arm-none-eabi-6-2017-q2-update/bin/../lib/gcc/arm-none-eabi/6.3.1/../../../../arm-none-eabi/lib/thumb/v7e-m/fpv4-sp/hard/libc_nano.a(lib_a-strncpy.o)
                              build/finsh_node.o (strncpy)
/opt/gcc-arm-none-eabi-6-2017-q2-update/bin/../lib/gcc/arm-none-eabi/6.3.1/../../../../arm-none-eabi/lib/thumb/v7e-m/fpv4-sp/hard/libc_nano.a(lib_a-strtol.o)
                              /opt/gcc-arm-none-eabi-6-2017-q2-update/bin/../lib/gcc/arm-none-eabi/6.3.1/../../../../arm-none-eabi/lib/thumb/v7e-m/fpv4-sp/hard/libc_nano.a(lib_a-atoi.o) (_strtol_r)
/opt/gcc-arm-none-eabi-6-2017-q2-update/bin/../lib/gcc/arm-none-eabi/6.3.1/../../../../arm-none-eabi/lib/thumb/v7e-m/fpv4-sp/hard/libc_nano.a(lib_a-locale.o)
                              /opt/gcc-arm-none-eabi-6-2017-q2-update/bin/../lib/gcc/arm-none-eabi/6.3.1/../../../../arm-none-eabi/lib/thumb/v7e-m/fpv4-sp/hard/libc_nano.a(lib_a-strtol.o) (__locale_ctype_ptr_l)
/opt/gcc-arm-none-eabi-6-2017-q2-update/bin/../lib/gcc/arm-none-eabi/6.3.1/../../../../arm-none-eabi/lib/thumb/v7e-m/fpv4-sp/hard/libc_nano.a(lib_a-mbtowc_r.o)
                              /opt/gcc-arm-none-eabi-6-2017-q2-update/bin/../lib/gcc/arm-none-eabi/6.3.1/../../../../arm-none-eabi/lib/thumb/v7e-m/fpv4-sp/hard/libc_nano.a(lib_a-locale.o) (__ascii_mbtowc)
/opt/gcc-arm-none-eabi-6-2017-q2-update/bin/../lib/gcc/arm-none-eabi/6.3.1/../../../../arm-none-eabi/lib/thumb/v7e-m/fpv4-sp/hard/libc_nano.a(lib_a-wctomb_r.o)
                              /opt/gcc-arm-none-eabi-6-2017-q2-update/bin/../lib/gcc/arm-none-eabi/6.3.1/../../../../arm-none-eabi/lib/thumb/v7e-m/fpv4-sp/hard/libc_nano.a(lib_a-locale.o) (__ascii_wctomb)
/opt/gcc-arm-none-eabi-6-2017-q2-update/bin/../lib/gcc/arm-none-eabi/6.3.1/../../../../arm-none-eabi/lib/thumb/v7e-m/fpv4-sp/hard/libc_nano.a(lib_a-ctype_.o)
                              /opt/gcc-arm-none-eabi-6-2017-q2-update/bin/../lib/gcc/arm-none-eabi/6.3.1/../../../../arm-none-eabi/lib/thumb/v7e-m/fpv4-sp/hard/libc_nano.a(lib_a-locale.o) (_ctype_)
[...]
Memory Configuration

Name             Origin             Length             Attributes
CODE             0x0000000008000000 0x0000000000100000 xr
RAM1             0x0000000020000000 0x0000000000030000 rw
RAM2             0x0000000010000000 0x0000000000010000 rw
*default*        0x0000000000000000 0xffffffffffffffff

Linker script and memory map

LOAD /opt/gcc-arm-none-eabi-6-2017-q2-update/bin/../lib/gcc/arm-none-eabi/6.3.1/thumb/v7e-m/fpv4-sp/hard/crti.o
LOAD /opt/gcc-arm-none-eabi-6-2017-q2-update/bin/../lib/gcc/arm-none-eabi/6.3.1/thumb/v7e-m/fpv4-sp/hard/crtbegin.o
LOAD /opt/gcc-arm-none-eabi-6-2017-q2-update/bin/../lib/gcc/arm-none-eabi/6.3.1/../../../../arm-none-eabi/lib/thumb/v7e-m/fpv4-sp/hard/crt0.o
LOAD build/board.o
LOAD build/beep.o
LOAD build/button.o
LOAD build/decode.o
LOAD build/key.o
LOAD build/font.o
LOAD build/ili9341.o
LOAD build/led.o
LOAD build/pcf8574.o
LOAD build/pcf8574_sample.o
LOAD build/player.o
LOAD build/serial.o
LOAD build/completion.o
LOAD build/dataqueue.o
LOAD build/pipe.o
LOAD build/ringblk_buf.o
LOAD build/ringbuffer.o
LOAD build/waitqueue.o
LOAD build/workqueue.o
LOAD build/cmd.o
LOAD build/finsh_compiler.o
LOAD build/finsh_error.o
LOAD build/finsh_heap.o
LOAD build/finsh_init.o
LOAD build/finsh_node.o
LOAD build/finsh_ops.o
LOAD build/finsh_parser.o
LOAD build/finsh_token.o
LOAD build/finsh_var.o
LOAD build/finsh_vm.o
LOAD build/msh.o
LOAD build/msh_file.o
LOAD build/shell.o
LOAD build/symbol.o
LOAD build/cpuport.o
LOAD build/clock.o
LOAD build/components.o
LOAD build/cpu.o
LOAD build/device.o
LOAD build/idle.o
LOAD build/ipc.o
LOAD build/irq.o
LOAD build/kservice.o
LOAD build/mem.o
LOAD build/memheap.o
LOAD build/mempool.o
LOAD build/object.o
LOAD build/scheduler.o
LOAD build/signal.o
LOAD build/slab.o
LOAD build/thread.o
LOAD build/timer.o
LOAD build/delay.o
LOAD build/sys.o
LOAD build/main.o
LOAD build/stm32f4xx_hal_msp.o
LOAD build/stm32f4xx_it.o
LOAD build/system_stm32f4xx.o
LOAD build/drv_gpio.o
LOAD build/drv_i2c.o
LOAD build/drv_usart.o
LOAD build/drv_pwm.o
LOAD build/pin.o
LOAD build/rt_drv_pwm.o
LOAD build/i2c-bit-ops.o
LOAD build/i2c_core.o
LOAD build/i2c_dev.o
LOAD build/stm32f4xx_hal_tim.o
LOAD build/stm32f4xx_hal_tim_ex.o
LOAD build/stm32f4xx_hal_rcc.o
LOAD build/stm32f4xx_hal_rcc_ex.o
LOAD build/stm32f4xx_hal_rtc.o
LOAD build/stm32f4xx_hal_flash.o
LOAD build/stm32f4xx_hal_flash_ex.o
LOAD build/stm32f4xx_hal_flash_ramfunc.o
LOAD build/stm32f4xx_hal_gpio.o
LOAD build/stm32f4xx_hal_dma.o
LOAD build/stm32f4xx_hal_pwr.o
LOAD build/stm32f4xx_hal_pwr_ex.o
LOAD build/stm32f4xx_hal_cortex.o
LOAD build/stm32f4xx_hal.o
LOAD build/stm32f4xx_hal_sram.o
LOAD build/stm32f4xx_ll_fmc.o
LOAD build/stm32f4xx_hal_uart.o
LOAD build/context_gcc.o
LOAD build/startup_stm32f429xx.o
LOAD /opt/gcc-arm-none-eabi-6-2017-q2-update/bin/../lib/gcc/arm-none-eabi/6.3.1/../../../../arm-none-eabi/lib/thumb/v7e-m/fpv4-sp/hard/libc_nano.a
LOAD /opt/gcc-arm-none-eabi-6-2017-q2-update/bin/../lib/gcc/arm-none-eabi/6.3.1/../../../../arm-none-eabi/lib/thumb/v7e-m/fpv4-sp/hard/libm.a
LOAD /opt/gcc-arm-none-eabi-6-2017-q2-update/bin/../lib/gcc/arm-none-eabi/6.3.1/../../../../arm-none-eabi/lib/thumb/v7e-m/fpv4-sp/hard/libnosys.a
START GROUP
LOAD /opt/gcc-arm-none-eabi-6-2017-q2-update/bin/../lib/gcc/arm-none-eabi/6.3.1/thumb/v7e-m/fpv4-sp/hard/libgcc.a
LOAD /opt/gcc-arm-none-eabi-6-2017-q2-update/bin/../lib/gcc/arm-none-eabi/6.3.1/../../../../arm-none-eabi/lib/thumb/v7e-m/fpv4-sp/hard/libc_nano.a
END GROUP
START GROUP
LOAD /opt/gcc-arm-none-eabi-6-2017-q2-update/bin/../lib/gcc/arm-none-eabi/6.3.1/thumb/v7e-m/fpv4-sp/hard/libgcc.a
LOAD /opt/gcc-arm-none-eabi-6-2017-q2-update/bin/../lib/gcc/arm-none-eabi/6.3.1/../../../../arm-none-eabi/lib/thumb/v7e-m/fpv4-sp/hard/libc_nano.a
END GROUP
LOAD /opt/gcc-arm-none-eabi-6-2017-q2-update/bin/../lib/gcc/arm-none-eabi/6.3.1/thumb/v7e-m/fpv4-sp/hard/crtend.o
LOAD /opt/gcc-arm-none-eabi-6-2017-q2-update/bin/../lib/gcc/arm-none-eabi/6.3.1/thumb/v7e-m/fpv4-sp/hard/crtn.o
                0x0000000000000200                _system_stack_size = 0x200

.text           0x0000000008000000    0x10028
                0x0000000008000000                . = ALIGN (0x4)
                0x0000000008000000                _stext = .
 *(.isr_vector)
 .isr_vector    0x0000000008000000      0x1ac build/startup_stm32f429xx.o
                0x0000000008000000                g_pfnVectors
                0x00000000080001ac                . = ALIGN (0x4)
 *(.text)
 .text          0x00000000080001ac       0x6c /opt/gcc-arm-none-eabi-6-2017-q2-update/bin/../lib/gcc/arm-none-eabi/6.3.1/thumb/v7e-m/fpv4-sp/hard/crtbegin.o
 .text          0x0000000008000218      0x138 build/context_gcc.o
                0x0000000008000218                rt_hw_interrupt_disable
                0x0000000008000220                rt_hw_interrupt_enable
                0x0000000008000226                rt_hw_context_switch_interrupt
                0x0000000008000226                rt_hw_context_switch
                0x0000000008000246                PendSV_Handler
                0x00000000080002b2                rt_hw_context_switch_to
                0x00000000080002fa                rt_hw_interrupt_thread_switch
                0x00000000080002fe                HardFault_Handler
 .text          0x0000000008000350       0x10 /opt/gcc-arm-none-eabi-6-2017-q2-update/bin/../lib/gcc/arm-none-eabi/6.3.1/../../../../arm-none-eabi/lib/thumb/v7e-m/fpv4-sp/hard/libc_nano.a(lib_a-strlen.o)
                0x0000000008000350                strlen
 .text          0x0000000008000360       0x30 /opt/gcc-arm-none-eabi-6-2017-q2-update/bin/../lib/gcc/arm-none-eabi/6.3.1/thumb/v7e-m/fpv4-sp/hard/libgcc.a(_aeabi_uldivmod.o)
                0x0000000008000360                __aeabi_uldivmod
 .text          0x0000000008000390      0x2dc /opt/gcc-arm-none-eabi-6-2017-q2-update/bin/../lib/gcc/arm-none-eabi/6.3.1/thumb/v7e-m/fpv4-sp/hard/libgcc.a(_udivmoddi4.o)
                0x0000000008000390                __udivmoddi4
 .text          0x000000000800066c        0x4 /opt/gcc-arm-none-eabi-6-2017-q2-update/bin/../lib/gcc/arm-none-eabi/6.3.1/thumb/v7e-m/fpv4-sp/hard/libgcc.a(_dvmd_tls.o)
                0x000000000800066c                __aeabi_ldiv0
                0x000000000800066c                __aeabi_idiv0
 *(.text.*)
 .text.rt_heap_begin_get
                0x0000000008000670        0x8 build/board.o
                0x0000000008000670                rt_heap_begin_get
 .text.rt_heap_end_get
                0x0000000008000678        0x8 build/board.o
                0x0000000008000678                rt_heap_end_get
 .text.SystemClock_Config
                0x0000000008000680       0x98 build/board.o
                0x0000000008000680                SystemClock_Config
 .text.rt_hw_board_init
                0x0000000008000718       0x50 build/board.o
                0x0000000008000718                rt_hw_board_init
 .text.SysTick_Handler
                0x0000000008000768       0x10 build/board.o
                0x0000000008000768                SysTick_Handler
 .text.rt_hw_console_output
                0x0000000008000778       0x44 build/board.o
                0x0000000008000778                rt_hw_console_output
 .text.HAL_UART_MspInit
                0x00000000080007bc       0x74 build/board.o
                0x00000000080007bc                HAL_UART_MspInit
 .text.HAL_TIM_PWM_MspInit
                0x0000000008000830       0x30 build/board.o
                0x0000000008000830                HAL_TIM_PWM_MspInit
 .text.HAL_TIM_MspPostInit
                0x0000000008000860       0x54 build/board.o
                0x0000000008000860                HAL_TIM_MspPostInit
 .text.beep_init
                0x00000000080008b4       0x20 build/beep.o
                0x00000000080008b4                beep_init
 .text.beep_on  0x00000000080008d4       0x14 build/beep.o
                0x00000000080008d4                beep_on
 .text.beep_off
                0x00000000080008e8       0x14 build/beep.o
                0x00000000080008e8                beep_off
 .text.beep_set
                0x00000000080008fc       0x30 build/beep.o
                0x00000000080008fc                beep_set
 .text.my_button_scan
                0x000000000800092c       0xe4 build/button.o
 .text.my_button_register
                0x0000000008000a10       0x38 build/button.o
                0x0000000008000a10                my_button_register
 .text.my_button_start
                0x0000000008000a48       0x44 build/button.o
                0x0000000008000a48                my_button_start
 .text.beep_song_decode_new_freq
                0x0000000008000a8c       0x60 build/decode.o
 .text.beep_song_decode
                0x0000000008000aec       0xf0 build/decode.o
 .text.beep_song_get_len
                0x0000000008000bdc       0x14 build/decode.o
                0x0000000008000bdc                beep_song_get_len
 .text.beep_song_get_name
                0x0000000008000bf0       0x14 build/decode.o
                0x0000000008000bf0                beep_song_get_name
 .text.beep_song_get_data
                0x0000000008000c04       0x22 build/decode.o
                0x0000000008000c04                beep_song_get_data
 .text.beep_song_decode_init
                0x0000000008000c26        0xe build/decode.o
                0x0000000008000c26                beep_song_decode_init
 .text.beep_key_press_long
                0x0000000008000c34       0x64 build/key.o
 .text.beep_key_press_short
                0x0000000008000c98       0x58 build/key.o
 .text.btn_cb   0x0000000008000cf0       0x1e build/key.o
                0x0000000008000cf0                btn_cb
 *fill*         0x0000000008000d0e        0x2 00000000
 .text.key_init
                0x0000000008000d10       0x58 build/key.o
                0x0000000008000d10                key_init
 .text.LCD_WR_REG
                0x0000000008000d68       0x24 build/ili9341.o
                0x0000000008000d68                LCD_WR_REG
 .text.LCD_WR_DATA
                0x0000000008000d8c       0x24 build/ili9341.o
                0x0000000008000d8c                LCD_WR_DATA
 .text.LCD_RD_DATA
                0x0000000008000db0       0x1c build/ili9341.o
                0x0000000008000db0                LCD_RD_DATA
 .text.LCD_WriteReg
                0x0000000008000dcc        0xc build/ili9341.o
                0x0000000008000dcc                LCD_WriteReg
 .text.LCD_WriteRAM_Prepare
                0x0000000008000dd8       0x14 build/ili9341.o
                0x0000000008000dd8                LCD_WriteRAM_Prepare
 .text.LCD_SetCursor
                0x0000000008000dec       0x34 build/ili9341.o
                0x0000000008000dec                LCD_SetCursor
 .text.LCD_Scan_Dir
                0x0000000008000e20       0x3e build/ili9341.o
                0x0000000008000e20                LCD_Scan_Dir
 *fill*         0x0000000008000e5e        0x2 00000000
 .text.LCD_Fast_DrawPoint
                0x0000000008000e60       0x44 build/ili9341.o
                0x0000000008000e60                LCD_Fast_DrawPoint
 .text.LCD_Display_Dir
                0x0000000008000ea4       0x4c build/ili9341.o
                0x0000000008000ea4                LCD_Display_Dir
 .text.HAL_SRAM_MspInit
                0x0000000008000ef0       0x84 build/ili9341.o
                0x0000000008000ef0                HAL_SRAM_MspInit
 .text.LCD_Clear
                0x0000000008000f74       0x34 build/ili9341.o
                0x0000000008000f74                LCD_Clear
 .text.LCD_Init
                0x0000000008000fa8      0x310 build/ili9341.o
                0x0000000008000fa8                LCD_Init
 .text.LCD_ShowChar
                0x00000000080012b8      0x108 build/ili9341.o
                0x00000000080012b8                LCD_ShowChar
 .text.LCD_Pow  0x00000000080013c0       0x16 build/ili9341.o
                0x00000000080013c0                LCD_Pow
 *fill*         0x00000000080013d6        0x2 00000000
 .text.LCD_ShowxNum
                0x00000000080013d8       0xb8 build/ili9341.o
                0x00000000080013d8                LCD_ShowxNum
 .text.LCD_ShowString
                0x0000000008001490       0x5a build/ili9341.o
                0x0000000008001490                LCD_ShowString
 .text.led_on   0x00000000080014ea        0xe build/led.o
                0x00000000080014ea                led_on
 .text.led_off  0x00000000080014f8        0xe build/led.o
                0x00000000080014f8                led_off
 .text.led_init
                0x0000000008001506       0x12 build/led.o
                0x0000000008001506                led_init
 .text.led_toggle
                0x0000000008001518       0x18 build/led.o
                0x0000000008001518                led_toggle
 .text.pcf8574_port_read
                0x0000000008001530       0x1c build/pcf8574.o
                0x0000000008001530                pcf8574_port_read
 .text.pcf8574_port_write
                0x000000000800154c       0x1a build/pcf8574.o
                0x000000000800154c                pcf8574_port_write
 .text.pcf8574_pin_read
                0x0000000008001566       0x18 build/pcf8574.o
                0x0000000008001566                pcf8574_pin_read
 .text.pcf8574_pin_write
                0x000000000800157e       0x2a build/pcf8574.o
                0x000000000800157e                pcf8574_pin_write
 .text.pcf8574_init
                0x00000000080015a8       0x90 build/pcf8574.o
                0x00000000080015a8                pcf8574_init
 .text.pcf8574_deinit
                0x0000000008001638        0x8 build/pcf8574.o
                0x0000000008001638                pcf8574_deinit
 .text.pcf8574_sample
                0x0000000008001640       0x68 build/pcf8574_sample.o
                0x0000000008001640                pcf8574_sample
 .text.player_play
                0x00000000080016a8       0x22 build/player.o
                0x00000000080016a8                player_play
 .text.player_stop
                0x00000000080016ca       0x1c build/player.o
                0x00000000080016ca                player_stop
 .text.player_last
                0x00000000080016e6       0x4e build/player.o
                0x00000000080016e6                player_last
 .text.player_next
                0x0000000008001734       0x58 build/player.o
                0x0000000008001734                player_next
 .text.player_control
                0x000000000800178c       0x54 build/player.o
                0x000000000800178c                player_control
 .text.player_add_song
                0x00000000080017e0       0x2a build/player.o
                0x00000000080017e0                player_add_song
 *fill*         0x000000000800180a        0x2 00000000
 .text.player_show
                0x000000000800180c      0x110 build/player.o
                0x000000000800180c                player_show
 .text.player_entry
                0x000000000800191c       0x7a build/player.o
 *fill*         0x0000000008001996        0x2 00000000
 .text.player_start
                0x0000000008001998       0xb0 build/player.o
                0x0000000008001998                player_start
 .text._serial_check_buffer_size
                0x0000000008001a48       0x14 build/serial.o
 .text._serial_fifo_calc_recved_len
                0x0000000008001a5c       0x2e build/serial.o
 .text.rt_dma_calc_recved_len
                0x0000000008001a8a        0x8 build/serial.o
 .text.rt_dma_recv_update_get_index
                0x0000000008001a92       0x2a build/serial.o
 .text.rt_dma_recv_update_put_index
                0x0000000008001abc       0x66 build/serial.o
 .text.rt_serial_init
                0x0000000008001b22       0x1a build/serial.o
 .text.rt_serial_control
                0x0000000008001b3c       0x72 build/serial.o
 .text.rt_serial_write
                0x0000000008001bae       0xd0 build/serial.o
 *fill*         0x0000000008001c7e        0x2 00000000
 .text.rt_serial_read
                0x0000000008001c80      0x148 build/serial.o
 .text.rt_serial_close
                0x0000000008001dc8       0xbc build/serial.o
 .text.rt_serial_open
                0x0000000008001e84      0x1ec build/serial.o
 .text.rt_hw_serial_register
                0x0000000008002070       0x1c build/serial.o
                0x0000000008002070                rt_hw_serial_register
 .text.rt_hw_serial_isr
                0x000000000800208c      0x13c build/serial.o
                0x000000000800208c                rt_hw_serial_isr
 .text.rt_completion_init
                0x00000000080021c8       0x1a build/completion.o
                0x00000000080021c8                rt_completion_init
 .text.rt_completion_wait
                0x00000000080021e2       0x80 build/completion.o
                0x00000000080021e2                rt_completion_wait
 .text.rt_completion_done
                0x0000000008002262       0x38 build/completion.o
                0x0000000008002262                rt_completion_done
 .text.rt_data_queue_init
                0x000000000800229a       0x34 build/dataqueue.o
                0x000000000800229a                rt_data_queue_init
 .text.rt_data_queue_push
                0x00000000080022ce       0xe8 build/dataqueue.o
                0x00000000080022ce                rt_data_queue_push
 .text.rt_data_queue_pop
                0x00000000080023b6      0x10a build/dataqueue.o
                0x00000000080023b6                rt_data_queue_pop
 .text.rt_data_queue_peak
                0x00000000080024c0       0x52 build/dataqueue.o
                0x00000000080024c0                rt_data_queue_peak
 *fill*         0x0000000008002512        0x2 00000000
 .text.hello    0x0000000008002514       0x10 build/cmd.o
                0x0000000008002514                hello
 .text.show_wait_queue
                0x0000000008002524       0x30 build/cmd.o
 .text.version  0x0000000008002554        0xa build/cmd.o
                0x0000000008002554                version
 .text.list_get_next
                0x000000000800255e       0x6a build/cmd.o
 .text.list_find_init
                0x00000000080025c8       0x20 build/cmd.o
 .text.list_thread
                0x00000000080025e8      0x14c build/cmd.o
                0x00000000080025e8                list_thread
 .text.list_sem
                0x0000000008002734      0x100 build/cmd.o
                0x0000000008002734                list_sem
 .text.list_event
                0x0000000008002834       0xf0 build/cmd.o
                0x0000000008002834                list_event
 .text.list_mutex
                0x0000000008002924       0xc4 build/cmd.o
                0x0000000008002924                list_mutex
 .text.list_msgqueue
                0x00000000080029e8      0x100 build/cmd.o
                0x00000000080029e8                list_msgqueue
 .text.list_device
                0x0000000008002ae8       0xbc build/cmd.o
                0x0000000008002ae8                list_device
 .text.list_timer
                0x0000000008002ba4       0xd8 build/cmd.o
                0x0000000008002ba4                list_timer
 .text.list     0x0000000008002c7c       0x4c build/cmd.o
                0x0000000008002c7c                list
 .text.str_common
                0x0000000008002cc8       0x26 build/msh.o
 *fill*         0x0000000008002cee        0x2 00000000
 .text.msh_split
                0x0000000008002cf0       0xb8 build/msh.o
 .text.msh_help
                0x0000000008002da8       0x58 build/msh.o
                0x0000000008002da8                msh_help
 .text.msh_get_cmd
                0x0000000008002e00       0x50 build/msh.o
 .text.cmd_ps   0x0000000008002e50        0xa build/msh.o
                0x0000000008002e50                cmd_ps
 .text.cmd_free
                0x0000000008002e5a        0xa build/msh.o
                0x0000000008002e5a                cmd_free
 .text._msh_exec_cmd
                0x0000000008002e64       0x5e build/msh.o
 .text.msh_is_used
                0x0000000008002ec2        0x4 build/msh.o
                0x0000000008002ec2                msh_is_used
 *fill*         0x0000000008002ec6        0x2 00000000
 .text.msh_exec
                0x0000000008002ec8       0x54 build/msh.o
                0x0000000008002ec8                msh_exec
 .text.msh_auto_complete
                0x0000000008002f1c       0xa0 build/msh.o
                0x0000000008002f1c                msh_auto_complete
 .text.finsh_rx_ind
                0x0000000008002fbc       0x14 build/shell.o
 .text.finsh_getchar
                0x0000000008002fd0       0x40 build/shell.o
 .text.shell_push_history
                0x0000000008003010       0xce build/shell.o
 *fill*         0x00000000080030de        0x2 00000000
 .text.finsh_get_prompt
                0x00000000080030e0       0x7c build/shell.o
                0x00000000080030e0                finsh_get_prompt
 .text.shell_handle_history
                0x000000000800315c       0x28 build/shell.o
 .text.shell_auto_complete
                0x0000000008003184       0x34 build/shell.o
 .text.finsh_set_prompt_mode
                0x00000000080031b8       0x18 build/shell.o
                0x00000000080031b8                finsh_set_prompt_mode
 .text.finsh_set_device
                0x00000000080031d0       0x7c build/shell.o
                0x00000000080031d0                finsh_set_device
 .text.finsh_thread_entry
                0x000000000800324c      0x384 build/shell.o
                0x000000000800324c                finsh_thread_entry
 .text.finsh_system_function_init
                0x00000000080035d0       0x14 build/shell.o
                0x00000000080035d0                finsh_system_function_init
 .text.finsh_system_var_init
                0x00000000080035e4       0x14 build/shell.o
                0x00000000080035e4                finsh_system_var_init
 .text.finsh_system_init
                0x00000000080035f8       0x94 build/shell.o
                0x00000000080035f8                finsh_system_init
 .text.bus_fault_track
                0x000000000800368c       0xb4 build/cpuport.o
 .text.mem_manage_fault_track
                0x0000000008003740       0xa0 build/cpuport.o
 .text.usage_fault_track
                0x00000000080037e0       0xb0 build/cpuport.o
 .text.hard_fault_track
                0x0000000008003890       0x70 build/cpuport.o
 .text.rt_hw_stack_init
                0x0000000008003900       0x50 build/cpuport.o
                0x0000000008003900                rt_hw_stack_init
 .text.rt_hw_hard_fault_exception
                0x0000000008003950      0x11c build/cpuport.o
                0x0000000008003950                rt_hw_hard_fault_exception
 .text.__rt_ffs
                0x0000000008003a6c       0x12 build/cpuport.o
                0x0000000008003a6c                __rt_ffs
 *fill*         0x0000000008003a7e        0x2 00000000
 .text.rt_tick_get
                0x0000000008003a80        0xc build/clock.o
                0x0000000008003a80                rt_tick_get
 .text.rt_tick_increase
                0x0000000008003a8c       0x38 build/clock.o
                0x0000000008003a8c                rt_tick_increase
 .text.rt_tick_from_millisecond
                0x0000000008003ac4       0x40 build/clock.o
                0x0000000008003ac4                rt_tick_from_millisecond
 .text.rti_start
                0x0000000008003b04        0x4 build/components.o
 .text.rti_board_start
                0x0000000008003b08        0x4 build/components.o
 .text.rti_board_end
                0x0000000008003b0c        0x4 build/components.o
 .text.rti_end  0x0000000008003b10        0x4 build/components.o
 .text.rt_components_board_init
                0x0000000008003b14       0x1c build/components.o
                0x0000000008003b14                rt_components_board_init
 .text.rt_components_init
                0x0000000008003b30       0x1c build/components.o
                0x0000000008003b30                rt_components_init
 .text.main_thread_entry
                0x0000000008003b4c        0xc build/components.o
                0x0000000008003b4c                main_thread_entry
 .text.rt_application_init
                0x0000000008003b58       0x2c build/components.o
                0x0000000008003b58                rt_application_init
 .text.rtthread_startup
                0x0000000008003b84       0x2a build/components.o
                0x0000000008003b84                rtthread_startup
 .text.entry    0x0000000008003bae        0xa build/components.o
                0x0000000008003bae                entry
 .text.rt_device_find
                0x0000000008003bb8       0x56 build/device.o
                0x0000000008003bb8                rt_device_find
 .text.rt_device_register
                0x0000000008003c0e       0x32 build/device.o
                0x0000000008003c0e                rt_device_register
 .text.rt_device_open
                0x0000000008003c40       0x84 build/device.o
                0x0000000008003c40                rt_device_open
 .text.rt_device_close
                0x0000000008003cc4       0x36 build/device.o
                0x0000000008003cc4                rt_device_close
 .text.rt_device_read
                0x0000000008003cfa       0x28 build/device.o
                0x0000000008003cfa                rt_device_read
 .text.rt_device_write
                0x0000000008003d22       0x28 build/device.o
                0x0000000008003d22                rt_device_write
 .text.rt_device_control
                0x0000000008003d4a       0x12 build/device.o
                0x0000000008003d4a                rt_device_control
 .text.rt_device_set_rx_indicate
                0x0000000008003d5c        0x6 build/device.o
                0x0000000008003d5c                rt_device_set_rx_indicate
 *fill*         0x0000000008003d62        0x2 00000000
 .text.rt_thread_idle_excute
                0x0000000008003d64       0x88 build/idle.o
                0x0000000008003d64                rt_thread_idle_excute
 .text.rt_thread_idle_entry
                0x0000000008003dec       0x24 build/idle.o
 .text.rt_thread_idle_init
                0x0000000008003e10       0x54 build/idle.o
                0x0000000008003e10                rt_thread_idle_init
 .text.rt_sem_init
                0x0000000008003e64       0x20 build/ipc.o
                0x0000000008003e64                rt_sem_init
 .text.rt_sem_create
                0x0000000008003e84       0x22 build/ipc.o
                0x0000000008003e84                rt_sem_create
 .text.rt_sem_delete
                0x0000000008003ea6       0x34 build/ipc.o
                0x0000000008003ea6                rt_sem_delete
 *fill*         0x0000000008003eda        0x2 00000000
 .text.rt_sem_take
                0x0000000008003edc       0xec build/ipc.o
                0x0000000008003edc                rt_sem_take
 .text.rt_sem_release
                0x0000000008003fc8       0x44 build/ipc.o
                0x0000000008003fc8                rt_sem_release
 .text.rt_mutex_init
                0x000000000800400c       0x28 build/ipc.o
                0x000000000800400c                rt_mutex_init
 .text.rt_mutex_take
                0x0000000008004034      0x138 build/ipc.o
                0x0000000008004034                rt_mutex_take
 .text.rt_mutex_release
                0x000000000800416c       0xa0 build/ipc.o
                0x000000000800416c                rt_mutex_release
 .text.rt_interrupt_enter
                0x000000000800420c       0x2c build/irq.o
                0x000000000800420c                rt_interrupt_enter
 .text.rt_interrupt_leave
                0x0000000008004238       0x2c build/irq.o
                0x0000000008004238                rt_interrupt_leave
 .text.rt_interrupt_get_nest
                0x0000000008004264       0x18 build/irq.o
                0x0000000008004264                rt_interrupt_get_nest
 .text.print_number
                0x000000000800427c      0x170 build/kservice.o
 .text.rt_set_errno
                0x00000000080043ec       0x24 build/kservice.o
                0x00000000080043ec                rt_set_errno
 .text.rt_memset
                0x0000000008004410       0x52 build/kservice.o
                0x0000000008004410                rt_memset
 .text.rt_memcpy
                0x0000000008004462       0x5e build/kservice.o
                0x0000000008004462                rt_memcpy
 .text.rt_memmove
                0x00000000080044c0       0x40 build/kservice.o
                0x00000000080044c0                rt_memmove
 .text.rt_strncpy
                0x0000000008004500       0x2a build/kservice.o
                0x0000000008004500                rt_strncpy
 .text.rt_strncmp
                0x000000000800452a       0x28 build/kservice.o
                0x000000000800452a                rt_strncmp
 .text.rt_strlen
                0x0000000008004552       0x10 build/kservice.o
                0x0000000008004552                rt_strlen
 *fill*         0x0000000008004562        0x2 00000000
 .text.rt_vsnprintf
                0x0000000008004564      0x370 build/kservice.o
                0x0000000008004564                rt_vsnprintf
 .text.rt_vsprintf
                0x00000000080048d4       0x10 build/kservice.o
                0x00000000080048d4                rt_vsprintf
 .text.rt_sprintf
                0x00000000080048e4       0x1c build/kservice.o
                0x00000000080048e4                rt_sprintf
 .text.rt_console_get_device
                0x0000000008004900        0xc build/kservice.o
                0x0000000008004900                rt_console_get_device
 .text.rt_console_set_device
                0x000000000800490c       0x2c build/kservice.o
                0x000000000800490c                rt_console_set_device
 .text.rt_kprintf
                0x0000000008004938       0x58 build/kservice.o
                0x0000000008004938                rt_kprintf
 .text.rt_show_version
                0x0000000008004990       0x40 build/kservice.o
                0x0000000008004990                rt_show_version
 .text.plug_holes
                0x00000000080049d0       0x68 build/mem.o
 .text.list_mem
                0x0000000008004a38       0x3c build/mem.o
                0x0000000008004a38                list_mem
 .text.rt_system_heap_init
                0x0000000008004a74       0x80 build/mem.o
                0x0000000008004a74                rt_system_heap_init
 .text.rt_malloc
                0x0000000008004af4      0x130 build/mem.o
                0x0000000008004af4                rt_malloc
 .text.rt_calloc
                0x0000000008004c24       0x1c build/mem.o
                0x0000000008004c24                rt_calloc
 .text.rt_free  0x0000000008004c40       0xb4 build/mem.o
                0x0000000008004c40                rt_free
 .text.rt_object_get_information
                0x0000000008004cf4       0x24 build/object.o
                0x0000000008004cf4                rt_object_get_information
 .text.rt_object_init
                0x0000000008004d18       0x60 build/object.o
                0x0000000008004d18                rt_object_init
 .text.rt_object_detach
                0x0000000008004d78       0x34 build/object.o
                0x0000000008004d78                rt_object_detach
 .text.rt_object_allocate
                0x0000000008004dac       0x60 build/object.o
                0x0000000008004dac                rt_object_allocate
 .text.rt_object_delete
                0x0000000008004e0c       0x38 build/object.o
                0x0000000008004e0c                rt_object_delete
 .text.rt_object_is_systemobject
                0x0000000008004e44       0x10 build/object.o
                0x0000000008004e44                rt_object_is_systemobject
 .text._get_highest_priority_thread
                0x0000000008004e54       0x24 build/scheduler.o
 .text._rt_scheduler_stack_check
                0x0000000008004e78       0x48 build/scheduler.o
 .text.rt_system_scheduler_init
                0x0000000008004ec0       0x38 build/scheduler.o
                0x0000000008004ec0                rt_system_scheduler_init
 .text.rt_schedule_insert_thread
                0x0000000008004ef8       0x68 build/scheduler.o
                0x0000000008004ef8                rt_schedule_insert_thread
 .text.rt_schedule_remove_thread
                0x0000000008004f60       0x4c build/scheduler.o
                0x0000000008004f60                rt_schedule_remove_thread
 .text.rt_system_scheduler_start
                0x0000000008004fac       0x2c build/scheduler.o
                0x0000000008004fac                rt_system_scheduler_start
 .text.rt_schedule
                0x0000000008004fd8      0x104 build/scheduler.o
                0x0000000008004fd8                rt_schedule
 .text.rt_enter_critical
                0x00000000080050dc       0x18 build/scheduler.o
                0x00000000080050dc                rt_enter_critical
 .text.rt_exit_critical
                0x00000000080050f4       0x3c build/scheduler.o
                0x00000000080050f4                rt_exit_critical
 .text._rt_thread_init
                0x0000000008005130       0x84 build/thread.o
 .text.rt_thread_timeout
                0x00000000080051b4       0x26 build/thread.o
                0x00000000080051b4                rt_thread_timeout
 .text.rt_thread_init
                0x00000000080051da       0x36 build/thread.o
                0x00000000080051da                rt_thread_init
 .text.rt_thread_self
                0x0000000008005210        0xc build/thread.o
                0x0000000008005210                rt_thread_self
 .text.rt_thread_exit
                0x000000000800521c       0x5c build/thread.o
                0x000000000800521c                rt_thread_exit
 .text.rt_thread_create
                0x0000000008005278       0x52 build/thread.o
                0x0000000008005278                rt_thread_create
 *fill*         0x00000000080052ca        0x2 00000000
 .text.rt_thread_delete
                0x00000000080052cc       0x44 build/thread.o
                0x00000000080052cc                rt_thread_delete
 .text.rt_thread_yield
                0x0000000008005310        0xa build/thread.o
                0x0000000008005310                rt_thread_yield
 *fill*         0x000000000800531a        0x2 00000000
 .text.rt_thread_suspend
                0x000000000800531c       0x5c build/thread.o
                0x000000000800531c                rt_thread_suspend
 .text.rt_thread_sleep
                0x0000000008005378       0x4e build/thread.o
                0x0000000008005378                rt_thread_sleep
 .text.rt_thread_delay
                0x00000000080053c6        0x8 build/thread.o
                0x00000000080053c6                rt_thread_delay
 .text.rt_thread_mdelay
                0x00000000080053ce        0xc build/thread.o
                0x00000000080053ce                rt_thread_mdelay
 *fill*         0x00000000080053da        0x2 00000000
 .text.rt_thread_resume
                0x00000000080053dc       0x5c build/thread.o
                0x00000000080053dc                rt_thread_resume
 .text.rt_thread_startup
                0x0000000008005438       0x28 build/thread.o
                0x0000000008005438                rt_thread_startup
 .text.rt_thread_control
                0x0000000008005460       0x62 build/thread.o
                0x0000000008005460                rt_thread_control
 .text._rt_timer_init
                0x00000000080054c2       0x32 build/timer.o
 .text.rt_timer_init
                0x00000000080054f4       0x28 build/timer.o
                0x00000000080054f4                rt_timer_init
 .text.rt_timer_detach
                0x000000000800551c       0x38 build/timer.o
                0x000000000800551c                rt_timer_detach
 .text.rt_timer_create
                0x0000000008005554       0x30 build/timer.o
                0x0000000008005554                rt_timer_create
 .text.rt_timer_start
                0x0000000008005584       0xd0 build/timer.o
                0x0000000008005584                rt_timer_start
 .text.rt_timer_stop
                0x0000000008005654       0x54 build/timer.o
                0x0000000008005654                rt_timer_stop
 .text.rt_timer_control
                0x00000000080056a8       0x2e build/timer.o
                0x00000000080056a8                rt_timer_control
 *fill*         0x00000000080056d6        0x2 00000000
 .text.rt_timer_check
                0x00000000080056d8       0xbc build/timer.o
                0x00000000080056d8                rt_timer_check
 .text.rt_system_timer_init
                0x0000000008005794       0x1c build/timer.o
                0x0000000008005794                rt_system_timer_init
 .text.rt_system_timer_thread_init
                0x00000000080057b0        0x2 build/timer.o
                0x00000000080057b0                rt_system_timer_thread_init
 .text.delay_osschedlock
                0x00000000080057b2        0x8 build/delay.o
                0x00000000080057b2                delay_osschedlock
 .text.delay_osschedunlock
                0x00000000080057ba        0x8 build/delay.o
                0x00000000080057ba                delay_osschedunlock
 .text.delay_ostimedly
                0x00000000080057c2        0x8 build/delay.o
                0x00000000080057c2                delay_ostimedly
 *fill*         0x00000000080057ca        0x2 00000000
 .text.delay_init
                0x00000000080057cc       0x40 build/delay.o
                0x00000000080057cc                delay_init
 .text.delay_us
                0x000000000800580c       0x44 build/delay.o
                0x000000000800580c                delay_us
 .text.delay_ms
                0x0000000008005850       0x4c build/delay.o
                0x0000000008005850                delay_ms
 .text.audio_control
                0x000000000800589c       0x14 build/main.o
                0x000000000800589c                audio_control
 .text.decode_read
                0x00000000080058b0        0xc build/main.o
                0x00000000080058b0                decode_read
 .text.audio_write
                0x00000000080058bc       0x30 build/main.o
                0x00000000080058bc                audio_write
 .text.decode_control
                0x00000000080058ec       0x1e build/main.o
                0x00000000080058ec                decode_control
 .text.audio_init
                0x000000000800590a        0xe build/main.o
                0x000000000800590a                audio_init
 .text.audio_open
                0x0000000008005918        0xe build/main.o
                0x0000000008005918                audio_open
 .text.audio_close
                0x0000000008005926        0xe build/main.o
                0x0000000008005926                audio_close
 .text.player_init
                0x0000000008005934       0xb0 build/main.o
                0x0000000008005934                player_init
 .text.main     0x00000000080059e4        0xe build/main.o
                0x00000000080059e4                main
 .text.HAL_MspInit
                0x00000000080059f2        0x2 build/stm32f4xx_hal_msp.o
                0x00000000080059f2                HAL_MspInit
 .text.NMI_Handler
                0x00000000080059f4        0x2 build/stm32f4xx_it.o
                0x00000000080059f4                NMI_Handler
 .text.MemManage_Handler
                0x00000000080059f6        0x2 build/stm32f4xx_it.o
                0x00000000080059f6                MemManage_Handler
 .text.BusFault_Handler
                0x00000000080059f8        0x2 build/stm32f4xx_it.o
                0x00000000080059f8                BusFault_Handler
 .text.UsageFault_Handler
                0x00000000080059fa        0x2 build/stm32f4xx_it.o
                0x00000000080059fa                UsageFault_Handler
 .text.SVC_Handler
                0x00000000080059fc        0x2 build/stm32f4xx_it.o
                0x00000000080059fc                SVC_Handler
 .text.DebugMon_Handler
                0x00000000080059fe        0x2 build/stm32f4xx_it.o
                0x00000000080059fe                DebugMon_Handler
 .text.SystemInit
                0x0000000008005a00       0x4c build/system_stm32f4xx.o
                0x0000000008005a00                SystemInit
 .text.get_pin  0x0000000008005a4c       0x30 build/drv_gpio.o
 .text.stm32_pin_dettach_irq
                0x0000000008005a7c       0x70 build/drv_gpio.o
 .text.stm32_pin_attach_irq
                0x0000000008005aec       0xb0 build/drv_gpio.o
 .text.stm32_pin_mode
                0x0000000008005b9c       0x5c build/drv_gpio.o
 .text.stm32_pin_irq_enable
                0x0000000008005bf8      0x188 build/drv_gpio.o
 .text.stm32_pin_read
                0x0000000008005d80       0x18 build/drv_gpio.o
 .text.stm32_pin_write
                0x0000000008005d98       0x18 build/drv_gpio.o
 .text.HAL_GPIO_EXTI_Callback
                0x0000000008005db0       0x34 build/drv_gpio.o
                0x0000000008005db0                HAL_GPIO_EXTI_Callback
 .text.EXTI0_IRQHandler
                0x0000000008005de4       0x12 build/drv_gpio.o
                0x0000000008005de4                EXTI0_IRQHandler
 .text.EXTI1_IRQHandler
                0x0000000008005df6       0x12 build/drv_gpio.o
                0x0000000008005df6                EXTI1_IRQHandler
 .text.EXTI2_IRQHandler
                0x0000000008005e08       0x12 build/drv_gpio.o
                0x0000000008005e08                EXTI2_IRQHandler
 .text.EXTI3_IRQHandler
                0x0000000008005e1a       0x12 build/drv_gpio.o
                0x0000000008005e1a                EXTI3_IRQHandler
 .text.EXTI4_IRQHandler
                0x0000000008005e2c       0x12 build/drv_gpio.o
                0x0000000008005e2c                EXTI4_IRQHandler
 .text.EXTI9_5_IRQHandler
                0x0000000008005e3e       0x2e build/drv_gpio.o
                0x0000000008005e3e                EXTI9_5_IRQHandler
 .text.EXTI15_10_IRQHandler
                0x0000000008005e6c       0x3c build/drv_gpio.o
                0x0000000008005e6c                EXTI15_10_IRQHandler
 .text.rt_hw_pin_init
                0x0000000008005ea8      0x100 build/drv_gpio.o
                0x0000000008005ea8                rt_hw_pin_init
 .text.stm32_set_sda
                0x0000000008005fa8       0x18 build/drv_i2c.o
 .text.stm32_set_scl
                0x0000000008005fc0       0x18 build/drv_i2c.o
 .text.stm32_get_sda
                0x0000000008005fd8       0x18 build/drv_i2c.o
 .text.stm32_get_scl
                0x0000000008005ff0       0x18 build/drv_i2c.o
 .text.stm32_udelay
                0x0000000008006008       0x40 build/drv_i2c.o
 .text.stm32_i2c_gpio_init
                0x0000000008006048       0x88 build/drv_i2c.o
 .text.stm32_i2c_bus_unlock
                0x00000000080060d0       0x78 build/drv_i2c.o
 .text.hw_i2c_init
                0x0000000008006148       0x44 build/drv_i2c.o
                0x0000000008006148                hw_i2c_init
 .text.stm32_putc
                0x000000000800618c       0x28 build/drv_usart.o
 .text.stm32_getc
                0x00000000080061b4       0x1a build/drv_usart.o
 *fill*         0x00000000080061ce        0x2 00000000
 .text.stm32_uart_get_dma_config
                0x00000000080061d0       0x10 build/drv_usart.o
 .text.dma_isr  0x00000000080061e0       0x54 build/drv_usart.o
 .text.uart_isr
                0x0000000008006234      0x15e build/drv_usart.o
 .text.stm32_dma_transmit
                0x0000000008006392       0x26 build/drv_usart.o
 .text.stm32_dma_config
                0x00000000080063b8      0x118 build/drv_usart.o
 .text.stm32_control
                0x00000000080064d0       0x74 build/drv_usart.o
 .text.stm32_configure
                0x0000000008006544       0xbc build/drv_usart.o
 .text.USART1_IRQHandler
                0x0000000008006600       0x18 build/drv_usart.o
                0x0000000008006600                USART1_IRQHandler
 .text.HAL_UART_ErrorCallback
                0x0000000008006618        0x2 build/drv_usart.o
                0x0000000008006618                HAL_UART_ErrorCallback
 .text.HAL_UART_RxCpltCallback
                0x000000000800661a        0xc build/drv_usart.o
                0x000000000800661a                HAL_UART_RxCpltCallback
 .text.HAL_UART_RxHalfCpltCallback
                0x0000000008006626        0xc build/drv_usart.o
                0x0000000008006626                HAL_UART_RxHalfCpltCallback
 .text.HAL_UART_TxCpltCallback
                0x0000000008006632        0xe build/drv_usart.o
                0x0000000008006632                HAL_UART_TxCpltCallback
 .text.rt_hw_usart_init
                0x0000000008006640       0x7c build/drv_usart.o
                0x0000000008006640                rt_hw_usart_init
 .text.pwm_get_channel
                0x00000000080066bc       0x14 build/drv_pwm.o
 .text.drv_pwm_enable
                0x00000000080066d0       0x1c build/drv_pwm.o
 .text.drv_pwm_get
                0x00000000080066ec      0x100 build/drv_pwm.o
 .text.drv_pwm_set
                0x00000000080067ec      0x10c build/drv_pwm.o
 .text.drv_pwm_control
                0x00000000080068f8       0x3c build/drv_pwm.o
 .text.stm32_hw_pwm_init
                0x0000000008006934       0xe8 build/drv_pwm.o
 .text.stm32_pwm_init
                0x0000000008006a1c       0x50 build/drv_pwm.o
 .text._pin_read
                0x0000000008006a6c       0x22 build/pin.o
 .text._pin_write
                0x0000000008006a8e       0x22 build/pin.o
 .text._pin_control
                0x0000000008006ab0       0x1a build/pin.o
 *fill*         0x0000000008006aca        0x2 00000000
 .text.rt_pin_mode
                0x0000000008006acc       0x18 build/pin.o
                0x0000000008006acc                rt_pin_mode
 .text.rt_pin_write
                0x0000000008006ae4       0x18 build/pin.o
                0x0000000008006ae4                rt_pin_write
 .text.rt_pin_read
                0x0000000008006afc       0x14 build/pin.o
                0x0000000008006afc                rt_pin_read
 .text.rt_device_pin_register
                0x0000000008006b10       0x2c build/pin.o
                0x0000000008006b10                rt_device_pin_register
 .text._pwm_control
                0x0000000008006b3c       0x10 build/rt_drv_pwm.o
 .text._pwm_read
                0x0000000008006b4c       0x30 build/rt_drv_pwm.o
 .text._pwm_write
                0x0000000008006b7c       0x44 build/rt_drv_pwm.o
 .text.rt_pwm_enable
                0x0000000008006bc0       0x24 build/rt_drv_pwm.o
                0x0000000008006bc0                rt_pwm_enable
 .text.rt_pwm_set
                0x0000000008006be4       0x1e build/rt_drv_pwm.o
                0x0000000008006be4                rt_pwm_set
 *fill*         0x0000000008006c02        0x2 00000000
 .text.pwm_enable
                0x0000000008006c04       0x38 build/rt_drv_pwm.o
 .text.pwm_set  0x0000000008006c3c       0x4c build/rt_drv_pwm.o
 .text.rt_device_pwm_register
                0x0000000008006c88       0x30 build/rt_drv_pwm.o
                0x0000000008006c88                rt_device_pwm_register
 .text.rt_pwm_disable
                0x0000000008006cb8       0x24 build/rt_drv_pwm.o
                0x0000000008006cb8                rt_pwm_disable
 .text.pwm_disable
                0x0000000008006cdc       0x38 build/rt_drv_pwm.o
 .text.i2c_start
                0x0000000008006d14       0x20 build/i2c-bit-ops.o
 .text.SCL_H    0x0000000008006d34       0x48 build/i2c-bit-ops.o
 .text.i2c_restart
                0x0000000008006d7c       0x38 build/i2c-bit-ops.o
 .text.i2c_writeb
                0x0000000008006db4       0x8c build/i2c-bit-ops.o
 .text.i2c_send_bytes
                0x0000000008006e40       0x44 build/i2c-bit-ops.o
 .text.i2c_readb
                0x0000000008006e84       0x5a build/i2c-bit-ops.o
 .text.i2c_send_ack_or_nack
                0x0000000008006ede       0x36 build/i2c-bit-ops.o
 .text.i2c_recv_bytes
                0x0000000008006f14       0x40 build/i2c-bit-ops.o
 .text.i2c_stop
                0x0000000008006f54       0x36 build/i2c-bit-ops.o
 .text.i2c_send_address
                0x0000000008006f8a       0x42 build/i2c-bit-ops.o
 .text.i2c_bit_send_address
                0x0000000008006fcc       0xc8 build/i2c-bit-ops.o
 .text.i2c_bit_xfer
                0x0000000008007094       0x9a build/i2c-bit-ops.o
 *fill*         0x000000000800712e        0x2 00000000
 .text.rt_i2c_bit_add_bus
                0x0000000008007130       0x10 build/i2c-bit-ops.o
                0x0000000008007130                rt_i2c_bit_add_bus
 .text.rt_i2c_core_init
                0x0000000008007140        0x4 build/i2c_core.o
                0x0000000008007140                rt_i2c_core_init
 .text.rt_i2c_bus_device_register
                0x0000000008007144       0x28 build/i2c_core.o
                0x0000000008007144                rt_i2c_bus_device_register
 .text.rt_i2c_transfer
                0x000000000800716c       0x38 build/i2c_core.o
                0x000000000800716c                rt_i2c_transfer
 .text.rt_i2c_master_send
                0x00000000080071a4       0x26 build/i2c_core.o
                0x00000000080071a4                rt_i2c_master_send
 .text.rt_i2c_master_recv
                0x00000000080071ca       0x2a build/i2c_core.o
                0x00000000080071ca                rt_i2c_master_recv
 .text.i2c_bus_device_control
                0x00000000080071f4       0x4a build/i2c_dev.o
 .text.i2c_bus_device_write
                0x000000000800723e       0x18 build/i2c_dev.o
 .text.i2c_bus_device_read
                0x0000000008007256       0x18 build/i2c_dev.o
 *fill*         0x000000000800726e        0x2 00000000
 .text.rt_i2c_bus_device_device_init
                0x0000000008007270       0x1c build/i2c_dev.o
                0x0000000008007270                rt_i2c_bus_device_device_init
 .text.TIM_OC1_SetConfig
                0x000000000800728c       0x6c build/stm32f4xx_hal_tim.o
 .text.TIM_OC3_SetConfig
                0x00000000080072f8       0x74 build/stm32f4xx_hal_tim.o
 .text.TIM_OC4_SetConfig
                0x000000000800736c       0x50 build/stm32f4xx_hal_tim.o
 .text.HAL_TIM_GenerateEvent
                0x00000000080073bc       0x26 build/stm32f4xx_hal_tim.o
                0x00000000080073bc                HAL_TIM_GenerateEvent
 *fill*         0x00000000080073e2        0x2 00000000
 .text.TIM_Base_SetConfig
                0x00000000080073e4       0xcc build/stm32f4xx_hal_tim.o
                0x00000000080073e4                TIM_Base_SetConfig
 .text.HAL_TIM_PWM_Init
                0x00000000080074b0       0x32 build/stm32f4xx_hal_tim.o
                0x00000000080074b0                HAL_TIM_PWM_Init
 *fill*         0x00000000080074e2        0x2 00000000
 .text.TIM_OC2_SetConfig
                0x00000000080074e4       0x74 build/stm32f4xx_hal_tim.o
                0x00000000080074e4                TIM_OC2_SetConfig
 .text.HAL_TIM_PWM_ConfigChannel
                0x0000000008007558       0xdc build/stm32f4xx_hal_tim.o
                0x0000000008007558                HAL_TIM_PWM_ConfigChannel
 .text.TIM_CCxChannelCmd
                0x0000000008007634       0x22 build/stm32f4xx_hal_tim.o
                0x0000000008007634                TIM_CCxChannelCmd
 *fill*         0x0000000008007656        0x2 00000000
 .text.HAL_TIM_PWM_Start
                0x0000000008007658       0x4c build/stm32f4xx_hal_tim.o
                0x0000000008007658                HAL_TIM_PWM_Start
 .text.HAL_TIM_PWM_Stop
                0x00000000080076a4       0x70 build/stm32f4xx_hal_tim.o
                0x00000000080076a4                HAL_TIM_PWM_Stop
 .text.HAL_TIMEx_MasterConfigSynchronization
                0x0000000008007714       0x88 build/stm32f4xx_hal_tim_ex.o
                0x0000000008007714                HAL_TIMEx_MasterConfigSynchronization
 .text.HAL_RCC_OscConfig
                0x000000000800779c      0x3ec build/stm32f4xx_hal_rcc.o
                0x000000000800779c                HAL_RCC_OscConfig
 .text.HAL_RCC_GetSysClockFreq
                0x0000000008007b88       0xa4 build/stm32f4xx_hal_rcc.o
                0x0000000008007b88                HAL_RCC_GetSysClockFreq
 .text.HAL_RCC_ClockConfig
                0x0000000008007c2c      0x160 build/stm32f4xx_hal_rcc.o
                0x0000000008007c2c                HAL_RCC_ClockConfig
 .text.HAL_RCC_GetHCLKFreq
                0x0000000008007d8c        0xc build/stm32f4xx_hal_rcc.o
                0x0000000008007d8c                HAL_RCC_GetHCLKFreq
 .text.HAL_RCC_GetPCLK1Freq
                0x0000000008007d98       0x20 build/stm32f4xx_hal_rcc.o
                0x0000000008007d98                HAL_RCC_GetPCLK1Freq
 .text.HAL_RCC_GetPCLK2Freq
                0x0000000008007db8       0x20 build/stm32f4xx_hal_rcc.o
                0x0000000008007db8                HAL_RCC_GetPCLK2Freq
 .text.HAL_GPIO_Init
                0x0000000008007dd8      0x1f4 build/stm32f4xx_hal_gpio.o
                0x0000000008007dd8                HAL_GPIO_Init
 .text.HAL_GPIO_DeInit
                0x0000000008007fcc      0x150 build/stm32f4xx_hal_gpio.o
                0x0000000008007fcc                HAL_GPIO_DeInit
 .text.HAL_GPIO_ReadPin
                0x000000000800811c        0xe build/stm32f4xx_hal_gpio.o
                0x000000000800811c                HAL_GPIO_ReadPin
 .text.HAL_GPIO_WritePin
                0x000000000800812a        0xc build/stm32f4xx_hal_gpio.o
                0x000000000800812a                HAL_GPIO_WritePin
 *fill*         0x0000000008008136        0x2 00000000
 .text.HAL_GPIO_EXTI_IRQHandler
                0x0000000008008138       0x1c build/stm32f4xx_hal_gpio.o
                0x0000000008008138                HAL_GPIO_EXTI_IRQHandler
 .text.DMA_SetConfig
                0x0000000008008154       0x2c build/stm32f4xx_hal_dma.o
 .text.DMA_CalcBaseAndBitshift
                0x0000000008008180       0x3c build/stm32f4xx_hal_dma.o
 .text.DMA_CheckFifoParam
                0x00000000080081bc       0x8e build/stm32f4xx_hal_dma.o
 *fill*         0x000000000800824a        0x2 00000000
 .text.HAL_DMA_Init
                0x000000000800824c       0xd0 build/stm32f4xx_hal_dma.o
                0x000000000800824c                HAL_DMA_Init
 .text.HAL_DMA_DeInit
                0x000000000800831c       0x66 build/stm32f4xx_hal_dma.o
                0x000000000800831c                HAL_DMA_DeInit
 .text.HAL_DMA_Start_IT
                0x0000000008008382       0x6a build/stm32f4xx_hal_dma.o
                0x0000000008008382                HAL_DMA_Start_IT
 .text.HAL_DMA_Abort_IT
                0x00000000080083ec       0x26 build/stm32f4xx_hal_dma.o
                0x00000000080083ec                HAL_DMA_Abort_IT
 *fill*         0x0000000008008412        0x2 00000000
 .text.HAL_PWREx_EnableOverDrive
                0x0000000008008414       0x80 build/stm32f4xx_hal_pwr_ex.o
                0x0000000008008414                HAL_PWREx_EnableOverDrive
 .text.HAL_NVIC_SetPriorityGrouping
                0x0000000008008494       0x24 build/stm32f4xx_hal_cortex.o
                0x0000000008008494                HAL_NVIC_SetPriorityGrouping
 .text.HAL_NVIC_SetPriority
                0x00000000080084b8       0x64 build/stm32f4xx_hal_cortex.o
                0x00000000080084b8                HAL_NVIC_SetPriority
 .text.HAL_NVIC_EnableIRQ
                0x000000000800851c       0x18 build/stm32f4xx_hal_cortex.o
                0x000000000800851c                HAL_NVIC_EnableIRQ
 .text.HAL_NVIC_DisableIRQ
                0x0000000008008534       0x1c build/stm32f4xx_hal_cortex.o
                0x0000000008008534                HAL_NVIC_DisableIRQ
 .text.HAL_SYSTICK_Config
                0x0000000008008550       0x2c build/stm32f4xx_hal_cortex.o
                0x0000000008008550                HAL_SYSTICK_Config
 .text.HAL_SYSTICK_CLKSourceConfig
                0x000000000800857c       0x20 build/stm32f4xx_hal_cortex.o
                0x000000000800857c                HAL_SYSTICK_CLKSourceConfig
 .text.HAL_InitTick
                0x000000000800859c       0x4c build/stm32f4xx_hal.o
                0x000000000800859c                HAL_InitTick
 .text.HAL_Init
                0x00000000080085e8       0x34 build/stm32f4xx_hal.o
                0x00000000080085e8                HAL_Init
 .text.HAL_GetTick
                0x000000000800861c        0xc build/stm32f4xx_hal.o
                0x000000000800861c                HAL_GetTick
 .text.HAL_SRAM_Init
                0x0000000008008628       0x52 build/stm32f4xx_hal_sram.o
                0x0000000008008628                HAL_SRAM_Init
 *fill*         0x000000000800867a        0x2 00000000
 .text.FMC_NORSRAM_Init
                0x000000000800867c       0x74 build/stm32f4xx_ll_fmc.o
                0x000000000800867c                FMC_NORSRAM_Init
 .text.FMC_NORSRAM_Timing_Init
                0x00000000080086f0       0x58 build/stm32f4xx_ll_fmc.o
                0x00000000080086f0                FMC_NORSRAM_Timing_Init
 .text.FMC_NORSRAM_Extended_Timing_Init
                0x0000000008008748       0x44 build/stm32f4xx_ll_fmc.o
                0x0000000008008748                FMC_NORSRAM_Extended_Timing_Init
 .text.UART_EndTxTransfer
                0x000000000800878c       0x12 build/stm32f4xx_hal_uart.o
 .text.UART_EndRxTransfer
                0x000000000800879e       0x1c build/stm32f4xx_hal_uart.o
 .text.UART_Transmit_IT
                0x00000000080087ba       0x6a build/stm32f4xx_hal_uart.o
 .text.UART_SetConfig
                0x0000000008008824      0x1d4 build/stm32f4xx_hal_uart.o
 .text.HAL_UART_Init
                0x00000000080089f8       0x5e build/stm32f4xx_hal_uart.o
                0x00000000080089f8                HAL_UART_Init
 *fill*         0x0000000008008a56        0x2 00000000
 .text.HAL_UART_Transmit_DMA
                0x0000000008008a58       0x8c build/stm32f4xx_hal_uart.o
                0x0000000008008a58                HAL_UART_Transmit_DMA
 .text.HAL_UART_Receive_DMA
                0x0000000008008ae4       0xa8 build/stm32f4xx_hal_uart.o
                0x0000000008008ae4                HAL_UART_Receive_DMA
 .text.UART_DMATransmitCplt
                0x0000000008008b8c       0x30 build/stm32f4xx_hal_uart.o
 .text.UART_EndTransmit_IT
                0x0000000008008bbc       0x1a build/stm32f4xx_hal_uart.o
 .text.HAL_UART_TxHalfCpltCallback
                0x0000000008008bd6        0x2 build/stm32f4xx_hal_uart.o
                0x0000000008008bd6                HAL_UART_TxHalfCpltCallback
 .text.UART_DMATxHalfCplt
                0x0000000008008bd8        0xa build/stm32f4xx_hal_uart.o
 .text.UART_DMAReceiveCplt
                0x0000000008008be2       0x3e build/stm32f4xx_hal_uart.o
 .text.UART_Receive_IT
                0x0000000008008c20       0x9e build/stm32f4xx_hal_uart.o
 .text.UART_DMARxHalfCplt
                0x0000000008008cbe        0xa build/stm32f4xx_hal_uart.o
 .text.UART_DMAError
                0x0000000008008cc8       0x58 build/stm32f4xx_hal_uart.o
 .text.HAL_UART_IRQHandler
                0x0000000008008d20      0x128 build/stm32f4xx_hal_uart.o
                0x0000000008008d20                HAL_UART_IRQHandler
 .text.UART_DMAAbortOnError
                0x0000000008008e48       0x10 build/stm32f4xx_hal_uart.o
 .text.Reset_Handler
                0x0000000008008e58       0x4c build/startup_stm32f429xx.o
                0x0000000008008e58                Reset_Handler
 .text.Default_Handler
                0x0000000008008ea4        0x2 build/startup_stm32f429xx.o
                0x0000000008008ea4                RTC_Alarm_IRQHandler
                0x0000000008008ea4                HASH_RNG_IRQHandler
                0x0000000008008ea4                TIM8_CC_IRQHandler
                0x0000000008008ea4                UART8_IRQHandler
                0x0000000008008ea4                SPI4_IRQHandler
                0x0000000008008ea4                TIM1_CC_IRQHandler
                0x0000000008008ea4                DMA2_Stream5_IRQHandler
                0x0000000008008ea4                DMA1_Stream5_IRQHandler
                0x0000000008008ea4                PVD_IRQHandler
                0x0000000008008ea4                SDIO_IRQHandler
                0x0000000008008ea4                TAMP_STAMP_IRQHandler
                0x0000000008008ea4                CAN2_RX1_IRQHandler
                0x0000000008008ea4                TIM8_TRG_COM_TIM14_IRQHandler
                0x0000000008008ea4                TIM1_UP_TIM10_IRQHandler
                0x0000000008008ea4                TIM8_UP_TIM13_IRQHandler
                0x0000000008008ea4                I2C3_ER_IRQHandler
                0x0000000008008ea4                I2C2_EV_IRQHandler
                0x0000000008008ea4                DMA1_Stream2_IRQHandler
                0x0000000008008ea4                CAN1_RX0_IRQHandler
                0x0000000008008ea4                FPU_IRQHandler
                0x0000000008008ea4                OTG_HS_WKUP_IRQHandler
                0x0000000008008ea4                LTDC_ER_IRQHandler
                0x0000000008008ea4                CAN2_SCE_IRQHandler
                0x0000000008008ea4                DMA2_Stream2_IRQHandler
                0x0000000008008ea4                SPI1_IRQHandler
                0x0000000008008ea4                TIM6_DAC_IRQHandler
                0x0000000008008ea4                TIM1_BRK_TIM9_IRQHandler
                0x0000000008008ea4                DCMI_IRQHandler
                0x0000000008008ea4                CAN2_RX0_IRQHandler
                0x0000000008008ea4                DMA2_Stream3_IRQHandler
                0x0000000008008ea4                USART6_IRQHandler
                0x0000000008008ea4                USART3_IRQHandler
                0x0000000008008ea4                CAN1_RX1_IRQHandler
                0x0000000008008ea4                UART5_IRQHandler
                0x0000000008008ea4                DMA2_Stream0_IRQHandler
                0x0000000008008ea4                TIM4_IRQHandler
                0x0000000008008ea4                I2C1_EV_IRQHandler
                0x0000000008008ea4                DMA1_Stream6_IRQHandler
                0x0000000008008ea4                DMA1_Stream1_IRQHandler
                0x0000000008008ea4                UART4_IRQHandler
                0x0000000008008ea4                TIM3_IRQHandler
                0x0000000008008ea4                RCC_IRQHandler
                0x0000000008008ea4                TIM8_BRK_TIM12_IRQHandler
                0x0000000008008ea4                Default_Handler
                0x0000000008008ea4                ADC_IRQHandler
                0x0000000008008ea4                DMA1_Stream7_IRQHandler
                0x0000000008008ea4                SPI5_IRQHandler
                0x0000000008008ea4                TIM7_IRQHandler
                0x0000000008008ea4                CAN2_TX_IRQHandler
                0x0000000008008ea4                TIM5_IRQHandler
                0x0000000008008ea4                DMA2_Stream7_IRQHandler
                0x0000000008008ea4                I2C3_EV_IRQHandler
                0x0000000008008ea4                RTC_WKUP_IRQHandler
                0x0000000008008ea4                LTDC_IRQHandler
                0x0000000008008ea4                ETH_WKUP_IRQHandler
                0x0000000008008ea4                SPI2_IRQHandler
                0x0000000008008ea4                OTG_HS_EP1_IN_IRQHandler
                0x0000000008008ea4                DMA1_Stream0_IRQHandler
                0x0000000008008ea4                CAN1_TX_IRQHandler
                0x0000000008008ea4                ETH_IRQHandler
                0x0000000008008ea4                OTG_HS_EP1_OUT_IRQHandler
                0x0000000008008ea4                WWDG_IRQHandler
                0x0000000008008ea4                SPI6_IRQHandler
                0x0000000008008ea4                TIM2_IRQHandler
                0x0000000008008ea4                OTG_FS_WKUP_IRQHandler
                0x0000000008008ea4                TIM1_TRG_COM_TIM11_IRQHandler
                0x0000000008008ea4                OTG_HS_IRQHandler
                0x0000000008008ea4                DMA2D_IRQHandler
                0x0000000008008ea4                UART7_IRQHandler
                0x0000000008008ea4                USART2_IRQHandler
                0x0000000008008ea4                I2C2_ER_IRQHandler
                0x0000000008008ea4                DMA2_Stream1_IRQHandler
                0x0000000008008ea4                CAN1_SCE_IRQHandler
                0x0000000008008ea4                FLASH_IRQHandler
                0x0000000008008ea4                DMA2_Stream4_IRQHandler
                0x0000000008008ea4                OTG_FS_IRQHandler
                0x0000000008008ea4                SPI3_IRQHandler
                0x0000000008008ea4                DMA1_Stream4_IRQHandler
                0x0000000008008ea4                I2C1_ER_IRQHandler
                0x0000000008008ea4                FMC_IRQHandler
                0x0000000008008ea4                DMA2_Stream6_IRQHandler
                0x0000000008008ea4                SAI1_IRQHandler
                0x0000000008008ea4                DMA1_Stream3_IRQHandler
 .text.atoi     0x0000000008008ea6        0x8 /opt/gcc-arm-none-eabi-6-2017-q2-update/bin/../lib/gcc/arm-none-eabi/6.3.1/../../../../arm-none-eabi/lib/thumb/v7e-m/fpv4-sp/hard/libc_nano.a(lib_a-atoi.o)
                0x0000000008008ea6                atoi
 .text.memcmp   0x0000000008008eae       0x1e /opt/gcc-arm-none-eabi-6-2017-q2-update/bin/../lib/gcc/arm-none-eabi/6.3.1/../../../../arm-none-eabi/lib/thumb/v7e-m/fpv4-sp/hard/libc_nano.a(lib_a-memcmp.o)
                0x0000000008008eae                memcmp
 .text.memcpy   0x0000000008008ecc       0x16 /opt/gcc-arm-none-eabi-6-2017-q2-update/bin/../lib/gcc/arm-none-eabi/6.3.1/../../../../arm-none-eabi/lib/thumb/v7e-m/fpv4-sp/hard/libc_nano.a(lib_a-memcpy-stub.o)
                0x0000000008008ecc                memcpy
 .text.memset   0x0000000008008ee2       0x10 /opt/gcc-arm-none-eabi-6-2017-q2-update/bin/../lib/gcc/arm-none-eabi/6.3.1/../../../../arm-none-eabi/lib/thumb/v7e-m/fpv4-sp/hard/libc_nano.a(lib_a-memset.o)
                0x0000000008008ee2                memset
 .text.strncmp  0x0000000008008ef2       0x24 /opt/gcc-arm-none-eabi-6-2017-q2-update/bin/../lib/gcc/arm-none-eabi/6.3.1/../../../../arm-none-eabi/lib/thumb/v7e-m/fpv4-sp/hard/libc_nano.a(lib_a-strncmp.o)
                0x0000000008008ef2                strncmp
 .text.strncpy  0x0000000008008f16       0x2a /opt/gcc-arm-none-eabi-6-2017-q2-update/bin/../lib/gcc/arm-none-eabi/6.3.1/../../../../arm-none-eabi/lib/thumb/v7e-m/fpv4-sp/hard/libc_nano.a(lib_a-strncpy.o)
                0x0000000008008f16                strncpy
 .text._strtol_l.isra.0
                0x0000000008008f40      0x100 /opt/gcc-arm-none-eabi-6-2017-q2-update/bin/../lib/gcc/arm-none-eabi/6.3.1/../../../../arm-none-eabi/lib/thumb/v7e-m/fpv4-sp/hard/libc_nano.a(lib_a-strtol.o)
 .text.strtol   0x0000000008009040       0x2c /opt/gcc-arm-none-eabi-6-2017-q2-update/bin/../lib/gcc/arm-none-eabi/6.3.1/../../../../arm-none-eabi/lib/thumb/v7e-m/fpv4-sp/hard/libc_nano.a(lib_a-strtol.o)
                0x0000000008009040                strtol
 .text.__locale_ctype_ptr_l
                0x000000000800906c        0x6 /opt/gcc-arm-none-eabi-6-2017-q2-update/bin/../lib/gcc/arm-none-eabi/6.3.1/../../../../arm-none-eabi/lib/thumb/v7e-m/fpv4-sp/hard/libc_nano.a(lib_a-locale.o)
                0x000000000800906c                __locale_ctype_ptr_l
 .text.__ascii_mbtowc
                0x0000000008009072       0x24 /opt/gcc-arm-none-eabi-6-2017-q2-update/bin/../lib/gcc/arm-none-eabi/6.3.1/../../../../arm-none-eabi/lib/thumb/v7e-m/fpv4-sp/hard/libc_nano.a(lib_a-mbtowc_r.o)
                0x0000000008009072                __ascii_mbtowc
 .text.__ascii_wctomb
                0x0000000008009096       0x1a /opt/gcc-arm-none-eabi-6-2017-q2-update/bin/../lib/gcc/arm-none-eabi/6.3.1/../../../../arm-none-eabi/lib/thumb/v7e-m/fpv4-sp/hard/libc_nano.a(lib_a-wctomb_r.o)
                0x0000000008009096                __ascii_wctomb
 *(.rodata)
 .rodata        0x00000000080090b0        0x8 build/drv_usart.o
 *(.rodata*)
 .rodata.rt_hw_board_init.str1.4
                0x00000000080090b8        0x6 build/board.o
 *fill*         0x00000000080090be        0x2 00000000
 .rodata.beep_init.str1.4
                0x00000000080090c0        0x5 build/beep.o
 *fill*         0x00000000080090c5        0x3 00000000
 .rodata.my_button_start.str1.4
                0x00000000080090c8        0x7 build/button.o
 *fill*         0x00000000080090cf        0x1 00000000
 .rodata.freq_tab
                0x00000000080090d0       0x18 build/decode.o
 .rodata.length_tab
                0x00000000080090e8        0x7 build/decode.o
 *fill*         0x00000000080090ef        0x1 00000000
 .rodata.sign_tab
                0x00000000080090f0        0x7 build/decode.o
 *fill*         0x00000000080090f7        0x1 00000000
 .rodata.asc2_1206
                0x00000000080090f8      0x474 build/font.o
                0x00000000080090f8                asc2_1206
 .rodata.asc2_1608
                0x000000000800956c      0x5f0 build/font.o
                0x000000000800956c                asc2_1608
 .rodata.asc2_2412
                0x0000000008009b5c      0xd5c build/font.o
                0x0000000008009b5c                asc2_2412
 .rodata.asc2_3216
                0x000000000800a8b8     0x2f80 build/font.o
                0x000000000800a8b8                asc2_3216
 .rodata.pcf8574_init.str1.4
                0x000000000800d838       0x72 build/pcf8574.o
 *fill*         0x000000000800d8aa        0x2 00000000
 .rodata.name   0x000000000800d8ac       0x29 build/pcf8574_sample.o
                0x000000000800d8ac                __fsym___cmd_pcf8574_sample_desc
                0x000000000800d8c0                __fsym___cmd_pcf8574_sample_name
 *fill*         0x000000000800d8d5        0x3 00000000
 .rodata.pcf8574_sample.str1.4
                0x000000000800d8d8       0x28 build/pcf8574_sample.o
 .rodata.player_show.str1.4
                0x000000000800d900       0x5d build/player.o
 *fill*         0x000000000800d95d        0x3 00000000
 .rodata.player_start.str1.4
                0x000000000800d960       0x13 build/player.o
 *fill*         0x000000000800d973        0x1 00000000
 .rodata.serial_ops
                0x000000000800d974       0x18 build/serial.o
 .rodata.device_type_str
                0x000000000800d98c       0x58 build/cmd.o
 .rodata.hello.str1.4
                0x000000000800d9e4       0x12 build/cmd.o
 *fill*         0x000000000800d9f6        0x2 00000000
 .rodata.list.str1.4
                0x000000000800d9f8       0x25 build/cmd.o
 *fill*         0x000000000800da1d        0x3 00000000
 .rodata.list_device.str1.4
                0x000000000800da20       0x6f build/cmd.o
 *fill*         0x000000000800da8f        0x1 00000000
 .rodata.list_event.str1.4
                0x000000000800da90       0x76 build/cmd.o
 *fill*         0x000000000800db06        0x2 00000000
 .rodata.list_msgqueue.str1.4
                0x000000000800db08       0x65 build/cmd.o
 *fill*         0x000000000800db6d        0x3 00000000
 .rodata.list_mutex.str1.4
                0x000000000800db70       0x63 build/cmd.o
 *fill*         0x000000000800dbd3        0x1 00000000
 .rodata.list_sem.str1.4
                0x000000000800dbd4       0x60 build/cmd.o
                                         0x64 (size before relaxing)
 .rodata.list_thread.str1.4
                0x000000000800dc34       0xfc build/cmd.o
                                        0x100 (size before relaxing)
 .rodata.list_timer.str1.4
                0x000000000800dd30       0x9d build/cmd.o
 *fill*         0x000000000800ddcd        0x3 00000000
 .rodata.name   0x000000000800ddd0      0x2ca build/cmd.o
                0x000000000800ddd0                __fsym_list_desc
                0x000000000800ddec                __fsym_list_name
                0x000000000800ddf4                __fsym___cmd_list_device_desc
                0x000000000800de0c                __fsym___cmd_list_device_name
                0x000000000800de20                __fsym_list_device_desc
                0x000000000800de38                __fsym_list_device_name
                0x000000000800de44                __fsym___cmd_list_timer_desc
                0x000000000800de5c                __fsym___cmd_list_timer_name
                0x000000000800de70                __fsym_list_timer_desc
                0x000000000800de88                __fsym_list_timer_name
                0x000000000800de94                __fsym___cmd_list_msgqueue_desc
                0x000000000800deb4                __fsym___cmd_list_msgqueue_name
                0x000000000800dec8                __fsym_list_msgqueue_desc
                0x000000000800dee8                __fsym_list_msgqueue_name
                0x000000000800def8                __fsym___cmd_list_mutex_desc
                0x000000000800df10                __fsym___cmd_list_mutex_name
                0x000000000800df24                __fsym_list_mutex_desc
                0x000000000800df3c                __fsym_list_mutex_name
                0x000000000800df48                __fsym___cmd_list_event_desc
                0x000000000800df60                __fsym___cmd_list_event_name
                0x000000000800df74                __fsym_list_event_desc
                0x000000000800df8c                __fsym_list_event_name
                0x000000000800df98                __fsym___cmd_list_sem_desc
                0x000000000800dfb4                __fsym___cmd_list_sem_name
                0x000000000800dfc4                __fsym_list_sem_desc
                0x000000000800dfe0                __fsym_list_sem_name
                0x000000000800dfec                __fsym___cmd_list_thread_desc
                0x000000000800dff8                __fsym___cmd_list_thread_name
                0x000000000800e00c                __fsym_list_thread_desc
                0x000000000800e018                __fsym_list_thread_name
                0x000000000800e024                __fsym___cmd_version_desc
                0x000000000800e048                __fsym___cmd_version_name
                0x000000000800e058                __fsym_version_desc
                0x000000000800e07c                __fsym_version_name
                0x000000000800e084                __fsym_hello_desc
                0x000000000800e094                __fsym_hello_name
 *fill*         0x000000000800e09a        0x2 00000000
 .rodata.show_wait_queue.str1.4
                0x000000000800e09c        0x6 build/cmd.o
 *fill*         0x000000000800e0a2        0x2 00000000
 .rodata.str1.4
                0x000000000800e0a4      0x131 build/cmd.o
 .rodata.msh_auto_complete.str1.4
                0x000000000800e1d5      0x131 build/msh.o
                                          0x4 (size before relaxing)
 *fill*         0x000000000800e1d5        0x3 00000000
 .rodata.msh_exec.str1.4
                0x000000000800e1d8       0x18 build/msh.o
 .rodata.msh_help.str1.4
                0x000000000800e1f0       0x30 build/msh.o
 .rodata.msh_split.str1.4
                0x000000000800e220       0x24 build/msh.o
                                         0x26 (size before relaxing)
 .rodata.name   0x000000000800e244       0x7f build/msh.o
                0x000000000800e244                __fsym___cmd_free_desc
                0x000000000800e26c                __fsym___cmd_free_name
                0x000000000800e278                __fsym___cmd_ps_desc
                0x000000000800e294                __fsym___cmd_ps_name
                0x000000000800e2a0                __fsym___cmd_help_desc
                0x000000000800e2b8                __fsym___cmd_help_name
 *fill*         0x000000000800e2c3        0x1 00000000
 .rodata.finsh_get_prompt.str1.4
                0x000000000800e2c4       0x12 build/shell.o
 *fill*         0x000000000800e2d6        0x2 00000000
 .rodata.finsh_set_device.str1.4
                0x000000000800e2d8       0x20 build/shell.o
 .rodata.finsh_system_init.str1.4
                0x000000000800e2f8       0x25 build/shell.o
 *fill*         0x000000000800e31d        0x3 00000000
 .rodata.finsh_thread_entry.str1.4
                0x000000000800e320       0x14 build/shell.o
                                         0x17 (size before relaxing)
 .rodata.shell_auto_complete.str1.4
                0x000000000800e334        0x2 build/shell.o
 .rodata.shell_handle_history.str1.4
                0x000000000800e334        0xd build/shell.o
 *fill*         0x000000000800e341        0x3 00000000
 .rodata.bus_fault_track.str1.4
                0x000000000800e344       0x70 build/cpuport.o
                                         0x72 (size before relaxing)
 .rodata.hard_fault_track.str1.4
                0x000000000800e3b4       0x25 build/cpuport.o
 *fill*         0x000000000800e3d9        0x3 00000000
 .rodata.mem_manage_fault_track.str1.4
                0x000000000800e3dc       0x6c build/cpuport.o
 .rodata.rt_hw_hard_fault_exception.str1.4
                0x000000000800e448      0x14a build/cpuport.o
 *fill*         0x000000000800e592        0x2 00000000
 .rodata.usage_fault_track.str1.4
                0x000000000800e594       0x67 build/cpuport.o
 *fill*         0x000000000800e5fb        0x1 00000000
 .rodata.rt_application_init.str1.4
                0x000000000800e5fc        0x5 build/components.o
 *fill*         0x000000000800e601        0x3 00000000
 .rodata.rt_device_init.str1.4
                0x000000000800e604       0x36 build/device.o
 *fill*         0x000000000800e63a        0x2 00000000
 .rodata.rt_thread_idle_init.str1.4
                0x000000000800e63c        0x8 build/idle.o
 .rodata.large_digits.6823
                0x000000000800e644       0x11 build/kservice.o
 *fill*         0x000000000800e655        0x3 00000000
 .rodata.rt_show_version.str1.4
                0x000000000800e658       0x86 build/kservice.o
 *fill*         0x000000000800e6de        0x2 00000000
 .rodata.rt_vsnprintf.str1.4
                0x000000000800e6e0        0x7 build/kservice.o
 *fill*         0x000000000800e6e7        0x1 00000000
 .rodata.small_digits.6822
                0x000000000800e6e8       0x11 build/kservice.o
 *fill*         0x000000000800e6f9        0x3 00000000
 .rodata.list_mem.str1.4
                0x000000000800e6fc       0x46 build/mem.o
 *fill*         0x000000000800e742        0x2 00000000
 .rodata.name   0x000000000800e744       0x29 build/mem.o
                0x000000000800e744                __fsym_list_mem_desc
                0x000000000800e764                __fsym_list_mem_name
 *fill*         0x000000000800e76d        0x3 00000000
 .rodata.rt_free.str1.4
                0x000000000800e770       0x4c build/mem.o
 .rodata.rt_system_heap_init.str1.4
                0x000000000800e7bc       0x42 build/mem.o
 *fill*         0x000000000800e7fe        0x2 00000000
 .rodata._rt_scheduler_stack_check.str1.4
                0x000000000800e800       0x51 build/scheduler.o
 *fill*         0x000000000800e851        0x3 00000000
 .rodata.song1  0x000000000800e854      0x212 build/main.o
                0x000000000800e854                song1
 *fill*         0x000000000800ea66        0x2 00000000
 .rodata.song2  0x000000000800ea68      0x212 build/main.o
                0x000000000800ea68                song2
 *fill*         0x000000000800ec7a        0x2 00000000
 .rodata.song3  0x000000000800ec7c      0x212 build/main.o
                0x000000000800ec7c                song3
 *fill*         0x000000000800ee8e        0x2 00000000
 .rodata.song4  0x000000000800ee90      0x212 build/main.o
                0x000000000800ee90                song4
 *fill*         0x000000000800f0a2        0x2 00000000
 .rodata.song5  0x000000000800f0a4      0x212 build/main.o
                0x000000000800f0a4                song5
 *fill*         0x000000000800f2b6        0x2 00000000
 .rodata.AHBPrescTable
                0x000000000800f2b8       0x10 build/system_stm32f4xx.o
                0x000000000800f2b8                AHBPrescTable
 .rodata.APBPrescTable
                0x000000000800f2c8        0x8 build/system_stm32f4xx.o
                0x000000000800f2c8                APBPrescTable
 .rodata._stm32_pin_ops
                0x000000000800f2d0       0x18 build/drv_gpio.o
 .rodata.pin_irq_map
                0x000000000800f2e8       0x40 build/drv_gpio.o
 .rodata.pins   0x000000000800f328      0x840 build/drv_gpio.o
 .rodata.rt_hw_pin_init.str1.4
                0x000000000800fb68        0x4 build/drv_gpio.o
 .rodata.hw_i2c_init.str1.4
                0x000000000800fb6c       0x17 build/drv_i2c.o
                                         0x1d (size before relaxing)
 *fill*         0x000000000800fb83        0x1 00000000
 .rodata.stm32_bit_ops
                0x000000000800fb84       0x20 build/drv_i2c.o
 .rodata.stm32_uart_ops
                0x000000000800fba4       0x14 build/drv_usart.o
 .rodata.str1.4
                0x000000000800fbb8        0x6 build/drv_usart.o
 .rodata.str1.4
                0x000000000800fbb8        0x5 build/drv_pwm.o
 .rodata.name   0x000000000800fbb8       0x70 build/pin.o
                0x000000000800fbb8                __fsym_pinRead_desc
                0x000000000800fbd8                __fsym_pinRead_name
                0x000000000800fbe0                __fsym_pinWrite_desc
                0x000000000800fbfc                __fsym_pinWrite_name
                0x000000000800fc08                __fsym_pinMode_desc
                0x000000000800fc20                __fsym_pinMode_name
 .rodata.pin_ops
                0x000000000800fc28       0x18 build/pin.o
 .rodata.name   0x000000000800fc40       0xaf build/rt_drv_pwm.o
                0x000000000800fc40                __fsym___cmd_pwm_set_desc
                0x000000000800fc58                __fsym___cmd_pwm_set_name
                0x000000000800fc68                __fsym___cmd_pwm_disable_desc
                0x000000000800fc7c                __fsym___cmd_pwm_disable_name
                0x000000000800fc90                __fsym___cmd_pwm_enable_desc
                0x000000000800fca4                __fsym___cmd_pwm_enable_name
                0x000000000800fcb8                __fsym_pwm_set_desc
                0x000000000800fcc4                __fsym_pwm_set_name
                0x000000000800fccc                __fsym_pwm_enable_desc
                0x000000000800fce4                __fsym_pwm_enable_name
 *fill*         0x000000000800fcef        0x1 00000000
 .rodata.pwm_device_ops
                0x000000000800fcf0       0x18 build/rt_drv_pwm.o
 .rodata.pwm_enable.str1.4
                0x000000000800fd08       0x1a build/rt_drv_pwm.o
 *fill*         0x000000000800fd22        0x2 00000000
 .rodata.pwm_set.str1.4
                0x000000000800fd24       0x1e build/rt_drv_pwm.o
 *fill*         0x000000000800fd42        0x2 00000000
 .rodata.i2c_bit_bus_ops
                0x000000000800fd44        0xc build/i2c-bit-ops.o
 .rodata.rt_i2c_bus_device_register.str1.4
                0x000000000800fd50       0x10 build/i2c_core.o
                                          0xd (size before relaxing)
 .rodata.i2c_ops
                0x000000000800fd60       0x18 build/i2c_dev.o
 .rodata.flagBitshiftOffset.8877
                0x000000000800fd78        0x8 build/stm32f4xx_hal_dma.o
 .rodata._setlocale_r.str1.1
                0x000000000800fd80        0x8 /opt/gcc-arm-none-eabi-6-2017-q2-update/bin/../lib/gcc/arm-none-eabi/6.3.1/../../../../arm-none-eabi/lib/thumb/v7e-m/fpv4-sp/hard/libc_nano.a(lib_a-locale.o)
                                          0x9 (size before relaxing)
 .rodata.str1.1
                0x000000000800fd88        0x2 /opt/gcc-arm-none-eabi-6-2017-q2-update/bin/../lib/gcc/arm-none-eabi/6.3.1/../../../../arm-none-eabi/lib/thumb/v7e-m/fpv4-sp/hard/libc_nano.a(lib_a-locale.o)
 .rodata._ctype_
                0x000000000800fd8a      0x101 /opt/gcc-arm-none-eabi-6-2017-q2-update/bin/../lib/gcc/arm-none-eabi/6.3.1/../../../../arm-none-eabi/lib/thumb/v7e-m/fpv4-sp/hard/libc_nano.a(lib_a-ctype_.o)
                0x000000000800fd8a                _ctype_
 *(.glue_7)
 .glue_7        0x000000000800fe8b        0x0 linker stubs
 *(.glue_7t)
 .glue_7t       0x000000000800fe8b        0x0 linker stubs
 *(.gnu.linkonce.t*)
                0x000000000800fe8c                . = ALIGN (0x4)
 *fill*         0x000000000800fe8b        0x1 00000000
                0x000000000800fe8c                __rt_utest_tc_tab_start = .
 *(UtestTcTab)
                0x000000000800fe8c                __rt_utest_tc_tab_end = .
                0x000000000800fe8c                . = ALIGN (0x4)
                0x000000000800fe8c                __fsymtab_start = .
 *(FSymTab)
 FSymTab        0x000000000800fe8c        0xc build/pcf8574_sample.o
                0x000000000800fe8c                __fsym___cmd_pcf8574_sample
 FSymTab        0x000000000800fe98       0xd8 build/cmd.o
                0x000000000800fe98                __fsym_list
                0x000000000800fea4                __fsym___cmd_list_device
                0x000000000800feb0                __fsym_list_device
                0x000000000800febc                __fsym___cmd_list_timer
                0x000000000800fec8                __fsym_list_timer
                0x000000000800fed4                __fsym___cmd_list_msgqueue
                0x000000000800fee0                __fsym_list_msgqueue
                0x000000000800feec                __fsym___cmd_list_mutex
                0x000000000800fef8                __fsym_list_mutex
                0x000000000800ff04                __fsym___cmd_list_event
                0x000000000800ff10                __fsym_list_event
                0x000000000800ff1c                __fsym___cmd_list_sem
                0x000000000800ff28                __fsym_list_sem
                0x000000000800ff34                __fsym___cmd_list_thread
                0x000000000800ff40                __fsym_list_thread
                0x000000000800ff4c                __fsym___cmd_version
                0x000000000800ff58                __fsym_version
                0x000000000800ff64                __fsym_hello
 FSymTab        0x000000000800ff70       0x24 build/msh.o
                0x000000000800ff70                __fsym___cmd_free
                0x000000000800ff7c                __fsym___cmd_ps
                0x000000000800ff88                __fsym___cmd_help
 FSymTab        0x000000000800ff94        0xc build/mem.o
                0x000000000800ff94                __fsym_list_mem
 FSymTab        0x000000000800ffa0       0x24 build/pin.o
                0x000000000800ffa0                __fsym_pinRead
                0x000000000800ffac                __fsym_pinWrite
                0x000000000800ffb8                __fsym_pinMode
 FSymTab        0x000000000800ffc4       0x3c build/rt_drv_pwm.o
                0x000000000800ffc4                __fsym___cmd_pwm_set
                0x000000000800ffd0                __fsym___cmd_pwm_disable
                0x000000000800ffdc                __fsym___cmd_pwm_enable
                0x000000000800ffe8                __fsym_pwm_set
                0x000000000800fff4                __fsym_pwm_enable
                0x0000000008010000                __fsymtab_end = .
                0x0000000008010000                . = ALIGN (0x4)
                0x0000000008010000                __vsymtab_start = .
 *(VSymTab)
                0x0000000008010000                __vsymtab_end = .
                0x0000000008010000                . = ALIGN (0x4)
                0x0000000008010000                __rt_init_start = .
 *(SORT(.rti_fn*))
 .rti_fn.0      0x0000000008010000        0x4 build/components.o
                0x0000000008010000                __rt_init_rti_start
 .rti_fn.0.end  0x0000000008010004        0x4 build/components.o
                0x0000000008010004                __rt_init_rti_board_start
 .rti_fn.1      0x0000000008010008        0x4 build/ili9341.o
                0x0000000008010008                __rt_init_LCD_Init
 .rti_fn.1      0x000000000801000c        0x4 build/drv_i2c.o
                0x000000000801000c                __rt_init_hw_i2c_init
 .rti_fn.1.end  0x0000000008010010        0x4 build/components.o
                0x0000000008010010                __rt_init_rti_board_end
 .rti_fn.3      0x0000000008010014        0x4 build/drv_pwm.o
                0x0000000008010014                __rt_init_stm32_pwm_init
 .rti_fn.4      0x0000000008010018        0x4 build/i2c_core.o
                0x0000000008010018                __rt_init_rt_i2c_core_init
 .rti_fn.6      0x000000000801001c        0x4 build/shell.o
                0x000000000801001c                __rt_init_finsh_system_init
 .rti_fn.6.end  0x0000000008010020        0x4 build/components.o
                0x0000000008010020                __rt_init_rti_end
                0x0000000008010024                __rt_init_end = .
                0x0000000008010024                . = ALIGN (0x4)
                [!provide]                        PROVIDE (__ctors_start__, .)
 *(SORT(.init_array.*))
 *(.init_array)
 .init_array    0x0000000008010024        0x4 /opt/gcc-arm-none-eabi-6-2017-q2-update/bin/../lib/gcc/arm-none-eabi/6.3.1/thumb/v7e-m/fpv4-sp/hard/crtbegin.o
                [!provide]                        PROVIDE (__ctors_end__, .)
                0x0000000008010028                . = ALIGN (0x4)
                0x0000000008010028                _etext = .
                0x0000000008010028                __exidx_start = .

.vfp11_veneer   0x0000000008010028        0x0
 .vfp11_veneer  0x0000000008010028        0x0 linker stubs

.v4_bx          0x0000000008010028        0x0
 .v4_bx         0x0000000008010028        0x0 linker stubs

.init           0x0000000008010028        0x4
 .init          0x0000000008010028        0x4 /opt/gcc-arm-none-eabi-6-2017-q2-update/bin/../lib/gcc/arm-none-eabi/6.3.1/thumb/v7e-m/fpv4-sp/hard/crti.o
                0x0000000008010028                _init

.fini           0x000000000801002c        0x4
 .fini          0x000000000801002c        0x4 /opt/gcc-arm-none-eabi-6-2017-q2-update/bin/../lib/gcc/arm-none-eabi/6.3.1/thumb/v7e-m/fpv4-sp/hard/crti.o
                0x000000000801002c                _fini

.iplt           0x0000000008010030        0x0
 .iplt          0x0000000008010030        0x0 /opt/gcc-arm-none-eabi-6-2017-q2-update/bin/../lib/gcc/arm-none-eabi/6.3.1/thumb/v7e-m/fpv4-sp/hard/crtbegin.o

.eh_frame       0x0000000008010030        0x0
 .eh_frame      0x0000000008010030        0x0 /opt/gcc-arm-none-eabi-6-2017-q2-update/bin/../lib/gcc/arm-none-eabi/6.3.1/thumb/v7e-m/fpv4-sp/hard/crtbegin.o

.ARM.exidx      0x0000000008010030        0x8
 *(.ARM.exidx* .gnu.linkonce.armexidx.*)
 .ARM.exidx     0x0000000008010030        0x8 /opt/gcc-arm-none-eabi-6-2017-q2-update/bin/../lib/gcc/arm-none-eabi/6.3.1/thumb/v7e-m/fpv4-sp/hard/libgcc.a(_udivmoddi4.o)
                0x0000000008010038                _sidata = .
                0x0000000008010038                __exidx_end = .

.rel.dyn        0x0000000008010038        0x0
 .rel.iplt      0x0000000008010038        0x0 /opt/gcc-arm-none-eabi-6-2017-q2-update/bin/../lib/gcc/arm-none-eabi/6.3.1/thumb/v7e-m/fpv4-sp/hard/crtbegin.o

.data           0x0000000020000000      0x3a8 load address 0x0000000008010038
                0x0000000020000000                . = ALIGN (0x4)
                0x0000000020000000                _sdata = .
 *(.data)
 *(.data.*)
 .data.BACK_COLOR
                0x0000000020000000        0x4 build/ili9341.o
                0x0000000020000000                BACK_COLOR
 .data.POINT_COLOR
                0x0000000020000004        0x4 build/ili9341.o
                0x0000000020000004                POINT_COLOR
 .data.rt_object_container
                0x0000000020000008       0x70 build/object.o
 .data.beep_volume
                0x0000000020000078        0x1 build/main.o
                0x0000000020000078                beep_volume
 *fill*         0x0000000020000079        0x3 
 .data.SystemCoreClock
                0x000000002000007c        0x4 build/system_stm32f4xx.o
                0x000000002000007c                SystemCoreClock
 .data.pin_irq_hdr_tab
                0x0000000020000080       0xc0 build/drv_gpio.o
 .data.uart_config
                0x0000000020000140       0x14 build/drv_usart.o
 .data.drv_ops  0x0000000020000154        0x4 build/drv_pwm.o
 .data.stm32_pwm_obj
                0x0000000020000158       0x78 build/drv_pwm.o
 .data.uwTickFreq
                0x00000000200001d0        0x1 build/stm32f4xx_hal.o
                0x00000000200001d0                uwTickFreq
 *fill*         0x00000000200001d1        0x3 
 .data.uwTickPrio
                0x00000000200001d4        0x4 build/stm32f4xx_hal.o
                0x00000000200001d4                uwTickPrio
 .data._impure_ptr
                0x00000000200001d8        0x4 /opt/gcc-arm-none-eabi-6-2017-q2-update/bin/../lib/gcc/arm-none-eabi/6.3.1/../../../../arm-none-eabi/lib/thumb/v7e-m/fpv4-sp/hard/libc_nano.a(lib_a-impure.o)
                0x00000000200001d8                _impure_ptr
 .data.impure_data
                0x00000000200001dc       0x60 /opt/gcc-arm-none-eabi-6-2017-q2-update/bin/../lib/gcc/arm-none-eabi/6.3.1/../../../../arm-none-eabi/lib/thumb/v7e-m/fpv4-sp/hard/libc_nano.a(lib_a-impure.o)
 .data.__global_locale
                0x000000002000023c      0x16c /opt/gcc-arm-none-eabi-6-2017-q2-update/bin/../lib/gcc/arm-none-eabi/6.3.1/../../../../arm-none-eabi/lib/thumb/v7e-m/fpv4-sp/hard/libc_nano.a(lib_a-locale.o)
                0x000000002000023c                __global_locale
 *(.gnu.linkonce.d*)
                [!provide]                        PROVIDE (__dtors_start__, .)
 *(SORT(.dtors.*))
 *(.dtors)
                [!provide]                        PROVIDE (__dtors_end__, .)
                0x00000000200003a8                . = ALIGN (0x4)
                0x00000000200003a8                _edata = .

.jcr            0x00000000200003a8        0x0 load address 0x00000000080103e0