Archive member included to satisfy reference by file (symbol)

/opt/gcc-arm-none-eabi-6-2017-q2-update/bin/../lib/gcc/arm-none-eabi/6.3.1/../../../../arm-none-eabi/lib/thumb/v7e-m/fpv4-sp/hard/libc_nano.a(lib_a-atoi.o)
                              build/finsh_token.o (atoi)
/opt/gcc-arm-none-eabi-6-2017-q2-update/bin/../lib/gcc/arm-none-eabi/6.3.1/../../../../arm-none-eabi/lib/thumb/v7e-m/fpv4-sp/hard/libc_nano.a(lib_a-exit.o)
                              /opt/gcc-arm-none-eabi-6-2017-q2-update/bin/../lib/gcc/arm-none-eabi/6.3.1/../../../../arm-none-eabi/lib/thumb/v7e-m/fpv4-sp/hard/crt0.o (exit)
/opt/gcc-arm-none-eabi-6-2017-q2-update/bin/../lib/gcc/arm-none-eabi/6.3.1/../../../../arm-none-eabi/lib/thumb/v7e-m/fpv4-sp/hard/libc_nano.a(lib_a-impure.o)
                              /opt/gcc-arm-none-eabi-6-2017-q2-update/bin/../lib/gcc/arm-none-eabi/6.3.1/../../../../arm-none-eabi/lib/thumb/v7e-m/fpv4-sp/hard/libc_nano.a(lib_a-exit.o) (_global_impure_ptr)
/opt/gcc-arm-none-eabi-6-2017-q2-update/bin/../lib/gcc/arm-none-eabi/6.3.1/../../../../arm-none-eabi/lib/thumb/v7e-m/fpv4-sp/hard/libc_nano.a(lib_a-init.o)
                              /opt/gcc-arm-none-eabi-6-2017-q2-update/bin/../lib/gcc/arm-none-eabi/6.3.1/../../../../arm-none-eabi/lib/thumb/v7e-m/fpv4-sp/hard/crt0.o (__libc_init_array)
/opt/gcc-arm-none-eabi-6-2017-q2-update/bin/../lib/gcc/arm-none-eabi/6.3.1/../../../../arm-none-eabi/lib/thumb/v7e-m/fpv4-sp/hard/libc_nano.a(lib_a-memset.o)
                              /opt/gcc-arm-none-eabi-6-2017-q2-update/bin/../lib/gcc/arm-none-eabi/6.3.1/../../../../arm-none-eabi/lib/thumb/v7e-m/fpv4-sp/hard/crt0.o (memset)
/opt/gcc-arm-none-eabi-6-2017-q2-update/bin/../lib/gcc/arm-none-eabi/6.3.1/../../../../arm-none-eabi/lib/thumb/v7e-m/fpv4-sp/hard/libc_nano.a(lib_a-printf.o)
                              build/ili9341.o (printf)
/opt/gcc-arm-none-eabi-6-2017-q2-update/bin/../lib/gcc/arm-none-eabi/6.3.1/../../../../arm-none-eabi/lib/thumb/v7e-m/fpv4-sp/hard/libc_nano.a(lib_a-strcmp.o)
                              build/finsh_token.o (strcmp)
/opt/gcc-arm-none-eabi-6-2017-q2-update/bin/../lib/gcc/arm-none-eabi/6.3.1/../../../../arm-none-eabi/lib/thumb/v7e-m/fpv4-sp/hard/libc_nano.a(lib_a-strlen.o)
                              build/finsh_node.o (strlen)
/opt/gcc-arm-none-eabi-6-2017-q2-update/bin/../lib/gcc/arm-none-eabi/6.3.1/../../../../arm-none-eabi/lib/thumb/v7e-m/fpv4-sp/hard/libc_nano.a(lib_a-strncmp.o)
                              build/finsh_var.o (strncmp)
/opt/gcc-arm-none-eabi-6-2017-q2-update/bin/../lib/gcc/arm-none-eabi/6.3.1/../../../../arm-none-eabi/lib/thumb/v7e-m/fpv4-sp/hard/libc_nano.a(lib_a-strncpy.o)
                              build/finsh_node.o (strncpy)
/opt/gcc-arm-none-eabi-6-2017-q2-update/bin/../lib/gcc/arm-none-eabi/6.3.1/../../../../arm-none-eabi/lib/thumb/v7e-m/fpv4-sp/hard/libc_nano.a(lib_a-strtol.o)
                              /opt/gcc-arm-none-eabi-6-2017-q2-update/bin/../lib/gcc/arm-none-eabi/6.3.1/../../../../arm-none-eabi/lib/thumb/v7e-m/fpv4-sp/hard/libc_nano.a(lib_a-atoi.o) (_strtol_r)
/opt/gcc-arm-none-eabi-6-2017-q2-update/bin/../lib/gcc/arm-none-eabi/6.3.1/../../../../arm-none-eabi/lib/thumb/v7e-m/fpv4-sp/hard/libc_nano.a(lib_a-findfp.o)
                              /opt/gcc-arm-none-eabi-6-2017-q2-update/bin/../lib/gcc/arm-none-eabi/6.3.1/../../../../arm-none-eabi/lib/thumb/v7e-m/fpv4-sp/hard/libc_nano.a(lib_a-printf.o) (__sinit)
/opt/gcc-arm-none-eabi-6-2017-q2-update/bin/../lib/gcc/arm-none-eabi/6.3.1/../../../../arm-none-eabi/lib/thumb/v7e-m/fpv4-sp/hard/libc_nano.a(lib_a-fwalk.o)
                              /opt/gcc-arm-none-eabi-6-2017-q2-update/bin/../lib/gcc/arm-none-eabi/6.3.1/../../../../arm-none-eabi/lib/thumb/v7e-m/fpv4-sp/hard/libc_nano.a(lib_a-findfp.o) (_fwalk)
/opt/gcc-arm-none-eabi-6-2017-q2-update/bin/../lib/gcc/arm-none-eabi/6.3.1/../../../../arm-none-eabi/lib/thumb/v7e-m/fpv4-sp/hard/libc_nano.a(lib_a-locale.o)
                              /opt/gcc-arm-none-eabi-6-2017-q2-update/bin/../lib/gcc/arm-none-eabi/6.3.1/../../../../arm-none-eabi/lib/thumb/v7e-m/fpv4-sp/hard/libc_nano.a(lib_a-strtol.o) (__locale_ctype_ptr_l)
/opt/gcc-arm-none-eabi-6-2017-q2-update/bin/../lib/gcc/arm-none-eabi/6.3.1/../../../../arm-none-eabi/lib/thumb/v7e-m/fpv4-sp/hard/libc_nano.a(lib_a-mbtowc_r.o)
                              /opt/gcc-arm-none-eabi-6-2017-q2-update/bin/../lib/gcc/arm-none-eabi/6.3.1/../../../../arm-none-eabi/lib/thumb/v7e-m/fpv4-sp/hard/libc_nano.a(lib_a-locale.o) (__ascii_mbtowc)
/opt/gcc-arm-none-eabi-6-2017-q2-update/bin/../lib/gcc/arm-none-eabi/6.3.1/../../../../arm-none-eabi/lib/thumb/v7e-m/fpv4-sp/hard/libc_nano.a(lib_a-nano-mallocr.o)
                              /opt/gcc-arm-none-eabi-6-2017-q2-update/bin/../lib/gcc/arm-none-eabi/6.3.1/../../../../arm-none-eabi/lib/thumb/v7e-m/fpv4-sp/hard/libc_nano.a(lib_a-findfp.o) (_malloc_r)
[...]
Memory Configuration

Name             Origin             Length             Attributes
RAM              0x0000000020000000 0x0000000000030000 xrw
CCMRAM           0x0000000010000000 0x0000000000010000 rw
FLASH            0x0000000008000000 0x0000000000100000 xr
*default*        0x0000000000000000 0xffffffffffffffff

Linker script and memory map

LOAD /opt/gcc-arm-none-eabi-6-2017-q2-update/bin/../lib/gcc/arm-none-eabi/6.3.1/thumb/v7e-m/fpv4-sp/hard/crti.o
LOAD /opt/gcc-arm-none-eabi-6-2017-q2-update/bin/../lib/gcc/arm-none-eabi/6.3.1/thumb/v7e-m/fpv4-sp/hard/crtbegin.o
LOAD /opt/gcc-arm-none-eabi-6-2017-q2-update/bin/../lib/gcc/arm-none-eabi/6.3.1/../../../../arm-none-eabi/lib/thumb/v7e-m/fpv4-sp/hard/crt0.o
LOAD build/board.o
LOAD build/can.o
LOAD build/key.o
LOAD build/font.o
LOAD build/ili9341.o
LOAD build/led.o
LOAD build/sdram.o
LOAD build/cmd.o
LOAD build/finsh_compiler.o
LOAD build/finsh_error.o
LOAD build/finsh_heap.o
LOAD build/finsh_init.o
LOAD build/finsh_node.o
LOAD build/finsh_ops.o
LOAD build/finsh_parser.o
LOAD build/finsh_token.o
LOAD build/finsh_var.o
LOAD build/finsh_vm.o
LOAD build/msh.o
LOAD build/msh_file.o
LOAD build/shell.o
LOAD build/symbol.o
LOAD build/cpuport.o
LOAD build/clock.o
LOAD build/components.o
LOAD build/cpu.o
LOAD build/device.o
LOAD build/idle.o
LOAD build/ipc.o
LOAD build/irq.o
LOAD build/kservice.o
LOAD build/mem.o
LOAD build/memheap.o
LOAD build/mempool.o
LOAD build/object.o
LOAD build/scheduler.o
LOAD build/signal.o
LOAD build/slab.o
LOAD build/thread.o
LOAD build/timer.o
LOAD build/delay.o
LOAD build/sys.o
LOAD build/usart.o
LOAD build/main.o
LOAD build/stm32f4xx_hal_msp.o
LOAD build/stm32f4xx_it.o
LOAD build/system_stm32f4xx.o
LOAD build/stm32f4xx_hal_tim.o
LOAD build/stm32f4xx_hal_tim_ex.o
LOAD build/stm32f4xx_hal_rcc.o
LOAD build/stm32f4xx_hal_rcc_ex.o
LOAD build/stm32f4xx_hal_rtc.o
LOAD build/stm32f4xx_hal_flash.o
LOAD build/stm32f4xx_hal_flash_ex.o
LOAD build/stm32f4xx_hal_flash_ramfunc.o
LOAD build/stm32f4xx_hal_gpio.o
LOAD build/stm32f4xx_hal_dma.o
LOAD build/stm32f4xx_hal_pwr.o
LOAD build/stm32f4xx_hal_pwr_ex.o
LOAD build/stm32f4xx_hal_cortex.o
LOAD build/stm32f4xx_hal.o
LOAD build/stm32f4xx_hal_sdram.o
LOAD build/stm32f4xx_hal_sram.o
LOAD build/stm32f4xx_ll_fmc.o
LOAD build/stm32f4xx_hal_can.o
LOAD build/stm32f4xx_hal_uart.o
LOAD build/context_gcc.o
LOAD build/startup_stm32f429xx.o
LOAD /opt/gcc-arm-none-eabi-6-2017-q2-update/bin/../lib/gcc/arm-none-eabi/6.3.1/../../../../arm-none-eabi/lib/thumb/v7e-m/fpv4-sp/hard/libc_nano.a
LOAD /opt/gcc-arm-none-eabi-6-2017-q2-update/bin/../lib/gcc/arm-none-eabi/6.3.1/../../../../arm-none-eabi/lib/thumb/v7e-m/fpv4-sp/hard/libm.a
LOAD /opt/gcc-arm-none-eabi-6-2017-q2-update/bin/../lib/gcc/arm-none-eabi/6.3.1/../../../../arm-none-eabi/lib/thumb/v7e-m/fpv4-sp/hard/libnosys.a
START GROUP
LOAD /opt/gcc-arm-none-eabi-6-2017-q2-update/bin/../lib/gcc/arm-none-eabi/6.3.1/thumb/v7e-m/fpv4-sp/hard/libgcc.a
LOAD /opt/gcc-arm-none-eabi-6-2017-q2-update/bin/../lib/gcc/arm-none-eabi/6.3.1/../../../../arm-none-eabi/lib/thumb/v7e-m/fpv4-sp/hard/libc_nano.a
END GROUP
START GROUP
LOAD /opt/gcc-arm-none-eabi-6-2017-q2-update/bin/../lib/gcc/arm-none-eabi/6.3.1/thumb/v7e-m/fpv4-sp/hard/libgcc.a
LOAD /opt/gcc-arm-none-eabi-6-2017-q2-update/bin/../lib/gcc/arm-none-eabi/6.3.1/../../../../arm-none-eabi/lib/thumb/v7e-m/fpv4-sp/hard/libc_nano.a
END GROUP
LOAD /opt/gcc-arm-none-eabi-6-2017-q2-update/bin/../lib/gcc/arm-none-eabi/6.3.1/thumb/v7e-m/fpv4-sp/hard/crtend.o
LOAD /opt/gcc-arm-none-eabi-6-2017-q2-update/bin/../lib/gcc/arm-none-eabi/6.3.1/thumb/v7e-m/fpv4-sp/hard/crtn.o
                0x0000000020030000                _estack = 0x20030000
                0x0000000000000200                _Min_Heap_Size = 0x200
                0x0000000000000400                _Min_Stack_Size = 0x400

.isr_vector     0x0000000008000000      0x1ac
                0x0000000008000000                . = ALIGN (0x4)
 *(.isr_vector)
 .isr_vector    0x0000000008000000      0x1ac build/startup_stm32f429xx.o
                0x0000000008000000                g_pfnVectors
                0x00000000080001ac                . = ALIGN (0x4)

.text           0x00000000080001ac     0x353c
                0x00000000080001ac                . = ALIGN (0x4)
 *(.text)
 .text          0x00000000080001ac       0x6c /opt/gcc-arm-none-eabi-6-2017-q2-update/bin/../lib/gcc/arm-none-eabi/6.3.1/thumb/v7e-m/fpv4-sp/hard/crtbegin.o
 .text          0x0000000008000218      0x138 build/context_gcc.o
                0x0000000008000218                rt_hw_interrupt_disable
                0x0000000008000220                rt_hw_interrupt_enable
                0x0000000008000226                rt_hw_context_switch_interrupt
                0x0000000008000226                rt_hw_context_switch
                0x0000000008000246                PendSV_Handler
                0x00000000080002b2                rt_hw_context_switch_to
                0x00000000080002fa                rt_hw_interrupt_thread_switch
                0x00000000080002fe                HardFault_Handler
 .text          0x0000000008000350       0x30 /opt/gcc-arm-none-eabi-6-2017-q2-update/bin/../lib/gcc/arm-none-eabi/6.3.1/thumb/v7e-m/fpv4-sp/hard/libgcc.a(_aeabi_uldivmod.o)
                0x0000000008000350                __aeabi_uldivmod
 .text          0x0000000008000380      0x2dc /opt/gcc-arm-none-eabi-6-2017-q2-update/bin/../lib/gcc/arm-none-eabi/6.3.1/thumb/v7e-m/fpv4-sp/hard/libgcc.a(_udivmoddi4.o)
                0x0000000008000380                __udivmoddi4
 .text          0x000000000800065c        0x4 /opt/gcc-arm-none-eabi-6-2017-q2-update/bin/../lib/gcc/arm-none-eabi/6.3.1/thumb/v7e-m/fpv4-sp/hard/libgcc.a(_dvmd_tls.o)
                0x000000000800065c                __aeabi_ldiv0
                0x000000000800065c                __aeabi_idiv0
 *(.text*)
 .text.rt_heap_begin_get
                0x0000000008000660        0x8 build/board.o
                0x0000000008000660                rt_heap_begin_get
 .text.rt_heap_end_get
                0x0000000008000668        0x8 build/board.o
                0x0000000008000668                rt_heap_end_get
 .text.SystemClock_Config
                0x0000000008000670       0x98 build/board.o
                0x0000000008000670                SystemClock_Config
 .text.rt_hw_board_init
                0x0000000008000708       0x44 build/board.o
                0x0000000008000708                rt_hw_board_init
 .text.SysTick_Handler
                0x000000000800074c       0x10 build/board.o
                0x000000000800074c                SysTick_Handler
 .text.LED_Init
                0x000000000800075c       0x54 build/led.o
                0x000000000800075c                LED_Init
 .text.rt_hw_stack_init
                0x00000000080007b0       0x50 build/cpuport.o
                0x00000000080007b0                rt_hw_stack_init
 .text.rt_hw_hard_fault_exception
                0x0000000008000800      0x114 build/cpuport.o
                0x0000000008000800                rt_hw_hard_fault_exception
 .text.__rt_ffs
                0x0000000008000914       0x12 build/cpuport.o
                0x0000000008000914                __rt_ffs
 *fill*         0x0000000008000926        0x2 
 .text.rt_tick_get
                0x0000000008000928        0xc build/clock.o
                0x0000000008000928                rt_tick_get
 .text.rt_tick_increase
                0x0000000008000934       0x38 build/clock.o
                0x0000000008000934                rt_tick_increase
 .text.rti_board_start
                0x000000000800096c        0x4 build/components.o
 .text.rti_board_end
                0x0000000008000970        0x4 build/components.o
 .text.rti_end  0x0000000008000974        0x4 build/components.o
 .text.rt_components_board_init
                0x0000000008000978       0x1c build/components.o
                0x0000000008000978                rt_components_board_init
 .text.rt_components_init
                0x0000000008000994       0x1c build/components.o
                0x0000000008000994                rt_components_init
 .text.main_thread_entry
                0x00000000080009b0        0xc build/components.o
                0x00000000080009b0                main_thread_entry
 .text.rt_application_init
                0x00000000080009bc       0x44 build/components.o
                0x00000000080009bc                rt_application_init
 .text.rtthread_startup
                0x0000000008000a00       0x2a build/components.o
                0x0000000008000a00                rtthread_startup
 .text.entry    0x0000000008000a2a        0xa build/components.o
                0x0000000008000a2a                entry
 .text.rt_device_find
                0x0000000008000a34       0x6c build/device.o
                0x0000000008000a34                rt_device_find
 .text.rt_device_open
                0x0000000008000aa0       0xc8 build/device.o
                0x0000000008000aa0                rt_device_open
 .text.rt_device_close
                0x0000000008000b68       0x68 build/device.o
                0x0000000008000b68                rt_device_close
 .text.rt_device_write
                0x0000000008000bd0       0x70 build/device.o
                0x0000000008000bd0                rt_device_write
 .text.rt_thread_idle_excute
                0x0000000008000c40       0xc0 build/idle.o
                0x0000000008000c40                rt_thread_idle_excute
 .text.rt_thread_idle_entry
                0x0000000008000d00        0x8 build/idle.o
 .text.rt_thread_idle_init
                0x0000000008000d08       0x5c build/idle.o
                0x0000000008000d08                rt_thread_idle_init
 .text.rt_sem_init
                0x0000000008000d64       0x50 build/ipc.o
                0x0000000008000d64                rt_sem_init
 .text.rt_sem_take
                0x0000000008000db4      0x168 build/ipc.o
                0x0000000008000db4                rt_sem_take
 .text.rt_sem_release
                0x0000000008000f1c       0x6c build/ipc.o
                0x0000000008000f1c                rt_sem_release
 .text.rt_interrupt_enter
                0x0000000008000f88       0x1c build/irq.o
                0x0000000008000f88                rt_interrupt_enter
 .text.rt_interrupt_leave
                0x0000000008000fa4       0x1c build/irq.o
                0x0000000008000fa4                rt_interrupt_leave
 .text.rt_interrupt_get_nest
                0x0000000008000fc0       0x18 build/irq.o
                0x0000000008000fc0                rt_interrupt_get_nest
 .text.print_number
                0x0000000008000fd8      0x170 build/kservice.o
 .text.rt_set_errno
                0x0000000008001148       0x24 build/kservice.o
                0x0000000008001148                rt_set_errno
 .text.rt_memset
                0x000000000800116c       0x52 build/kservice.o
                0x000000000800116c                rt_memset
 .text.rt_strncpy
                0x00000000080011be       0x2a build/kservice.o
                0x00000000080011be                rt_strncpy
 .text.rt_strncmp
                0x00000000080011e8       0x28 build/kservice.o
                0x00000000080011e8                rt_strncmp
 .text.rt_strlen
                0x0000000008001210       0x10 build/kservice.o
                0x0000000008001210                rt_strlen
 .text.rt_vsnprintf
                0x0000000008001220      0x370 build/kservice.o
                0x0000000008001220                rt_vsnprintf
 .text.rt_vsprintf
                0x0000000008001590       0x10 build/kservice.o
                0x0000000008001590                rt_vsprintf
 .text.rt_sprintf
                0x00000000080015a0       0x1c build/kservice.o
                0x00000000080015a0                rt_sprintf
 .text.rt_console_set_device
                0x00000000080015bc       0x2c build/kservice.o
                0x00000000080015bc                rt_console_set_device
 .text.rt_hw_console_output
                0x00000000080015e8        0x2 build/kservice.o
                0x00000000080015e8                rt_hw_console_output
 *fill*         0x00000000080015ea        0x2 
 .text.rt_kprintf
                0x00000000080015ec       0x58 build/kservice.o
                0x00000000080015ec                rt_kprintf
 .text.rt_show_version
                0x0000000008001644       0x40 build/kservice.o
                0x0000000008001644                rt_show_version
 .text.rt_assert_handler
                0x0000000008001684       0x34 build/kservice.o
                0x0000000008001684                rt_assert_handler
 .text.plug_holes
                0x00000000080016b8       0xb4 build/mem.o
 .text.rt_system_heap_init
                0x000000000800176c       0xc0 build/mem.o
                0x000000000800176c                rt_system_heap_init
 .text.rt_malloc
                0x000000000800182c      0x1c4 build/mem.o
                0x000000000800182c                rt_malloc
 .text.rt_free  0x00000000080019f0      0x14c build/mem.o
                0x00000000080019f0                rt_free
 .text.rt_object_get_information
                0x0000000008001b3c       0x24 build/object.o
                0x0000000008001b3c                rt_object_get_information
 .text.rt_object_init
                0x0000000008001b60       0x88 build/object.o
                0x0000000008001b60                rt_object_init
 .text.rt_object_detach
                0x0000000008001be8       0x40 build/object.o
                0x0000000008001be8                rt_object_detach
 .text.rt_object_allocate
                0x0000000008001c28       0x9c build/object.o
                0x0000000008001c28                rt_object_allocate
 .text.rt_object_delete
                0x0000000008001cc4       0x60 build/object.o
                0x0000000008001cc4                rt_object_delete
 .text.rt_object_is_systemobject
                0x0000000008001d24       0x2c build/object.o
                0x0000000008001d24                rt_object_is_systemobject
 .text.rt_object_get_type
                0x0000000008001d50       0x24 build/object.o
                0x0000000008001d50                rt_object_get_type
 .text._get_highest_priority_thread
                0x0000000008001d74       0x24 build/scheduler.o
 .text._rt_scheduler_stack_check
                0x0000000008001d98       0x5c build/scheduler.o
 .text.rt_system_scheduler_init
                0x0000000008001df4       0x38 build/scheduler.o
                0x0000000008001df4                rt_system_scheduler_init
 .text.rt_schedule_insert_thread
                0x0000000008001e2c       0x80 build/scheduler.o
                0x0000000008001e2c                rt_schedule_insert_thread
 .text.rt_schedule_remove_thread
                0x0000000008001eac       0x64 build/scheduler.o
                0x0000000008001eac                rt_schedule_remove_thread
 .text.rt_system_scheduler_start
                0x0000000008001f10       0x2c build/scheduler.o
                0x0000000008001f10                rt_system_scheduler_start
 .text.rt_schedule
                0x0000000008001f3c       0xf4 build/scheduler.o
                0x0000000008001f3c                rt_schedule
 .text.rt_enter_critical
                0x0000000008002030       0x18 build/scheduler.o
                0x0000000008002030                rt_enter_critical
 .text.rt_exit_critical
                0x0000000008002048       0x3c build/scheduler.o
                0x0000000008002048                rt_exit_critical
 .text._rt_thread_init
                0x0000000008002084       0x90 build/thread.o
 .text.rt_thread_timeout
                0x0000000008002114       0x78 build/thread.o
                0x0000000008002114                rt_thread_timeout
 .text.rt_thread_init
                0x000000000800218c       0x64 build/thread.o
                0x000000000800218c                rt_thread_init
 .text.rt_thread_self
                0x00000000080021f0        0xc build/thread.o
                0x00000000080021f0                rt_thread_self
 .text.rt_thread_exit
                0x00000000080021fc       0x5c build/thread.o
                0x00000000080021fc                rt_thread_exit
 .text.rt_thread_create
                0x0000000008002258       0x52 build/thread.o
                0x0000000008002258                rt_thread_create
 .text.rt_thread_yield
                0x00000000080022aa        0xa build/thread.o
                0x00000000080022aa                rt_thread_yield
 .text.rt_thread_suspend
                0x00000000080022b4       0x98 build/thread.o
                0x00000000080022b4                rt_thread_suspend
 .text.rt_thread_sleep
                0x000000000800234c       0x7c build/thread.o
                0x000000000800234c                rt_thread_sleep
 .text.rt_thread_delay
                0x00000000080023c8        0x8 build/thread.o
                0x00000000080023c8                rt_thread_delay
 .text.rt_thread_resume
                0x00000000080023d0       0x7c build/thread.o
                0x00000000080023d0                rt_thread_resume
 .text.rt_thread_startup
                0x000000000800244c       0x7c build/thread.o
                0x000000000800244c                rt_thread_startup
 .text._rt_timer_init
                0x00000000080024c8       0x32 build/timer.o
 *fill*         0x00000000080024fa        0x2 
 .text.rt_timer_init
                0x00000000080024fc       0x44 build/timer.o
                0x00000000080024fc                rt_timer_init
 .text.rt_timer_detach
                0x0000000008002540       0x80 build/timer.o
                0x0000000008002540                rt_timer_detach
 .text.rt_timer_start
                0x00000000080025c0      0x110 build/timer.o
                0x00000000080025c0                rt_timer_start
 .text.rt_timer_stop
                0x00000000080026d0       0x7c build/timer.o
                0x00000000080026d0                rt_timer_stop
 .text.rt_timer_control
                0x000000000800274c       0x68 build/timer.o
                0x000000000800274c                rt_timer_control
 .text.rt_timer_check
                0x00000000080027b4       0x9c build/timer.o
                0x00000000080027b4                rt_timer_check
 .text.rt_system_timer_init
                0x0000000008002850       0x1c build/timer.o
                0x0000000008002850                rt_system_timer_init
 .text.rt_system_timer_thread_init
                0x000000000800286c        0x2 build/timer.o
                0x000000000800286c                rt_system_timer_thread_init
 *fill*         0x000000000800286e        0x2 
 .text.HAL_UART_RxCpltCallback
                0x0000000008002870       0x78 build/usart.o
                0x0000000008002870                HAL_UART_RxCpltCallback
 .text.USART1_IRQHandler
                0x00000000080028e8       0x44 build/usart.o
                0x00000000080028e8                USART1_IRQHandler
 .text.main     0x000000000800292c       0x2c build/main.o
                0x000000000800292c                main
 .text.HAL_MspInit
                0x0000000008002958        0x2 build/stm32f4xx_hal_msp.o
                0x0000000008002958                HAL_MspInit
 .text.NMI_Handler
                0x000000000800295a        0x2 build/stm32f4xx_it.o
                0x000000000800295a                NMI_Handler
 .text.MemManage_Handler
                0x000000000800295c        0x2 build/stm32f4xx_it.o
                0x000000000800295c                MemManage_Handler
 .text.BusFault_Handler
                0x000000000800295e        0x2 build/stm32f4xx_it.o
                0x000000000800295e                BusFault_Handler
 .text.UsageFault_Handler
                0x0000000008002960        0x2 build/stm32f4xx_it.o
                0x0000000008002960                UsageFault_Handler
 .text.SVC_Handler
                0x0000000008002962        0x2 build/stm32f4xx_it.o
                0x0000000008002962                SVC_Handler
 .text.DebugMon_Handler
                0x0000000008002964        0x2 build/stm32f4xx_it.o
                0x0000000008002964                DebugMon_Handler
 *fill*         0x0000000008002966        0x2 
 .text.SystemInit
                0x0000000008002968       0x4c build/system_stm32f4xx.o
                0x0000000008002968                SystemInit
 .text.HAL_RCC_OscConfig
                0x00000000080029b4      0x3ec build/stm32f4xx_hal_rcc.o
                0x00000000080029b4                HAL_RCC_OscConfig
 .text.HAL_RCC_GetSysClockFreq
                0x0000000008002da0       0xa4 build/stm32f4xx_hal_rcc.o
                0x0000000008002da0                HAL_RCC_GetSysClockFreq
 .text.HAL_RCC_ClockConfig
                0x0000000008002e44      0x160 build/stm32f4xx_hal_rcc.o
                0x0000000008002e44                HAL_RCC_ClockConfig
 .text.HAL_GPIO_Init
                0x0000000008002fa4      0x1f4 build/stm32f4xx_hal_gpio.o
                0x0000000008002fa4                HAL_GPIO_Init
 .text.HAL_GPIO_WritePin
                0x0000000008003198        0xc build/stm32f4xx_hal_gpio.o
                0x0000000008003198                HAL_GPIO_WritePin
 .text.HAL_DMA_Abort_IT
                0x00000000080031a4       0x26 build/stm32f4xx_hal_dma.o
                0x00000000080031a4                HAL_DMA_Abort_IT
 *fill*         0x00000000080031ca        0x2 
 .text.HAL_PWREx_EnableOverDrive
                0x00000000080031cc       0x80 build/stm32f4xx_hal_pwr_ex.o
                0x00000000080031cc                HAL_PWREx_EnableOverDrive
 .text.HAL_NVIC_SetPriorityGrouping
                0x000000000800324c       0x24 build/stm32f4xx_hal_cortex.o
                0x000000000800324c                HAL_NVIC_SetPriorityGrouping
 .text.HAL_NVIC_SetPriority
                0x0000000008003270       0x64 build/stm32f4xx_hal_cortex.o
                0x0000000008003270                HAL_NVIC_SetPriority
 .text.HAL_SYSTICK_Config
                0x00000000080032d4       0x2c build/stm32f4xx_hal_cortex.o
                0x00000000080032d4                HAL_SYSTICK_Config
 .text.HAL_InitTick
                0x0000000008003300       0x4c build/stm32f4xx_hal.o
                0x0000000008003300                HAL_InitTick
 .text.HAL_Init
                0x000000000800334c       0x34 build/stm32f4xx_hal.o
                0x000000000800334c                HAL_Init
 .text.HAL_GetTick
                0x0000000008003380        0xc build/stm32f4xx_hal.o
                0x0000000008003380                HAL_GetTick
 .text.UART_EndRxTransfer
                0x000000000800338c       0x1c build/stm32f4xx_hal_uart.o
 .text.UART_Transmit_IT
                0x00000000080033a8       0x6a build/stm32f4xx_hal_uart.o
 .text.HAL_UART_Receive_IT
                0x0000000008003412       0x5c build/stm32f4xx_hal_uart.o
                0x0000000008003412                HAL_UART_Receive_IT
 .text.HAL_UART_TxCpltCallback
                0x000000000800346e        0x2 build/stm32f4xx_hal_uart.o
                0x000000000800346e                HAL_UART_TxCpltCallback
 .text.UART_EndTransmit_IT
                0x0000000008003470       0x1a build/stm32f4xx_hal_uart.o
 .text.UART_Receive_IT
                0x000000000800348a       0x9e build/stm32f4xx_hal_uart.o
 .text.HAL_UART_ErrorCallback
                0x0000000008003528        0x2 build/stm32f4xx_hal_uart.o
                0x0000000008003528                HAL_UART_ErrorCallback
 *fill*         0x000000000800352a        0x2 
 .text.HAL_UART_IRQHandler
                0x000000000800352c      0x128 build/stm32f4xx_hal_uart.o
                0x000000000800352c                HAL_UART_IRQHandler
 .text.UART_DMAAbortOnError
                0x0000000008003654       0x10 build/stm32f4xx_hal_uart.o
 .text.HAL_UART_GetState
                0x0000000008003664        0xc build/stm32f4xx_hal_uart.o
                0x0000000008003664                HAL_UART_GetState
 .text.Reset_Handler
                0x0000000008003670       0x4c build/startup_stm32f429xx.o
                0x0000000008003670                Reset_Handler
 .text.Default_Handler
                0x00000000080036bc        0x2 build/startup_stm32f429xx.o
                0x00000000080036bc                RTC_Alarm_IRQHandler
                0x00000000080036bc                HASH_RNG_IRQHandler
                0x00000000080036bc                EXTI2_IRQHandler
                0x00000000080036bc                TIM8_CC_IRQHandler
                0x00000000080036bc                UART8_IRQHandler
                0x00000000080036bc                SPI4_IRQHandler
                0x00000000080036bc                TIM1_CC_IRQHandler
                0x00000000080036bc                DMA2_Stream5_IRQHandler
                0x00000000080036bc                DMA1_Stream5_IRQHandler
                0x00000000080036bc                PVD_IRQHandler
                0x00000000080036bc                SDIO_IRQHandler
                0x00000000080036bc                TAMP_STAMP_IRQHandler
                0x00000000080036bc                CAN2_RX1_IRQHandler
                0x00000000080036bc                EXTI3_IRQHandler
                0x00000000080036bc                TIM8_TRG_COM_TIM14_IRQHandler
                0x00000000080036bc                TIM1_UP_TIM10_IRQHandler
                0x00000000080036bc                TIM8_UP_TIM13_IRQHandler
                0x00000000080036bc                I2C3_ER_IRQHandler
                0x00000000080036bc                EXTI0_IRQHandler
                0x00000000080036bc                I2C2_EV_IRQHandler
                0x00000000080036bc                DMA1_Stream2_IRQHandler
                0x00000000080036bc                CAN1_RX0_IRQHandler
                0x00000000080036bc                FPU_IRQHandler
                0x00000000080036bc                OTG_HS_WKUP_IRQHandler
                0x00000000080036bc                LTDC_ER_IRQHandler
                0x00000000080036bc                CAN2_SCE_IRQHandler
                0x00000000080036bc                DMA2_Stream2_IRQHandler
                0x00000000080036bc                SPI1_IRQHandler
                0x00000000080036bc                TIM6_DAC_IRQHandler
                0x00000000080036bc                TIM1_BRK_TIM9_IRQHandler
                0x00000000080036bc                DCMI_IRQHandler
                0x00000000080036bc                CAN2_RX0_IRQHandler
                0x00000000080036bc                DMA2_Stream3_IRQHandler
                0x00000000080036bc                USART6_IRQHandler
                0x00000000080036bc                USART3_IRQHandler
                0x00000000080036bc                CAN1_RX1_IRQHandler
                0x00000000080036bc                UART5_IRQHandler
                0x00000000080036bc                DMA2_Stream0_IRQHandler
                0x00000000080036bc                TIM4_IRQHandler
                0x00000000080036bc                I2C1_EV_IRQHandler
                0x00000000080036bc                DMA1_Stream6_IRQHandler
                0x00000000080036bc                DMA1_Stream1_IRQHandler
                0x00000000080036bc                UART4_IRQHandler
                0x00000000080036bc                TIM3_IRQHandler
                0x00000000080036bc                RCC_IRQHandler
                0x00000000080036bc                TIM8_BRK_TIM12_IRQHandler
                0x00000000080036bc                Default_Handler
                0x00000000080036bc                EXTI15_10_IRQHandler
                0x00000000080036bc                ADC_IRQHandler
                0x00000000080036bc                DMA1_Stream7_IRQHandler
                0x00000000080036bc                SPI5_IRQHandler
                0x00000000080036bc                TIM7_IRQHandler
                0x00000000080036bc                CAN2_TX_IRQHandler
                0x00000000080036bc                TIM5_IRQHandler
                0x00000000080036bc                DMA2_Stream7_IRQHandler
                0x00000000080036bc                I2C3_EV_IRQHandler
                0x00000000080036bc                EXTI9_5_IRQHandler
                0x00000000080036bc                RTC_WKUP_IRQHandler
                0x00000000080036bc                LTDC_IRQHandler
                0x00000000080036bc                ETH_WKUP_IRQHandler
                0x00000000080036bc                SPI2_IRQHandler
                0x00000000080036bc                OTG_HS_EP1_IN_IRQHandler
                0x00000000080036bc                DMA1_Stream0_IRQHandler
                0x00000000080036bc                CAN1_TX_IRQHandler
                0x00000000080036bc                EXTI4_IRQHandler
                0x00000000080036bc                ETH_IRQHandler
                0x00000000080036bc                OTG_HS_EP1_OUT_IRQHandler
                0x00000000080036bc                WWDG_IRQHandler
                0x00000000080036bc                SPI6_IRQHandler
                0x00000000080036bc                TIM2_IRQHandler
                0x00000000080036bc                OTG_FS_WKUP_IRQHandler
                0x00000000080036bc                TIM1_TRG_COM_TIM11_IRQHandler
                0x00000000080036bc                OTG_HS_IRQHandler
                0x00000000080036bc                DMA2D_IRQHandler
                0x00000000080036bc                EXTI1_IRQHandler
                0x00000000080036bc                UART7_IRQHandler
                0x00000000080036bc                USART2_IRQHandler
                0x00000000080036bc                I2C2_ER_IRQHandler
                0x00000000080036bc                DMA2_Stream1_IRQHandler
                0x00000000080036bc                CAN1_SCE_IRQHandler
                0x00000000080036bc                FLASH_IRQHandler
                0x00000000080036bc                DMA2_Stream4_IRQHandler
                0x00000000080036bc                OTG_FS_IRQHandler
                0x00000000080036bc                SPI3_IRQHandler
                0x00000000080036bc                DMA1_Stream4_IRQHandler
                0x00000000080036bc                I2C1_ER_IRQHandler
                0x00000000080036bc                FMC_IRQHandler
                0x00000000080036bc                DMA2_Stream6_IRQHandler
                0x00000000080036bc                SAI1_IRQHandler
                0x00000000080036bc                DMA1_Stream3_IRQHandler
 .text.memset   0x00000000080036be       0x10 /opt/gcc-arm-none-eabi-6-2017-q2-update/bin/../lib/gcc/arm-none-eabi/6.3.1/../../../../arm-none-eabi/lib/thumb/v7e-m/fpv4-sp/hard/libc_nano.a(lib_a-memset.o)
                0x00000000080036be                memset
 *(.glue_7)
 .glue_7        0x00000000080036ce        0x0 linker stubs
 *(.glue_7t)
 .glue_7t       0x00000000080036ce        0x0 linker stubs
 *(.eh_frame)
 *fill*         0x00000000080036ce        0x2 
 .eh_frame      0x00000000080036d0        0x0 /opt/gcc-arm-none-eabi-6-2017-q2-update/bin/../lib/gcc/arm-none-eabi/6.3.1/thumb/v7e-m/fpv4-sp/hard/crtbegin.o
 *(.init)
 .init          0x00000000080036d0        0x4 /opt/gcc-arm-none-eabi-6-2017-q2-update/bin/../lib/gcc/arm-none-eabi/6.3.1/thumb/v7e-m/fpv4-sp/hard/crti.o
                0x00000000080036d0                _init
 .init          0x00000000080036d4        0x8 /opt/gcc-arm-none-eabi-6-2017-q2-update/bin/../lib/gcc/arm-none-eabi/6.3.1/thumb/v7e-m/fpv4-sp/hard/crtn.o
 *(.fini)
 .fini          0x00000000080036dc        0x4 /opt/gcc-arm-none-eabi-6-2017-q2-update/bin/../lib/gcc/arm-none-eabi/6.3.1/thumb/v7e-m/fpv4-sp/hard/crti.o
                0x00000000080036dc                _fini
 .fini          0x00000000080036e0        0x8 /opt/gcc-arm-none-eabi-6-2017-q2-update/bin/../lib/gcc/arm-none-eabi/6.3.1/thumb/v7e-m/fpv4-sp/hard/crtn.o
                0x00000000080036e8                . = ALIGN (0x4)
                0x00000000080036e8                _etext = .

.vfp11_veneer   0x00000000080036e8        0x0
 .vfp11_veneer  0x00000000080036e8        0x0 linker stubs

.v4_bx          0x00000000080036e8        0x0
 .v4_bx         0x00000000080036e8        0x0 linker stubs

.iplt           0x00000000080036e8        0x0
 .iplt          0x00000000080036e8        0x0 /opt/gcc-arm-none-eabi-6-2017-q2-update/bin/../lib/gcc/arm-none-eabi/6.3.1/thumb/v7e-m/fpv4-sp/hard/crtbegin.o

.rodata         0x00000000080036e8      0xba8
                0x00000000080036e8                . = ALIGN (0x4)
 *(.rodata)
 *(.rodata*)
 .rodata.rt_hw_board_init.str1.4
                0x00000000080036e8        0x6 build/board.o
 *fill*         0x00000000080036ee        0x2 
 .rodata.rt_hw_hard_fault_exception.str1.4
                0x00000000080036f0      0x14a build/cpuport.o
 *fill*         0x000000000800383a        0x2 
 .rodata.__FUNCTION__.6565
                0x000000000800383c       0x14 build/components.o
 .rodata.rt_application_init.str1.4
                0x0000000008003850       0x17 build/components.o
 *fill*         0x0000000008003867        0x1 
 .rodata.__FUNCTION__.6457
                0x0000000008003868        0xf build/device.o
 *fill*         0x0000000008003877        0x1 
 .rodata.__FUNCTION__.6481
                0x0000000008003878        0xf build/device.o
 *fill*         0x0000000008003887        0x1 
 .rodata.__FUNCTION__.6486
                0x0000000008003888       0x10 build/device.o
 .rodata.__FUNCTION__.6500
                0x0000000008003898       0x10 build/device.o
 .rodata.rt_device_find.str1.4
                0x00000000080038a8       0x17 build/device.o
 *fill*         0x00000000080038bf        0x1 
 .rodata.rt_device_init.str1.4
                0x00000000080038c0       0x36 build/device.o
 *fill*         0x00000000080038f6        0x2 
 .rodata.rt_device_open.str1.4
                0x00000000080038f8       0x14 build/device.o
 .rodata.rt_device_unregister.str1.4
                0x000000000800390c       0x74 build/device.o
 .rodata.__FUNCTION__.6526
                0x0000000008003980       0x16 build/idle.o
 *fill*         0x0000000008003996        0x2 
 .rodata.rt_thread_idle_excute.str1.4
                0x0000000008003998       0x2a build/idle.o
 *fill*         0x00000000080039c2        0x2 
 .rodata.rt_thread_idle_init.str1.4
                0x00000000080039c4        0x8 build/idle.o
 .rodata.__FUNCTION__.6547
                0x00000000080039cc        0xc build/ipc.o
 .rodata.__FUNCTION__.6571
                0x00000000080039d8        0xc build/ipc.o
 .rodata.__FUNCTION__.6582
                0x00000000080039e4        0xf build/ipc.o
 .rodata.rt_sem_create.str1.4
                0x00000000080039f3       0x2a build/ipc.o
 *fill*         0x00000000080039f3        0x1 
 .rodata.rt_sem_detach.str1.4
                0x00000000080039f4       0x77 build/ipc.o
 *fill*         0x0000000008003a6b        0x1 
 .rodata.rt_sem_init.str1.4
                0x0000000008003a6c       0x21 build/ipc.o
 *fill*         0x0000000008003a8d        0x3 
 .rodata.rt_sem_take.str1.4
                0x0000000008003a90       0x37 build/ipc.o
 *fill*         0x0000000008003ac7        0x1 
 .rodata.large_digits.6687
                0x0000000008003ac8       0x11 build/kservice.o
 *fill*         0x0000000008003ad9        0x3 
 .rodata.rt_assert_handler.str1.4
                0x0000000008003adc       0x37 build/kservice.o
 *fill*         0x0000000008003b13        0x1 
 .rodata.rt_show_version.str1.4
                0x0000000008003b14       0x86 build/kservice.o
 *fill*         0x0000000008003b9a        0x2 
 .rodata.rt_vsnprintf.str1.4
                0x0000000008003b9c        0x7 build/kservice.o
 *fill*         0x0000000008003ba3        0x1 
 .rodata.small_digits.6686
                0x0000000008003ba4       0x11 build/kservice.o
 *fill*         0x0000000008003bb5        0x3 
 .rodata.__FUNCTION__.6530
                0x0000000008003bb8        0xb build/mem.o
 *fill*         0x0000000008003bc3        0x1 
 .rodata.__FUNCTION__.6539
                0x0000000008003bc4       0x14 build/mem.o
 .rodata.__FUNCTION__.6548
                0x0000000008003bd8        0xa build/mem.o
 *fill*         0x0000000008003be2        0x2 
 .rodata.__FUNCTION__.6577
                0x0000000008003be4        0x8 build/mem.o
 .rodata.plug_holes.str1.4
                0x0000000008003bec       0x5b build/mem.o
 *fill*         0x0000000008003c47        0x1 
 .rodata.rt_free.str1.4
                0x0000000008003c48       0xfd build/mem.o
 *fill*         0x0000000008003d45        0x3 
 .rodata.rt_malloc.str1.4
                0x0000000008003d48       0xe7 build/mem.o
 *fill*         0x0000000008003e2f        0x1 
 .rodata.rt_system_heap_init.str1.4
                0x0000000008003e30       0x42 build/mem.o
                                         0x6e (size before relaxing)
 *fill*         0x0000000008003e72        0x2 
 .rodata.__FUNCTION__.6538
                0x0000000008003e74        0xf build/object.o
 *fill*         0x0000000008003e83        0x1 
 .rodata.__FUNCTION__.6547
                0x0000000008003e84       0x11 build/object.o
 *fill*         0x0000000008003e95        0x3 
 .rodata.__FUNCTION__.6556
                0x0000000008003e98       0x13 build/object.o
 *fill*         0x0000000008003eab        0x1 
 .rodata.__FUNCTION__.6561
                0x0000000008003eac       0x11 build/object.o
 *fill*         0x0000000008003ebd        0x3 
 .rodata.__FUNCTION__.6565
                0x0000000008003ec0       0x1a build/object.o
 *fill*         0x0000000008003eda        0x2 
 .rodata.__FUNCTION__.6569
                0x0000000008003edc       0x13 build/object.o
 .rodata.rt_object_allocate.str1.4
                0x0000000008003eef       0x2a build/object.o
 *fill*         0x0000000008003eef        0x1 
 .rodata.rt_object_delete.str1.4
                0x0000000008003ef0       0x29 build/object.o
 *fill*         0x0000000008003f19        0x3 
 .rodata.rt_object_detach.str1.4
                0x0000000008003f1c       0x12 build/object.o
 *fill*         0x0000000008003f2e        0x2 
 .rodata.rt_object_init.str1.4
                0x0000000008003f30        0xe build/object.o
                                         0x26 (size before relaxing)
 *fill*         0x0000000008003f3e        0x2 
 .rodata.__FUNCTION__.6523
                0x0000000008003f40       0x1a build/scheduler.o
 *fill*         0x0000000008003f5a        0x2 
 .rodata.__FUNCTION__.6561
                0x0000000008003f5c       0x1a build/scheduler.o
 *fill*         0x0000000008003f76        0x2 
 .rodata.__FUNCTION__.6567
                0x0000000008003f78       0x1a build/scheduler.o
 *fill*         0x0000000008003f92        0x2 
 .rodata._rt_scheduler_stack_check.str1.4
                0x0000000008003f94       0x65 build/scheduler.o
 *fill*         0x0000000008003ff9        0x3 
 .rodata.__FUNCTION__.6530
                0x0000000008003ffc       0x10 build/thread.o
 .rodata.__FUNCTION__.6542
                0x000000000800400c        0xf build/thread.o
 *fill*         0x000000000800401b        0x1 
 .rodata.__FUNCTION__.6551
                0x000000000800401c       0x12 build/thread.o
 *fill*         0x000000000800402e        0x2 
 .rodata.__FUNCTION__.6581
                0x0000000008004030       0x10 build/thread.o
 .rodata.__FUNCTION__.6613
                0x0000000008004040       0x12 build/thread.o
 *fill*         0x0000000008004052        0x2 
 .rodata.__FUNCTION__.6618
                0x0000000008004054       0x11 build/thread.o
 *fill*         0x0000000008004065        0x3 
 .rodata.__FUNCTION__.6623
                0x0000000008004068       0x12 build/thread.o
 *fill*         0x000000000800407a        0x2 
 .rodata._rt_thread_init.str1.4
                0x000000000800407c       0x22 build/thread.o
 *fill*         0x000000000800409e        0x2 
 .rodata.rt_thread_init.str1.4
                0x00000000080040a0       0x17 build/thread.o
 *fill*         0x00000000080040b7        0x1 
 .rodata.rt_thread_startup.str1.4
                0x00000000080040b8       0x37 build/thread.o
 *fill*         0x00000000080040ef        0x1 
 .rodata.rt_thread_suspend.str1.4
                0x00000000080040f0       0x1b build/thread.o
 *fill*         0x000000000800410b        0x1 
 .rodata.rt_thread_timeout.str1.4
                0x000000000800410c       0x7e build/thread.o
                                         0x92 (size before relaxing)
 *fill*         0x000000000800418a        0x2 
 .rodata.__FUNCTION__.6546
                0x000000000800418c        0xe build/timer.o
 *fill*         0x000000000800419a        0x2 
 .rodata.__FUNCTION__.6551
                0x000000000800419c       0x10 build/timer.o
 .rodata.__FUNCTION__.6575
                0x00000000080041ac        0xf build/timer.o
 *fill*         0x00000000080041bb        0x1 
 .rodata.__FUNCTION__.6592
                0x00000000080041bc        0xe build/timer.o
 *fill*         0x00000000080041ca        0x2 
 .rodata.__FUNCTION__.6598
                0x00000000080041cc       0x11 build/timer.o
 *fill*         0x00000000080041dd        0x3 
 .rodata.rt_timer_detach.str1.4
                0x00000000080041e0       0x66 build/timer.o
 *fill*         0x0000000008004246        0x2 
 .rodata.rt_timer_init.str1.4
                0x0000000008004248       0x11 build/timer.o
 *fill*         0x0000000008004259        0x3 
 .rodata.rt_timer_start.str1.4
                0x000000000800425c       0x24 build/timer.o
                                         0x23 (size before relaxing)
 .rodata.AHBPrescTable
                0x0000000008004280       0x10 build/system_stm32f4xx.o
                0x0000000008004280                AHBPrescTable
                0x0000000008004290                . = ALIGN (0x4)

.rti_fn.0.end   0x0000000008004290        0x4
 .rti_fn.0.end  0x0000000008004290        0x4 build/components.o
                0x0000000008004290                __rt_init_rti_board_start

.rti_fn.1.end   0x0000000008004294        0x4
 .rti_fn.1.end  0x0000000008004294        0x4 build/components.o
                0x0000000008004294                __rt_init_rti_board_end

.rti_fn.6.end   0x0000000008004298        0x4
 .rti_fn.6.end  0x0000000008004298        0x4 build/components.o
                0x0000000008004298                __rt_init_rti_end

.ARM.extab
 *(.ARM.extab* .gnu.linkonce.armextab.*)

.ARM            0x000000000800429c        0x8
                0x000000000800429c                __exidx_start = .
 *(.ARM.exidx*)
 .ARM.exidx     0x000000000800429c        0x8 /opt/gcc-arm-none-eabi-6-2017-q2-update/bin/../lib/gcc/arm-none-eabi/6.3.1/thumb/v7e-m/fpv4-sp/hard/libgcc.a(_udivmoddi4.o)
                0x00000000080042a4                __exidx_end = .

.rel.dyn        0x00000000080042a4        0x0
 .rel.iplt      0x00000000080042a4        0x0 /opt/gcc-arm-none-eabi-6-2017-q2-update/bin/../lib/gcc/arm-none-eabi/6.3.1/thumb/v7e-m/fpv4-sp/hard/crtbegin.o

.preinit_array  0x00000000080042a4        0x0
                0x00000000080042a4                PROVIDE (__preinit_array_start, .)
 *(.preinit_array*)
                0x00000000080042a4                PROVIDE (__preinit_array_end, .)

.init_array     0x00000000080042a4        0x4
                0x00000000080042a4                PROVIDE (__init_array_start, .)
 *(SORT(.init_array.*))
 *(.init_array*)
 .init_array    0x00000000080042a4        0x4 /opt/gcc-arm-none-eabi-6-2017-q2-update/bin/../lib/gcc/arm-none-eabi/6.3.1/thumb/v7e-m/fpv4-sp/hard/crtbegin.o
                0x00000000080042a8                PROVIDE (__init_array_end, .)

.fini_array     0x00000000080042a8        0x4
                [!provide]                        PROVIDE (__fini_array_start, .)
 *(SORT(.fini_array.*))
 *(.fini_array*)
 .fini_array    0x00000000080042a8        0x4 /opt/gcc-arm-none-eabi-6-2017-q2-update/bin/../lib/gcc/arm-none-eabi/6.3.1/thumb/v7e-m/fpv4-sp/hard/crtbegin.o
                [!provide]                        PROVIDE (__fini_array_end, .)
                0x00000000080042ac                _sidata = LOADADDR (.data)

.data           0x0000000020000000       0x4c load address 0x00000000080042ac
                0x0000000020000000                . = ALIGN (0x4)
                0x0000000020000000                _sdata = .
 *(.data)
 *(.data*)
 .data.rt_object_container
                0x0000000020000000       0x40 build/object.o
 .data.SystemCoreClock
                0x0000000020000040        0x4 build/system_stm32f4xx.o
                0x0000000020000040                SystemCoreClock
 .data.uwTickFreq
                0x0000000020000044        0x1 build/stm32f4xx_hal.o
                0x0000000020000044                uwTickFreq
 *fill*         0x0000000020000045        0x3 
 .data.uwTickPrio
                0x0000000020000048        0x4 build/stm32f4xx_hal.o
                0x0000000020000048                uwTickPrio
                0x000000002000004c                . = ALIGN (0x4)
                0x000000002000004c                _edata = .
                0x00000000080042f8                _siccmram = LOADADDR (.ccmram)

.jcr            0x000000002000004c        0x0 load address 0x00000000080042f8
 .jcr           0x000000002000004c        0x0 /opt/gcc-arm-none-eabi-6-2017-q2-update/bin/../lib/gcc/arm-none-eabi/6.3.1/thumb/v7e-m/fpv4-sp/hard/crtbegin.o

.igot.plt       0x000000002000004c        0x0 load address 0x00000000080042f8
 .igot.plt      0x000000002000004c        0x0 /opt/gcc-arm-none-eabi-6-2017-q2-update/bin/../lib/gcc/arm-none-eabi/6.3.1/thumb/v7e-m/fpv4-sp/hard/crtbegin.o

.ccmram         0x0000000010000000        0x0 load address 0x00000000080042f8
                0x0000000010000000                . = ALIGN (0x4)
                0x0000000010000000                _sccmram = .
 *(.ccmram)
 *(.ccmram*)
                0x0000000010000000                . = ALIGN (0x4)
                0x0000000010000000                _eccmram = .
                0x0000000010000000                . = ALIGN (0x4)

.bss            0x000000002000004c     0x15a8
                0x000000002000004c                _sbss = .
                0x000000002000004c                __bss_start__ = _sbss
 *(.bss)
 .bss           0x000000002000004c       0x1c /opt/gcc-arm-none-eabi-6-2017-q2-update/bin/../lib/gcc/arm-none-eabi/6.3.1/thumb/v7e-m/fpv4-sp/hard/crtbegin.o
 *(.bss*)
 .bss.rt_heap   0x0000000020000068     0x1000 build/board.o
 .bss.rt_exception_hook
                0x0000000020001068        0x4 build/cpuport.o
 .bss.rt_tick   0x000000002000106c        0x4 build/clock.o
 .bss.idle      0x0000000020001070       0x78 build/idle.o
 .bss.rt_thread_stack
                0x00000000200010e8      0x200 build/idle.o
 .bss.rt_interrupt_nest
                0x00000000200012e8        0x1 build/irq.o
                0x00000000200012e8                rt_interrupt_nest
 *fill*         0x00000000200012e9        0x3 
 .bss.__rt_errno
                0x00000000200012ec        0x4 build/kservice.o
 .bss._console_device
                0x00000000200012f0        0x4 build/kservice.o
 .bss.rt_log_buf.6797
                0x00000000200012f4       0x80 build/kservice.o
 .bss.heap_end  0x0000000020001374        0x4 build/mem.o
 .bss.heap_ptr  0x0000000020001378        0x4 build/mem.o
 .bss.heap_sem  0x000000002000137c       0x20 build/mem.o
 .bss.lfree     0x000000002000139c        0x4 build/mem.o
 .bss.max_mem   0x00000000200013a0        0x4 build/mem.o
 .bss.mem_size_aligned
                0x00000000200013a4        0x4 build/mem.o
 .bss.used_mem  0x00000000200013a8        0x4 build/mem.o
 .bss.rt_scheduler_lock_nest
                0x00000000200013ac        0x2 build/scheduler.o
 *fill*         0x00000000200013ae        0x2 
 .bss.random_nr.6574
                0x00000000200013b0        0x4 build/timer.o
 .bss.rt_timer_list
                0x00000000200013b4        0x8 build/timer.o
 .bss.USART_RX_STA
                0x00000000200013bc        0x2 build/usart.o
                0x00000000200013bc                USART_RX_STA
 *(COMMON)
 *fill*         0x00000000200013be        0x2 
 COMMON         0x00000000200013c0        0xc build/cpuport.o
                0x00000000200013c0                rt_interrupt_to_thread
                0x00000000200013c4                rt_interrupt_from_thread
                0x00000000200013c8                rt_thread_switch_interrupt_flag
 COMMON         0x00000000200013cc        0x4 build/kservice.o
                0x00000000200013cc                rt_assert_hook
 COMMON         0x00000000200013d0      0x114 build/scheduler.o
                0x00000000200013d0                rt_thread_priority_table
                0x00000000200014d0                rt_current_priority
                0x00000000200014d4                rt_current_thread
                0x00000000200014d8                rt_thread_ready_priority_group
                0x00000000200014dc                rt_thread_defunct
 COMMON         0x00000000200014e4      0x10c build/usart.o
                0x00000000200014e4                UART1_Handler
                0x0000000020001524                aRxBuffer
                0x0000000020001528                USART_RX_BUF
 COMMON         0x00000000200015f0        0x4 build/stm32f4xx_hal.o
                0x00000000200015f0                uwTick
                0x00000000200015f4                . = ALIGN (0x4)
                0x00000000200015f4                _ebss = .
                0x00000000200015f4                __bss_end__ = _ebss

._user_heap_stack
                0x00000000200015f4      0x604
                0x00000000200015f8                . = ALIGN (0x8)
 *fill*         0x00000000200015f4        0x4 
                0x00000000200015f8                PROVIDE (end, .)
                [!provide]                        PROVIDE (_end, .)
                0x00000000200017f8                . = (. + _Min_Heap_Size)
 *fill*         0x00000000200015f8      0x200 
                0x0000000020001bf8                . = (. + _Min_Stack_Size)
 *fill*         0x00000000200017f8      0x400 
                0x0000000020001bf8                . = ALIGN (0x8)

/DISCARD/
 libc.a(*)
 libm.a(*)
 libgcc.a(*)

.ARM.attributes
                0x0000000000000000       0x30
 *(.ARM.attributes)
 .ARM.attributes
                0x0000000000000000       0x22 /opt/gcc-arm-none-eabi-6-2017-q2-update/bin/../lib/gcc/arm-none-eabi/6.3.1/thumb/v7e-m/fpv4-sp/hard/crti.o
 .ARM.attributes
                0x0000000000000022       0x34 /opt/gcc-arm-none-eabi-6-2017-q2-update/bin/../lib/gcc/arm-none-eabi/6.3.1/thumb/v7e-m/fpv4-sp/hard/crtbegin.o
 .ARM.attributes
                0x0000000000000056       0x39 build/board.o
 .ARM.attributes
                0x000000000000008f       0x39 build/led.o
 .ARM.attributes
                0x00000000000000c8       0x39 build/cpuport.o
 .ARM.attributes
                0x0000000000000101       0x39 build/clock.o
 .ARM.attributes
                0x000000000000013a       0x39 build/components.o
 .ARM.attributes
                0x0000000000000173       0x39 build/device.o
 .ARM.attributes
                0x00000000000001ac       0x39 build/idle.o
 .ARM.attributes
                0x00000000000001e5       0x39 build/ipc.o
 .ARM.attributes
                0x000000000000021e       0x39 build/irq.o
 .ARM.attributes
                0x0000000000000257       0x39 build/kservice.o
 .ARM.attributes
                0x0000000000000290       0x39 build/mem.o
 .ARM.attributes
                0x00000000000002c9       0x39 build/object.o
 .ARM.attributes
                0x0000000000000302       0x39 build/scheduler.o
 .ARM.attributes
                0x000000000000033b       0x39 build/thread.o
 .ARM.attributes
                0x0000000000000374       0x39 build/timer.o
 .ARM.attributes
                0x00000000000003ad       0x39 build/usart.o
 .ARM.attributes
                0x00000000000003e6       0x39 build/main.o
 .ARM.attributes
                0x000000000000041f       0x39 build/stm32f4xx_hal_msp.o
 .ARM.attributes
                0x0000000000000458       0x39 build/stm32f4xx_it.o
 .ARM.attributes
                0x0000000000000491       0x39 build/system_stm32f4xx.o
 .ARM.attributes
                0x00000000000004ca       0x39 build/stm32f4xx_hal_rcc.o
 .ARM.attributes
                0x0000000000000503       0x39 build/stm32f4xx_hal_gpio.o
 .ARM.attributes
                0x000000000000053c       0x39 build/stm32f4xx_hal_dma.o
 .ARM.attributes
                0x0000000000000575       0x39 build/stm32f4xx_hal_pwr_ex.o
 .ARM.attributes
                0x00000000000005ae       0x39 build/stm32f4xx_hal_cortex.o
 .ARM.attributes
                0x00000000000005e7       0x39 build/stm32f4xx_hal.o
 .ARM.attributes
                0x0000000000000620       0x39 build/stm32f4xx_hal_uart.o
 .ARM.attributes
                0x0000000000000659       0x25 build/context_gcc.o
 .ARM.attributes
                0x000000000000067e       0x21 build/startup_stm32f429xx.o
 .ARM.attributes
                0x000000000000069f       0x34 /opt/gcc-arm-none-eabi-6-2017-q2-update/bin/../lib/gcc/arm-none-eabi/6.3.1/../../../../arm-none-eabi/lib/thumb/v7e-m/fpv4-sp/hard/libc_nano.a(lib_a-memset.o)
 .ARM.attributes
                0x00000000000006d3       0x22 /opt/gcc-arm-none-eabi-6-2017-q2-update/bin/../lib/gcc/arm-none-eabi/6.3.1/thumb/v7e-m/fpv4-sp/hard/libgcc.a(_aeabi_uldivmod.o)
 .ARM.attributes
                0x00000000000006f5       0x34 /opt/gcc-arm-none-eabi-6-2017-q2-update/bin/../lib/gcc/arm-none-eabi/6.3.1/thumb/v7e-m/fpv4-sp/hard/libgcc.a(_udivmoddi4.o)
 .ARM.attributes
                0x0000000000000729       0x22 /opt/gcc-arm-none-eabi-6-2017-q2-update/bin/../lib/gcc/arm-none-eabi/6.3.1/thumb/v7e-m/fpv4-sp/hard/libgcc.a(_dvmd_tls.o)
 .ARM.attributes
                0x000000000000074b       0x22 /opt/gcc-arm-none-eabi-6-2017-q2-update/bin/../lib/gcc/arm-none-eabi/6.3.1/thumb/v7e-m/fpv4-sp/hard/crtn.o
OUTPUT(build/led.elf elf32-littlearm)

.debug_info     0x0000000000000000    0x1b79d
 .debug_info    0x0000000000000000     0x1167 build/board.o
 .debug_info    0x0000000000001167      0x57d build/led.o
 .debug_info    0x00000000000016e4      0xfce build/cpuport.o
 .debug_info    0x00000000000026b2      0xe17 build/clock.o
 .debug_info    0x00000000000034c9     0x1035 build/components.o
 .debug_info    0x00000000000044fe     0x1a25 build/device.o
 .debug_info    0x0000000000005f23     0x1133 build/idle.o
 .debug_info    0x0000000000007056     0x1bbd build/ipc.o
 .debug_info    0x0000000000008c13      0xb34 build/irq.o
 .debug_info    0x0000000000009747     0x1fd4 build/kservice.o
 .debug_info    0x000000000000b71b     0x159c build/mem.o
 .debug_info    0x000000000000ccb7     0x1421 build/object.o
 .debug_info    0x000000000000e0d8     0x13ca build/scheduler.o
 .debug_info    0x000000000000f4a2     0x2144 build/thread.o
 .debug_info    0x00000000000115e6     0x17e8 build/timer.o
 .debug_info    0x0000000000012dce     0x17db build/usart.o
 .debug_info    0x00000000000145a9      0xb8c build/main.o
 .debug_info    0x0000000000015135      0x1af build/stm32f4xx_hal_msp.o
 .debug_info    0x00000000000152e4      0x218 build/stm32f4xx_it.o
 .debug_info    0x00000000000154fc      0x5fe build/system_stm32f4xx.o
 .debug_info    0x0000000000015afa      0xb9a build/stm32f4xx_hal_rcc.o
 .debug_info    0x0000000000016694      0x887 build/stm32f4xx_hal_gpio.o
 .debug_info    0x0000000000016f1b      0xb46 build/stm32f4xx_hal_dma.o
 .debug_info    0x0000000000017a61      0x8bb build/stm32f4xx_hal_pwr_ex.o
 .debug_info    0x000000000001831c     0x108b build/stm32f4xx_hal_cortex.o
 .debug_info    0x00000000000193a7      0xb57 build/stm32f4xx_hal.o
 .debug_info    0x0000000000019efe     0x189f build/stm32f4xx_hal_uart.o

.debug_abbrev   0x0000000000000000     0x44d3
 .debug_abbrev  0x0000000000000000      0x25e build/board.o
 .debug_abbrev  0x000000000000025e      0x160 build/led.o
 .debug_abbrev  0x00000000000003be      0x2ee build/cpuport.o
 .debug_abbrev  0x00000000000006ac      0x248 build/clock.o
 .debug_abbrev  0x00000000000008f4      0x2a9 build/components.o
 .debug_abbrev  0x0000000000000b9d      0x2d6 build/device.o
 .debug_abbrev  0x0000000000000e73      0x34b build/idle.o
 .debug_abbrev  0x00000000000011be      0x371 build/ipc.o
 .debug_abbrev  0x000000000000152f      0x201 build/irq.o
 .debug_abbrev  0x0000000000001730      0x48e build/kservice.o
 .debug_abbrev  0x0000000000001bbe      0x2ea build/mem.o
 .debug_abbrev  0x0000000000001ea8      0x334 build/object.o
 .debug_abbrev  0x00000000000021dc      0x3a2 build/scheduler.o
 .debug_abbrev  0x000000000000257e      0x33e build/thread.o
 .debug_abbrev  0x00000000000028bc      0x437 build/timer.o
 .debug_abbrev  0x0000000000002cf3      0x287 build/usart.o
 .debug_abbrev  0x0000000000002f7a      0x1e9 build/main.o
 .debug_abbrev  0x0000000000003163       0xab build/stm32f4xx_hal_msp.o
 .debug_abbrev  0x000000000000320e       0xab build/stm32f4xx_it.o
 .debug_abbrev  0x00000000000032b9      0x128 build/system_stm32f4xx.o
 .debug_abbrev  0x00000000000033e1      0x28b build/stm32f4xx_hal_rcc.o
 .debug_abbrev  0x000000000000366c      0x21a build/stm32f4xx_hal_gpio.o
 .debug_abbrev  0x0000000000003886      0x2aa build/stm32f4xx_hal_dma.o
 .debug_abbrev  0x0000000000003b30      0x1ba build/stm32f4xx_hal_pwr_ex.o
 .debug_abbrev  0x0000000000003cea      0x329 build/stm32f4xx_hal_cortex.o
 .debug_abbrev  0x0000000000004013      0x1eb build/stm32f4xx_hal.o
 .debug_abbrev  0x00000000000041fe      0x2d5 build/stm32f4xx_hal_uart.o

.debug_loc      0x0000000000000000     0x98b9
 .debug_loc     0x0000000000000000       0x79 build/board.o
 .debug_loc     0x0000000000000079       0x38 build/led.o
 .debug_loc     0x00000000000000b1      0x211 build/cpuport.o
 .debug_loc     0x00000000000002c2      0x12e build/clock.o
 .debug_loc     0x00000000000003f0      0x18f build/components.o
 .debug_loc     0x000000000000057f      0x9a6 build/device.o
 .debug_loc     0x0000000000000f25      0x17f build/idle.o
 .debug_loc     0x00000000000010a4      0x8e0 build/ipc.o
 .debug_loc     0x0000000000001984       0xb7 build/irq.o
 .debug_loc     0x0000000000001a3b     0x1991 build/kservice.o
 .debug_loc     0x00000000000033cc      0x632 build/mem.o
 .debug_loc     0x00000000000039fe      0x60c build/object.o
 .debug_loc     0x000000000000400a      0x424 build/scheduler.o
 .debug_loc     0x000000000000442e      0xc74 build/thread.o
 .debug_loc     0x00000000000050a2      0xa3b build/timer.o
 .debug_loc     0x0000000000005add      0x138 build/usart.o
 .debug_loc     0x0000000000005c15       0x20 build/main.o
 .debug_loc     0x0000000000005c35      0x13e build/system_stm32f4xx.o
 .debug_loc     0x0000000000005d73      0x55c build/stm32f4xx_hal_rcc.o
 .debug_loc     0x00000000000062cf      0x4f2 build/stm32f4xx_hal_gpio.o
 .debug_loc     0x00000000000067c1      0xc1d build/stm32f4xx_hal_dma.o
 .debug_loc     0x00000000000073de      0x277 build/stm32f4xx_hal_pwr_ex.o
 .debug_loc     0x0000000000007655      0x65e build/stm32f4xx_hal_cortex.o
 .debug_loc     0x0000000000007cb3      0x1ad build/stm32f4xx_hal.o
 .debug_loc     0x0000000000007e60     0x1a59 build/stm32f4xx_hal_uart.o

.debug_aranges  0x0000000000000000      0xc20
 .debug_aranges
                0x0000000000000000       0x40 build/board.o
 .debug_aranges
                0x0000000000000040       0x20 build/led.o
 .debug_aranges
                0x0000000000000060       0x48 build/cpuport.o
 .debug_aranges
                0x00000000000000a8       0x40 build/clock.o
 .debug_aranges
                0x00000000000000e8       0x68 build/components.o
 .debug_aranges
                0x0000000000000150       0x88 build/device.o
 .debug_aranges
                0x00000000000001d8       0x38 build/idle.o
 .debug_aranges
                0x0000000000000210       0x58 build/ipc.o
 .debug_aranges
                0x0000000000000268       0x30 build/irq.o
 .debug_aranges
                0x0000000000000298      0x108 build/kservice.o
 .debug_aranges
                0x00000000000003a0       0x50 build/mem.o
 .debug_aranges
                0x00000000000003f0       0x60 build/object.o
 .debug_aranges
                0x0000000000000450       0x68 build/scheduler.o
 .debug_aranges
                0x00000000000004b8       0xa8 build/thread.o
 .debug_aranges
                0x0000000000000560       0x80 build/timer.o
 .debug_aranges
                0x00000000000005e0       0x38 build/usart.o
 .debug_aranges
                0x0000000000000618       0x20 build/main.o
 .debug_aranges
                0x0000000000000638       0x28 build/stm32f4xx_hal_msp.o
 .debug_aranges
                0x0000000000000660       0x50 build/stm32f4xx_it.o
 .debug_aranges
                0x00000000000006b0       0x28 build/system_stm32f4xx.o
 .debug_aranges
                0x00000000000006d8       0x88 build/stm32f4xx_hal_rcc.o
 .debug_aranges
                0x0000000000000760       0x58 build/stm32f4xx_hal_gpio.o
 .debug_aranges
                0x00000000000007b8       0x90 build/stm32f4xx_hal_dma.o
 .debug_aranges
                0x0000000000000848       0x60 build/stm32f4xx_hal_pwr_ex.o
 .debug_aranges
                0x00000000000008a8       0xa8 build/stm32f4xx_hal_cortex.o
 .debug_aranges
                0x0000000000000950      0x100 build/stm32f4xx_hal.o
 .debug_aranges
                0x0000000000000a50      0x1d0 build/stm32f4xx_hal_uart.o

.debug_ranges   0x0000000000000000      0xce0
 .debug_ranges  0x0000000000000000       0x30 build/board.o
 .debug_ranges  0x0000000000000030       0x10 build/led.o
 .debug_ranges  0x0000000000000040       0x38 build/cpuport.o
 .debug_ranges  0x0000000000000078       0x30 build/clock.o
 .debug_ranges  0x00000000000000a8       0x58 build/components.o
 .debug_ranges  0x0000000000000100       0x78 build/device.o
 .debug_ranges  0x0000000000000178       0x70 build/idle.o
 .debug_ranges  0x00000000000001e8       0xd8 build/ipc.o
 .debug_ranges  0x00000000000002c0       0x20 build/irq.o
 .debug_ranges  0x00000000000002e0      0x110 build/kservice.o
 .debug_ranges  0x00000000000003f0       0xa0 build/mem.o
 .debug_ranges  0x0000000000000490       0x80 build/object.o
 .debug_ranges  0x0000000000000510       0x70 build/scheduler.o
 .debug_ranges  0x0000000000000580       0x98 build/thread.o
 .debug_ranges  0x0000000000000618       0xd0 build/timer.o
 .debug_ranges  0x00000000000006e8       0x28 build/usart.o
 .debug_ranges  0x0000000000000710       0x10 build/main.o
 .debug_ranges  0x0000000000000720       0x18 build/stm32f4xx_hal_msp.o
 .debug_ranges  0x0000000000000738       0x40 build/stm32f4xx_it.o
 .debug_ranges  0x0000000000000778       0x18 build/system_stm32f4xx.o
 .debug_ranges  0x0000000000000790       0x90 build/stm32f4xx_hal_rcc.o
 .debug_ranges  0x0000000000000820       0x48 build/stm32f4xx_hal_gpio.o
 .debug_ranges  0x0000000000000868       0x80 build/stm32f4xx_hal_dma.o
 .debug_ranges  0x00000000000008e8       0x50 build/stm32f4xx_hal_pwr_ex.o
 .debug_ranges  0x0000000000000938       0xf8 build/stm32f4xx_hal_cortex.o
 .debug_ranges  0x0000000000000a30       0xf0 build/stm32f4xx_hal.o
 .debug_ranges  0x0000000000000b20      0x1c0 build/stm32f4xx_hal_uart.o

.debug_line     0x0000000000000000     0x593b
 .debug_line    0x0000000000000000      0x336 build/board.o
 .debug_line    0x0000000000000336      0x167 build/led.o
 .debug_line    0x000000000000049d      0x221 build/cpuport.o
 .debug_line    0x00000000000006be      0x1e3 build/clock.o
 .debug_line    0x00000000000008a1      0x259 build/components.o
 .debug_line    0x0000000000000afa      0x3ac build/device.o
 .debug_line    0x0000000000000ea6      0x254 build/idle.o
 .debug_line    0x00000000000010fa      0x3b0 build/ipc.o
 .debug_line    0x00000000000014aa      0x1b1 build/irq.o
 .debug_line    0x000000000000165b      0x66a build/kservice.o
 .debug_line    0x0000000000001cc5      0x39b build/mem.o
 .debug_line    0x0000000000002060      0x332 build/object.o
 .debug_line    0x0000000000002392      0x31a build/scheduler.o
 .debug_line    0x00000000000026ac      0x4b6 build/thread.o
 .debug_line    0x0000000000002b62      0x40a build/timer.o
 .debug_line    0x0000000000002f6c      0x2b9 build/usart.o
 .debug_line    0x0000000000003225      0x24f build/main.o
 .debug_line    0x0000000000003474      0x149 build/stm32f4xx_hal_msp.o
 .debug_line    0x00000000000035bd      0x194 build/stm32f4xx_it.o
 .debug_line    0x0000000000003751      0x17c build/system_stm32f4xx.o
 .debug_line    0x00000000000038cd      0x432 build/stm32f4xx_hal_rcc.o
 .debug_line    0x0000000000003cff      0x320 build/stm32f4xx_hal_gpio.o
 .debug_line    0x000000000000401f      0x4a1 build/stm32f4xx_hal_dma.o
 .debug_line    0x00000000000044c0      0x257 build/stm32f4xx_hal_pwr_ex.o
 .debug_line    0x0000000000004717      0x391 build/stm32f4xx_hal_cortex.o
 .debug_line    0x0000000000004aa8      0x39c build/stm32f4xx_hal.o
 .debug_line    0x0000000000004e44      0xaf7 build/stm32f4xx_hal_uart.o

.debug_str      0x0000000000000000     0x3d33
 .debug_str     0x0000000000000000      0x9d4 build/board.o
                                        0xa7d (size before relaxing)
 .debug_str     0x00000000000009d4       0xbf build/led.o
                                        0x467 (size before relaxing)
 .debug_str     0x0000000000000a93      0x1df build/cpuport.o
                                        0x7c4 (size before relaxing)
 .debug_str     0x0000000000000c72      0x16f build/clock.o
                                        0x7f6 (size before relaxing)
 .debug_str     0x0000000000000de1      0x192 build/components.o
                                        0x930 (size before relaxing)
 .debug_str     0x0000000000000f73      0x5da build/device.o
                                        0xcae (size before relaxing)
 .debug_str     0x000000000000154d       0xed build/idle.o
                                        0x8f7 (size before relaxing)
 .debug_str     0x000000000000163a      0x1cf build/ipc.o
                                        0xb3c (size before relaxing)
 .debug_str     0x0000000000001809       0x26 build/irq.o
                                        0x66d (size before relaxing)
 .debug_str     0x000000000000182f      0x28c build/kservice.o
                                        0xd65 (size before relaxing)
 .debug_str     0x0000000000001abb       0xef build/mem.o
                                        0x842 (size before relaxing)
 .debug_str     0x0000000000001baa       0xf0 build/object.o
                                        0xa29 (size before relaxing)
 .debug_str     0x0000000000001c9a      0x1b0 build/scheduler.o
                                        0xa4a (size before relaxing)
 .debug_str     0x0000000000001e4a      0x105 build/thread.o
                                        0xc82 (size before relaxing)
 .debug_str     0x0000000000001f4f       0xd4 build/timer.o
                                        0xa6d (size before relaxing)
 .debug_str     0x0000000000002023      0xa21 build/usart.o
                                       0x1286 (size before relaxing)
 .debug_str     0x0000000000002a44        0xc build/main.o
                                        0x6de (size before relaxing)
 .debug_str     0x0000000000002a50       0x33 build/stm32f4xx_hal_msp.o
                                        0x2ae (size before relaxing)
 .debug_str     0x0000000000002a83       0x81 build/stm32f4xx_it.o
                                        0x2fc (size before relaxing)
 .debug_str     0x0000000000002b04       0xa8 build/system_stm32f4xx.o
                                        0x432 (size before relaxing)
 .debug_str     0x0000000000002bac      0x1d9 build/stm32f4xx_hal_rcc.o
                                        0x795 (size before relaxing)
 .debug_str     0x0000000000002d85      0x11a build/stm32f4xx_hal_gpio.o
                                        0x5b7 (size before relaxing)
 .debug_str     0x0000000000002e9f      0x2f2 build/stm32f4xx_hal_dma.o
                                        0x82a (size before relaxing)
 .debug_str     0x0000000000003191      0x125 build/stm32f4xx_hal_pwr_ex.o
                                        0x5a2 (size before relaxing)
 .debug_str     0x00000000000032b6      0x375 build/stm32f4xx_hal_cortex.o
                                        0xd2c (size before relaxing)
 .debug_str     0x000000000000362b      0x24c build/stm32f4xx_hal.o
                                        0xc51 (size before relaxing)
 .debug_str     0x0000000000003877      0x4bc build/stm32f4xx_hal_uart.o
                                        0xce5 (size before relaxing)

.comment        0x0000000000000000       0x7f
 .comment       0x0000000000000000       0x7f build/board.o
                                         0x80 (size before relaxing)
 .comment       0x000000000000007f       0x80 build/led.o
 .comment       0x000000000000007f       0x80 build/cpuport.o
 .comment       0x000000000000007f       0x80 build/clock.o
 .comment       0x000000000000007f       0x80 build/components.o
 .comment       0x000000000000007f       0x80 build/device.o
 .comment       0x000000000000007f       0x80 build/idle.o
 .comment       0x000000000000007f       0x80 build/ipc.o
 .comment       0x000000000000007f       0x80 build/irq.o
 .comment       0x000000000000007f       0x80 build/kservice.o
 .comment       0x000000000000007f       0x80 build/mem.o
 .comment       0x000000000000007f       0x80 build/object.o
 .comment       0x000000000000007f       0x80 build/scheduler.o
 .comment       0x000000000000007f       0x80 build/thread.o
 .comment       0x000000000000007f       0x80 build/timer.o
 .comment       0x000000000000007f       0x80 build/usart.o
 .comment       0x000000000000007f       0x80 build/main.o
 .comment       0x000000000000007f       0x80 build/stm32f4xx_hal_msp.o
 .comment       0x000000000000007f       0x80 build/stm32f4xx_it.o
 .comment       0x000000000000007f       0x80 build/system_stm32f4xx.o
 .comment       0x000000000000007f       0x80 build/stm32f4xx_hal_rcc.o
 .comment       0x000000000000007f       0x80 build/stm32f4xx_hal_gpio.o
 .comment       0x000000000000007f       0x80 build/stm32f4xx_hal_dma.o
 .comment       0x000000000000007f       0x80 build/stm32f4xx_hal_pwr_ex.o
 .comment       0x000000000000007f       0x80 build/stm32f4xx_hal_cortex.o
 .comment       0x000000000000007f       0x80 build/stm32f4xx_hal.o
 .comment       0x000000000000007f       0x80 build/stm32f4xx_hal_uart.o

.debug_frame    0x0000000000000000     0x22bc
 .debug_frame   0x0000000000000000       0x90 build/board.o
 .debug_frame   0x0000000000000090       0x34 build/led.o
 .debug_frame   0x00000000000000c4       0xa0 build/cpuport.o
 .debug_frame   0x0000000000000164       0x84 build/clock.o
 .debug_frame   0x00000000000001e8      0x100 build/components.o
 .debug_frame   0x00000000000002e8      0x1e8 build/device.o
 .debug_frame   0x00000000000004d0       0x90 build/idle.o
 .debug_frame   0x0000000000000560      0x134 build/ipc.o
 .debug_frame   0x0000000000000694       0x64 build/irq.o
 .debug_frame   0x00000000000006f8      0x3f4 build/kservice.o
 .debug_frame   0x0000000000000aec      0x128 build/mem.o
 .debug_frame   0x0000000000000c14      0x11c build/object.o
 .debug_frame   0x0000000000000d30      0x124 build/scheduler.o
 .debug_frame   0x0000000000000e54      0x26c build/thread.o
 .debug_frame   0x00000000000010c0      0x1a8 build/timer.o
 .debug_frame   0x0000000000001268       0x78 build/usart.o
 .debug_frame   0x00000000000012e0       0x2c build/main.o
 .debug_frame   0x000000000000130c       0x30 build/stm32f4xx_hal_msp.o
 .debug_frame   0x000000000000133c       0x80 build/stm32f4xx_it.o
 .debug_frame   0x00000000000013bc       0x30 build/system_stm32f4xx.o
 .debug_frame   0x00000000000013ec      0x1ac build/stm32f4xx_hal_rcc.o
 .debug_frame   0x0000000000001598       0xf0 build/stm32f4xx_hal_gpio.o
 .debug_frame   0x0000000000001688      0x1a8 build/stm32f4xx_hal_dma.o
 .debug_frame   0x0000000000001830      0x100 build/stm32f4xx_hal_pwr_ex.o
 .debug_frame   0x0000000000001930      0x16c build/stm32f4xx_hal_cortex.o
 .debug_frame   0x0000000000001a9c      0x220 build/stm32f4xx_hal.o
 .debug_frame   0x0000000000001cbc      0x580 build/stm32f4xx_hal_uart.o
 .debug_frame   0x000000000000223c       0x20 /opt/gcc-arm-none-eabi-6-2017-q2-update/bin/../lib/gcc/arm-none-eabi/6.3.1/../../../../arm-none-eabi/lib/thumb/v7e-m/fpv4-sp/hard/libc_nano.a(lib_a-memset.o)
 .debug_frame   0x000000000000225c       0x2c /opt/gcc-arm-none-eabi-6-2017-q2-update/bin/../lib/gcc/arm-none-eabi/6.3.1/thumb/v7e-m/fpv4-sp/hard/libgcc.a(_aeabi_uldivmod.o)
 .debug_frame   0x0000000000002288       0x34 /opt/gcc-arm-none-eabi-6-2017-q2-update/bin/../lib/gcc/arm-none-eabi/6.3.1/thumb/v7e-m/fpv4-sp/hard/libgcc.a(_udivmoddi4.o)

.stabstr        0x0000000000000000      0x14d
 .stabstr       0x0000000000000000      0x14d /opt/gcc-arm-none-eabi-6-2017-q2-update/bin/../lib/gcc/arm-none-eabi/6.3.1/../../../../arm-none-eabi/lib/thumb/v7e-m/fpv4-sp/hard/libnosys.a(close.o)

Cross Reference Table

Symbol                                            File
ADC_IRQHandler                                    build/startup_stm32f429xx.o
AHBPrescTable                                     build/system_stm32f4xx.o
                                                  build/stm32f4xx_hal_rcc.o
APBPrescTable                                     build/system_stm32f4xx.o
                                                  build/stm32f4xx_hal_rcc.o
BACK_COLOR                                        build/ili9341.o
BusFault_Handler                                  build/stm32f4xx_it.o
CAN1_Handler                                      build/can.o
CAN1_RX0_IRQHandler                               build/startup_stm32f429xx.o
CAN1_RX1_IRQHandler                               build/startup_stm32f429xx.o
CAN1_SCE_IRQHandler                               build/startup_stm32f429xx.o
CAN1_TX_IRQHandler                                build/startup_stm32f429xx.o
CAN2_RX0_IRQHandler                               build/startup_stm32f429xx.o
CAN2_RX1_IRQHandler                               build/startup_stm32f429xx.o
CAN2_SCE_IRQHandler                               build/startup_stm32f429xx.o
CAN2_TX_IRQHandler                                build/startup_stm32f429xx.o
DCMI_IRQHandler                                   build/startup_stm32f429xx.o
DMA1_Stream0_IRQHandler                           build/startup_stm32f429xx.o
DMA1_Stream1_IRQHandler                           build/startup_stm32f429xx.o
DMA1_Stream2_IRQHandler                           build/startup_stm32f429xx.o
DMA1_Stream3_IRQHandler                           build/startup_stm32f429xx.o
DMA1_Stream4_IRQHandler                           build/startup_stm32f429xx.o
DMA1_Stream5_IRQHandler                           build/startup_stm32f429xx.o
DMA1_Stream6_IRQHandler                           build/startup_stm32f429xx.o
DMA1_Stream7_IRQHandler                           build/startup_stm32f429xx.o
DMA2D_IRQHandler                                  build/startup_stm32f429xx.o
DMA2_Stream0_IRQHandler                           build/startup_stm32f429xx.o
DMA2_Stream1_IRQHandler                           build/startup_stm32f429xx.o
DMA2_Stream2_IRQHandler                           build/startup_stm32f429xx.o
DMA2_Stream3_IRQHandler                           build/startup_stm32f429xx.o
DMA2_Stream4_IRQHandler                           build/startup_stm32f429xx.o
DMA2_Stream5_IRQHandler                           build/startup_stm32f429xx.o
DMA2_Stream6_IRQHandler                           build/startup_stm32f429xx.o
DMA2_Stream7_IRQHandler                           build/startup_stm32f429xx.o
DebugMon_Handler                                  build/stm32f4xx_it.o
Default_Handler                                   build/startup_stm32f429xx.o
ETH_IRQHandler                                    build/startup_stm32f429xx.o
ETH_WKUP_IRQHandler                               build/startup_stm32f429xx.o
EXTI0_IRQHandler                                  build/startup_stm32f429xx.o
EXTI15_10_IRQHandler                              build/startup_stm32f429xx.o
EXTI1_IRQHandler                                  build/startup_stm32f429xx.o
EXTI2_IRQHandler                                  build/startup_stm32f429xx.o
EXTI3_IRQHandler                                  build/startup_stm32f429xx.o
EXTI4_IRQHandler                                  build/startup_stm32f429xx.o
EXTI9_5_IRQHandler                                build/startup_stm32f429xx.o
Error_Handler                                     build/stm32f4xx_it.o
FLASH_Erase_Sector                                build/stm32f4xx_hal_flash_ex.o
                                                  build/stm32f4xx_hal_flash.o
FLASH_FlushCaches                                 build/stm32f4xx_hal_flash_ex.o
                                                  build/stm32f4xx_hal_flash.o
FLASH_IRQHandler                                  build/startup_stm32f429xx.o
FLASH_WaitForLastOperation                        build/stm32f4xx_hal_flash.o
                                                  build/stm32f4xx_hal_flash_ex.o
FMC_IRQHandler                                    build/startup_stm32f429xx.o
FMC_NAND_AttributeSpace_Timing_Init               build/stm32f4xx_ll_fmc.o
FMC_NAND_CommonSpace_Timing_Init                  build/stm32f4xx_ll_fmc.o
FMC_NAND_DeInit                                   build/stm32f4xx_ll_fmc.o
FMC_NAND_ECC_Disable                              build/stm32f4xx_ll_fmc.o
FMC_NAND_ECC_Enable                               build/stm32f4xx_ll_fmc.o
FMC_NAND_GetECC                                   build/stm32f4xx_ll_fmc.o
FMC_NAND_Init                                     build/stm32f4xx_ll_fmc.o
FMC_NORSRAM_DeInit                                build/stm32f4xx_ll_fmc.o
                                                  build/stm32f4xx_hal_sram.o
FMC_NORSRAM_Extended_Timing_Init                  build/stm32f4xx_ll_fmc.o
                                                  build/stm32f4xx_hal_sram.o
FMC_NORSRAM_Init                                  build/stm32f4xx_ll_fmc.o
                                                  build/stm32f4xx_hal_sram.o
FMC_NORSRAM_Timing_Init                           build/stm32f4xx_ll_fmc.o
                                                  build/stm32f4xx_hal_sram.o
FMC_NORSRAM_WriteOperation_Disable                build/stm32f4xx_ll_fmc.o
                                                  build/stm32f4xx_hal_sram.o
FMC_NORSRAM_WriteOperation_Enable                 build/stm32f4xx_ll_fmc.o
                                                  build/stm32f4xx_hal_sram.o
FMC_PCCARD_AttributeSpace_Timing_Init             build/stm32f4xx_ll_fmc.o
FMC_PCCARD_CommonSpace_Timing_Init                build/stm32f4xx_ll_fmc.o
FMC_PCCARD_DeInit                                 build/stm32f4xx_ll_fmc.o
FMC_PCCARD_IOSpace_Timing_Init                    build/stm32f4xx_ll_fmc.o
FMC_PCCARD_Init                                   build/stm32f4xx_ll_fmc.o
FMC_SDRAM_DeInit                                  build/stm32f4xx_ll_fmc.o
                                                  build/stm32f4xx_hal_sdram.o
FMC_SDRAM_GetModeStatus                           build/stm32f4xx_ll_fmc.o
                                                  build/stm32f4xx_hal_sdram.o
FMC_SDRAM_Init                                    build/stm32f4xx_ll_fmc.o
                                                  build/stm32f4xx_hal_sdram.o
FMC_SDRAM_ProgramRefreshRate                      build/stm32f4xx_ll_fmc.o
                                                  build/stm32f4xx_hal_sdram.o
FMC_SDRAM_ReadBuffer                              build/sdram.o
FMC_SDRAM_SendCommand                             build/stm32f4xx_ll_fmc.o
                                                  build/stm32f4xx_hal_sdram.o
FMC_SDRAM_SetAutoRefreshNumber                    build/stm32f4xx_ll_fmc.o
                                                  build/stm32f4xx_hal_sdram.o
FMC_SDRAM_Timing_Init                             build/stm32f4xx_ll_fmc.o
                                                  build/stm32f4xx_hal_sdram.o
FMC_SDRAM_WriteBuffer                             build/sdram.o
FMC_SDRAM_WriteProtection_Disable                 build/stm32f4xx_ll_fmc.o
                                                  build/stm32f4xx_hal_sdram.o
FMC_SDRAM_WriteProtection_Enable                  build/stm32f4xx_ll_fmc.o
                                                  build/stm32f4xx_hal_sdram.o
FPU_IRQHandler                                    build/startup_stm32f429xx.o
HAL_CAN_AbortTxRequest                            build/stm32f4xx_hal_can.o
HAL_CAN_ActivateNotification                      build/stm32f4xx_hal_can.o
HAL_CAN_AddTxMessage                              build/stm32f4xx_hal_can.o
                                                  build/can.o
HAL_CAN_ConfigFilter                              build/stm32f4xx_hal_can.o
                                                  build/can.o
HAL_CAN_DeInit                                    build/stm32f4xx_hal_can.o
HAL_CAN_DeactivateNotification                    build/stm32f4xx_hal_can.o
HAL_CAN_ErrorCallback                             build/stm32f4xx_hal_can.o
HAL_CAN_GetError                                  build/stm32f4xx_hal_can.o
HAL_CAN_GetRxFifoFillLevel                        build/stm32f4xx_hal_can.o
                                                  build/can.o
HAL_CAN_GetRxMessage                              build/stm32f4xx_hal_can.o
                                                  build/can.o
HAL_CAN_GetState                                  build/stm32f4xx_hal_can.o
HAL_CAN_GetTxMailboxesFreeLevel                   build/stm32f4xx_hal_can.o
                                                  build/can.o
HAL_CAN_GetTxTimestamp                            build/stm32f4xx_hal_can.o
HAL_CAN_IRQHandler                                build/stm32f4xx_hal_can.o
HAL_CAN_Init                                      build/stm32f4xx_hal_can.o
                                                  build/can.o
HAL_CAN_IsSleepActive                             build/stm32f4xx_hal_can.o
HAL_CAN_IsTxMessagePending                        build/stm32f4xx_hal_can.o
HAL_CAN_MspDeInit                                 build/stm32f4xx_hal_can.o
HAL_CAN_MspInit                                   build/can.o
HAL_CAN_RequestSleep                              build/stm32f4xx_hal_can.o
HAL_CAN_ResetError                                build/stm32f4xx_hal_can.o
HAL_CAN_RxFifo0FullCallback                       build/stm32f4xx_hal_can.o
HAL_CAN_RxFifo0MsgPendingCallback                 build/stm32f4xx_hal_can.o
HAL_CAN_RxFifo1FullCallback                       build/stm32f4xx_hal_can.o
HAL_CAN_RxFifo1MsgPendingCallback                 build/stm32f4xx_hal_can.o
HAL_CAN_SleepCallback                             build/stm32f4xx_hal_can.o
HAL_CAN_Start                                     build/stm32f4xx_hal_can.o
                                                  build/can.o
HAL_CAN_Stop                                      build/stm32f4xx_hal_can.o
HAL_CAN_TxMailbox0AbortCallback                   build/stm32f4xx_hal_can.o
HAL_CAN_TxMailbox0CompleteCallback                build/stm32f4xx_hal_can.o
HAL_CAN_TxMailbox1AbortCallback                   build/stm32f4xx_hal_can.o
HAL_CAN_TxMailbox1CompleteCallback                build/stm32f4xx_hal_can.o
HAL_CAN_TxMailbox2AbortCallback                   build/stm32f4xx_hal_can.o
HAL_CAN_TxMailbox2CompleteCallback                build/stm32f4xx_hal_can.o
HAL_CAN_WakeUp                                    build/stm32f4xx_hal_can.o
HAL_CAN_WakeUpFromRxMsgCallback                   build/stm32f4xx_hal_can.o
HAL_DBGMCU_DisableDBGSleepMode                    build/stm32f4xx_hal.o
HAL_DBGMCU_DisableDBGStandbyMode                  build/stm32f4xx_hal.o
HAL_DBGMCU_DisableDBGStopMode                     build/stm32f4xx_hal.o
HAL_DBGMCU_EnableDBGSleepMode                     build/stm32f4xx_hal.o
HAL_DBGMCU_EnableDBGStandbyMode                   build/stm32f4xx_hal.o
HAL_DBGMCU_EnableDBGStopMode                      build/stm32f4xx_hal.o
HAL_DMA_Abort                                     build/stm32f4xx_hal_dma.o
                                                  build/stm32f4xx_hal_uart.o
HAL_DMA_Abort_IT                                  build/stm32f4xx_hal_dma.o
                                                  build/stm32f4xx_hal_uart.o
HAL_DMA_DeInit                                    build/stm32f4xx_hal_dma.o
HAL_DMA_GetError                                  build/stm32f4xx_hal_dma.o
                                                  build/stm32f4xx_hal_uart.o
HAL_DMA_GetState                                  build/stm32f4xx_hal_dma.o
HAL_DMA_IRQHandler                                build/stm32f4xx_hal_dma.o
HAL_DMA_Init                                      build/stm32f4xx_hal_dma.o
HAL_DMA_PollForTransfer                           build/stm32f4xx_hal_dma.o
HAL_DMA_RegisterCallback                          build/stm32f4xx_hal_dma.o
HAL_DMA_Start                                     build/stm32f4xx_hal_dma.o
HAL_DMA_Start_IT                                  build/stm32f4xx_hal_dma.o
                                                  build/stm32f4xx_hal_uart.o
                                                  build/stm32f4xx_hal_sram.o
                                                  build/stm32f4xx_hal_sdram.o
HAL_DMA_UnRegisterCallback                        build/stm32f4xx_hal_dma.o
HAL_DeInit                                        build/stm32f4xx_hal.o
HAL_Delay                                         build/stm32f4xx_hal.o
HAL_DisableCompensationCell                       build/stm32f4xx_hal.o
HAL_DisableMemorySwappingBank                     build/stm32f4xx_hal.o
HAL_EnableCompensationCell                        build/stm32f4xx_hal.o
HAL_EnableMemorySwappingBank                      build/stm32f4xx_hal.o
HAL_FLASHEx_AdvOBGetConfig                        build/stm32f4xx_hal_flash_ex.o
HAL_FLASHEx_AdvOBProgram                          build/stm32f4xx_hal_flash_ex.o
HAL_FLASHEx_Erase                                 build/stm32f4xx_hal_flash_ex.o
HAL_FLASHEx_Erase_IT                              build/stm32f4xx_hal_flash_ex.o
HAL_FLASHEx_OBGetConfig                           build/stm32f4xx_hal_flash_ex.o
HAL_FLASHEx_OBProgram                             build/stm32f4xx_hal_flash_ex.o
HAL_FLASHEx_OB_DeSelectPCROP                      build/stm32f4xx_hal_flash_ex.o
HAL_FLASHEx_OB_GetBank2WRP                        build/stm32f4xx_hal_flash_ex.o
HAL_FLASHEx_OB_SelectPCROP                        build/stm32f4xx_hal_flash_ex.o
HAL_FLASH_EndOfOperationCallback                  build/stm32f4xx_hal_flash.o
HAL_FLASH_GetError                                build/stm32f4xx_hal_flash.o
HAL_FLASH_IRQHandler                              build/stm32f4xx_hal_flash.o
HAL_FLASH_Lock                                    build/stm32f4xx_hal_flash.o
HAL_FLASH_OB_Launch                               build/stm32f4xx_hal_flash.o
HAL_FLASH_OB_Lock                                 build/stm32f4xx_hal_flash.o
HAL_FLASH_OB_Unlock                               build/stm32f4xx_hal_flash.o
HAL_FLASH_OperationErrorCallback                  build/stm32f4xx_hal_flash.o
HAL_FLASH_Program                                 build/stm32f4xx_hal_flash.o
HAL_FLASH_Program_IT                              build/stm32f4xx_hal_flash.o
HAL_FLASH_Unlock                                  build/stm32f4xx_hal_flash.o
HAL_GPIO_DeInit                                   build/stm32f4xx_hal_gpio.o
HAL_GPIO_EXTI_Callback                            build/stm32f4xx_hal_gpio.o
HAL_GPIO_EXTI_IRQHandler                          build/stm32f4xx_hal_gpio.o
HAL_GPIO_Init                                     build/stm32f4xx_hal_gpio.o
                                                  build/stm32f4xx_hal_rcc.o
                                                  build/usart.o
                                                  build/sdram.o
                                                  build/led.o
                                                  build/ili9341.o
                                                  build/key.o
                                                  build/can.o
HAL_GPIO_LockPin                                  build/stm32f4xx_hal_gpio.o
HAL_GPIO_ReadPin                                  build/stm32f4xx_hal_gpio.o
HAL_GPIO_TogglePin                                build/stm32f4xx_hal_gpio.o
HAL_GPIO_WritePin                                 build/stm32f4xx_hal_gpio.o
                                                  build/led.o
HAL_GetDEVID                                      build/stm32f4xx_hal.o
HAL_GetHalVersion                                 build/stm32f4xx_hal.o
HAL_GetREVID                                      build/stm32f4xx_hal.o
HAL_GetTick                                       build/stm32f4xx_hal.o
                                                  build/stm32f4xx_hal_uart.o
                                                  build/stm32f4xx_hal_can.o
                                                  build/stm32f4xx_ll_fmc.o
                                                  build/stm32f4xx_hal_pwr_ex.o
                                                  build/stm32f4xx_hal_dma.o
                                                  build/stm32f4xx_hal_flash.o
                                                  build/stm32f4xx_hal_rtc.o
                                                  build/stm32f4xx_hal_rcc_ex.o
                                                  build/stm32f4xx_hal_rcc.o
HAL_GetTickFreq                                   build/stm32f4xx_hal.o
HAL_GetTickPrio                                   build/stm32f4xx_hal.o
HAL_GetUIDw0                                      build/stm32f4xx_hal.o
HAL_GetUIDw1                                      build/stm32f4xx_hal.o
HAL_GetUIDw2                                      build/stm32f4xx_hal.o
HAL_HalfDuplex_EnableReceiver                     build/stm32f4xx_hal_uart.o
HAL_HalfDuplex_EnableTransmitter                  build/stm32f4xx_hal_uart.o
HAL_HalfDuplex_Init                               build/stm32f4xx_hal_uart.o
HAL_IncTick                                       build/stm32f4xx_hal.o
HAL_Init                                          build/stm32f4xx_hal.o
                                                  build/board.o
HAL_InitTick                                      build/stm32f4xx_hal.o
                                                  build/stm32f4xx_hal_rcc_ex.o
                                                  build/stm32f4xx_hal_rcc.o
HAL_LIN_Init                                      build/stm32f4xx_hal_uart.o
HAL_LIN_SendBreak                                 build/stm32f4xx_hal_uart.o
HAL_MPU_ConfigRegion                              build/stm32f4xx_hal_cortex.o
HAL_MPU_Disable                                   build/stm32f4xx_hal_cortex.o
HAL_MPU_Enable                                    build/stm32f4xx_hal_cortex.o
HAL_MspDeInit                                     build/stm32f4xx_hal_msp.o
HAL_MspInit                                       build/stm32f4xx_hal_msp.o
HAL_MultiProcessor_EnterMuteMode                  build/stm32f4xx_hal_uart.o
HAL_MultiProcessor_ExitMuteMode                   build/stm32f4xx_hal_uart.o
HAL_MultiProcessor_Init                           build/stm32f4xx_hal_uart.o
HAL_NVIC_ClearPendingIRQ                          build/stm32f4xx_hal_cortex.o
HAL_NVIC_DisableIRQ                               build/stm32f4xx_hal_cortex.o
HAL_NVIC_EnableIRQ                                build/stm32f4xx_hal_cortex.o
                                                  build/usart.o
HAL_NVIC_GetActive                                build/stm32f4xx_hal_cortex.o
HAL_NVIC_GetPendingIRQ                            build/stm32f4xx_hal_cortex.o
HAL_NVIC_GetPriority                              build/stm32f4xx_hal_cortex.o
HAL_NVIC_GetPriorityGrouping                      build/stm32f4xx_hal_cortex.o
HAL_NVIC_SetPendingIRQ                            build/stm32f4xx_hal_cortex.o
HAL_NVIC_SetPriority                              build/stm32f4xx_hal_cortex.o
                                                  build/stm32f4xx_hal.o
                                                  build/usart.o
HAL_NVIC_SetPriorityGrouping                      build/stm32f4xx_hal_cortex.o
                                                  build/stm32f4xx_hal.o
HAL_NVIC_SystemReset                              build/stm32f4xx_hal_cortex.o
HAL_PWREx_ControlVoltageScaling                   build/stm32f4xx_hal_pwr_ex.o
HAL_PWREx_DisableBkUpReg                          build/stm32f4xx_hal_pwr_ex.o
HAL_PWREx_DisableFlashPowerDown                   build/stm32f4xx_hal_pwr_ex.o
HAL_PWREx_DisableOverDrive                        build/stm32f4xx_hal_pwr_ex.o
HAL_PWREx_EnableBkUpReg                           build/stm32f4xx_hal_pwr_ex.o
HAL_PWREx_EnableFlashPowerDown                    build/stm32f4xx_hal_pwr_ex.o
HAL_PWREx_EnableOverDrive                         build/stm32f4xx_hal_pwr_ex.o
                                                  build/sys.o
                                                  build/board.o
HAL_PWREx_EnterUnderDriveSTOPMode                 build/stm32f4xx_hal_pwr_ex.o
HAL_PWREx_GetVoltageRange                         build/stm32f4xx_hal_pwr_ex.o
HAL_PWR_ConfigPVD                                 build/stm32f4xx_hal_pwr.o
HAL_PWR_DeInit                                    build/stm32f4xx_hal_pwr.o
HAL_PWR_DisableBkUpAccess                         build/stm32f4xx_hal_pwr.o
HAL_PWR_DisablePVD                                build/stm32f4xx_hal_pwr.o
HAL_PWR_DisableSEVOnPend                          build/stm32f4xx_hal_pwr.o
HAL_PWR_DisableSleepOnExit                        build/stm32f4xx_hal_pwr.o
HAL_PWR_DisableWakeUpPin                          build/stm32f4xx_hal_pwr.o
HAL_PWR_EnableBkUpAccess                          build/stm32f4xx_hal_pwr.o
HAL_PWR_EnablePVD                                 build/stm32f4xx_hal_pwr.o
HAL_PWR_EnableSEVOnPend                           build/stm32f4xx_hal_pwr.o
HAL_PWR_EnableSleepOnExit                         build/stm32f4xx_hal_pwr.o
HAL_PWR_EnableWakeUpPin                           build/stm32f4xx_hal_pwr.o
HAL_PWR_EnterSLEEPMode                            build/stm32f4xx_hal_pwr.o
HAL_PWR_EnterSTANDBYMode                          build/stm32f4xx_hal_pwr.o
HAL_PWR_EnterSTOPMode                             build/stm32f4xx_hal_pwr.o
HAL_PWR_PVDCallback                               build/stm32f4xx_hal_pwr.o
HAL_PWR_PVD_IRQHandler                            build/stm32f4xx_hal_pwr.o